--------- beginning of /dev/log/main
10-15 15:40:04.609 D/AndroidRuntime(14517): 
10-15 15:40:04.609 D/AndroidRuntime(14517): >>>>>> AndroidRuntime START com.android.internal.os.RuntimeInit <<<<<<
10-15 15:40:04.609 D/AndroidRuntime(14517): CheckJNI is OFF
10-15 15:40:04.609 D/AndroidRuntime(14517): setted country_code = Hong Kong
10-15 15:40:04.609 D/AndroidRuntime(14517): setted sales_code = TGY
10-15 15:40:04.609 D/AndroidRuntime(14517): readGMSProperty: start
10-15 15:40:04.609 D/AndroidRuntime(14517): readGMSProperty: already setted!!
10-15 15:40:04.609 D/AndroidRuntime(14517): readGMSProperty: end
10-15 15:40:04.619 D/dalvikvm(14517): Trying to load lib libjavacore.so 0x0
10-15 15:40:04.619 D/dalvikvm(14517): Added shared lib libjavacore.so 0x0
10-15 15:40:04.624 D/dalvikvm(14517): Trying to load lib libnativehelper.so 0x0
10-15 15:40:04.624 D/dalvikvm(14517): Added shared lib libnativehelper.so 0x0
10-15 15:40:04.784 D/dalvikvm(14517): Note: class Landroid/app/ActivityManagerNative; has 155 unimplemented (abstract) methods
10-15 15:40:04.814 D/AndroidRuntime(14517): Calling main entry com.android.commands.am.Am
10-15 15:40:04.849 D/AndroidRuntime(14517): Shutting down VM
10-15 15:40:04.854 I/AndroidRuntime(14517): NOTE: attach of thread 'Binder_3' failed
10-15 15:40:04.854 D/dalvikvm(14517): GC_CONCURRENT freed 99K, 87% free 557K/4096K, paused 0ms+0ms, total 3ms
10-15 15:40:04.949 D/dalvikvm( 2007): GC_CONCURRENT freed 1861K, 53% free 28828K/60615K, paused 13ms+9ms, total 85ms
10-15 15:40:04.954 D/KeyguardViewMediator( 2007): handleTimeout
10-15 15:40:05.299 D/AndroidRuntime(14528): 
10-15 15:40:05.299 D/AndroidRuntime(14528): >>>>>> AndroidRuntime START com.android.internal.os.RuntimeInit <<<<<<
10-15 15:40:05.299 D/AndroidRuntime(14528): CheckJNI is OFF
10-15 15:40:05.299 D/AndroidRuntime(14528): setted country_code = Hong Kong
10-15 15:40:05.304 D/AndroidRuntime(14528): setted sales_code = TGY
10-15 15:40:05.309 D/AndroidRuntime(14528): readGMSProperty: start
10-15 15:40:05.309 D/AndroidRuntime(14528): readGMSProperty: already setted!!
10-15 15:40:05.309 D/AndroidRuntime(14528): readGMSProperty: end
10-15 15:40:05.319 D/dalvikvm(14528): Trying to load lib libjavacore.so 0x0
10-15 15:40:05.324 D/dalvikvm(14528): Added shared lib libjavacore.so 0x0
10-15 15:40:05.334 D/dalvikvm(14528): Trying to load lib libnativehelper.so 0x0
10-15 15:40:05.334 D/dalvikvm(14528): Added shared lib libnativehelper.so 0x0
10-15 15:40:05.509 D/dalvikvm(14528): Note: class Landroid/app/ActivityManagerNative; has 155 unimplemented (abstract) methods
10-15 15:40:05.539 D/AndroidRuntime(14528): Calling main entry com.android.commands.am.Am
10-15 15:40:05.584 I/power   ( 2007): *** acquire_dvfs_lock : lockType : 1  freq : 1000000 
--------- beginning of /dev/log/system
10-15 15:40:05.584 D/PowerManagerService( 2007): acquireDVFSLockLocked : type : DVFS_MIN_LIMIT  frequency : 1000000  uid : 1000  pid : 2007  tag : ActivityManager
10-15 15:40:05.584 W/ActivityManager( 2007): mDVFSLock.acquire()
10-15 15:40:05.589 D/Launcher.HomeFragment( 2324): onPause
10-15 15:40:05.589 D/Launcher( 2324): onPause, Launcher: 1114724352
10-15 15:40:05.594 I/SurfaceFlinger( 1721): id=340(53) createSurf 0x40ddbaf4 (1x1),2 flag=400, ruad
10-15 15:40:05.599 D/KeyguardViewMediator( 2007): setHidden false
10-15 15:40:05.609 I/dalvikvm(14539): Turning on JNI app bug workarounds for target SDK version 9...
10-15 15:40:05.624 D/Launcher( 2324): onTrimMemory. Level: 20
10-15 15:40:05.624 D/WindowManager( 2007): PhoneWindowManager: focusChangedLw
10-15 15:40:05.624 D/KeyguardViewMediator( 2007): setHidden false
10-15 15:40:05.624 D/WindowManager( 2007): mInputFocus is not null.
10-15 15:40:05.629 D/KeyguardViewMediator( 2007): setHidden false
10-15 15:40:05.629 D/WindowManager( 2007): mInputFocus is not null.
10-15 15:40:05.634 D/WindowManager( 2007): mInputFocus is not null.
10-15 15:40:05.634 D/WindowManager( 2007): mInputFocus is not null.
10-15 15:40:05.659 D/KeyguardViewMediator( 2007): setHidden false
10-15 15:40:05.664 D/WindowManager( 2007): mInputFocus is not null.
10-15 15:40:05.664 D/WindowManager( 2007): mInputFocus is not null.
10-15 15:40:05.664 D/WindowManager( 2007): mInputFocus is not null.
10-15 15:40:05.674 D/KeyguardViewMediator( 2007): setHidden false
10-15 15:40:05.674 D/KeyguardViewMediator( 2007): setHidden false
10-15 15:40:05.674 D/WindowManager( 2007): mInputFocus is not null.
10-15 15:40:05.674 D/WindowManager( 2007): mInputFocus is not null.
10-15 15:40:05.684 D/KeyguardViewMediator( 2007): setHidden false
10-15 15:40:05.684 D/WindowManager( 2007): mInputFocus is not null.
10-15 15:40:05.739 D/KeyguardViewMediator( 2007): setHidden false
10-15 15:40:05.739 D/dalvikvm(14539): GC_CONCURRENT freed 152K, 5% free 12487K/13127K, paused 13ms+2ms, total 38ms
10-15 15:40:05.739 D/dalvikvm(14539): WAIT_FOR_CONCURRENT_GC blocked 8ms
10-15 15:40:05.739 D/WindowManager( 2007): mInputFocus is not null.
10-15 15:40:05.739 D/WindowManager( 2007): mInputFocus is not null.
10-15 15:40:05.759 I/ActivityThread(14539): Pub com.quad.statistic: com.quad.db.provider.imp.StatisticProvider
10-15 15:40:05.759 I/ActivityThread(14539): Pub com.quad.user: com.quad.db.provider.imp.UserContentProvider
10-15 15:40:05.759 I/ActivityThread(14539): Pub com.quad.account: com.quad.db.provider.imp.AccountContentProvider
10-15 15:40:05.769 D/dalvikvm(14539): Trying to load lib /data/data/com.quad/lib/libstlport_shared.so 0x426ebad0
10-15 15:40:05.769 D/dalvikvm(14539): Added shared lib /data/data/com.quad/lib/libstlport_shared.so 0x426ebad0
10-15 15:40:05.769 D/dalvikvm(14539): No JNI_OnLoad found in /data/data/com.quad/lib/libstlport_shared.so 0x426ebad0, skipping init
10-15 15:40:05.769 D/dalvikvm(14539): Trying to load lib /data/data/com.quad/lib/libsqlcipher_android.so 0x426ebad0
10-15 15:40:05.769 D/dalvikvm(14539): Added shared lib /data/data/com.quad/lib/libsqlcipher_android.so 0x426ebad0
10-15 15:40:05.769 D/dalvikvm(14539): No JNI_OnLoad found in /data/data/com.quad/lib/libsqlcipher_android.so 0x426ebad0, skipping init
10-15 15:40:05.769 D/dalvikvm(14539): Trying to load lib /data/data/com.quad/lib/libdatabase_sqlcipher.so 0x426ebad0
10-15 15:40:05.774 D/dalvikvm(14539): Added shared lib /data/data/com.quad/lib/libdatabase_sqlcipher.so 0x426ebad0
10-15 15:40:05.774 I/Database(14539): JNI_OnLoad called
10-15 15:40:05.774 I/Database(14539): JNI_OnLoad register methods 
10-15 15:40:05.894 D/dalvikvm(14539): GC_CONCURRENT freed 275K, 6% free 12748K/13511K, paused 12ms+3ms, total 29ms
10-15 15:40:05.894 D/dalvikvm(14539): WAIT_FOR_CONCURRENT_GC blocked 7ms
10-15 15:40:05.904 D/dalvikvm(14539): WAIT_FOR_CONCURRENT_GC blocked 14ms
10-15 15:40:05.964 D/STATUSBAR-NetworkController( 2126): refreshSignalCluster: data=-1 bt=false
10-15 15:40:05.969 D/dalvikvm(14539): GC_CONCURRENT freed 391K, 7% free 12888K/13767K, paused 12ms+2ms, total 39ms
10-15 15:40:05.969 D/dalvikvm(14539): WAIT_FOR_CONCURRENT_GC blocked 5ms
10-15 15:40:06.014 D/KeyguardViewMediator( 2007): setHidden false
10-15 15:40:06.014 I/SurfaceFlinger( 1721): id=339 Removed Mauncher idx=2 MapSz=6
10-15 15:40:06.014 I/SurfaceFlinger( 1721): id=339 Removed Mauncher idx=-2 MapSz=6
10-15 15:40:06.014 D/KeyguardViewMediator( 2007): setHidden false
10-15 15:40:06.014 D/WindowManager( 2007): mInputFocus is not null.
10-15 15:40:06.014 D/WindowManager( 2007): mInputFocus is not null.
10-15 15:40:06.019 D/dalvikvm(14539): GC_CONCURRENT freed 333K, 6% free 13074K/13895K, paused 1ms+2ms, total 21ms
10-15 15:40:06.019 D/dalvikvm(14539): WAIT_FOR_CONCURRENT_GC blocked 9ms
10-15 15:40:06.084 D/dalvikvm(14539): GC_CONCURRENT freed 366K, 7% free 13171K/14087K, paused 12ms+2ms, total 35ms
10-15 15:40:06.109 D/FiksuTracking(14539): ForegroundTester thread started, process: 14539
10-15 15:40:06.139 D/dalvikvm(14539): GC_FOR_ALLOC freed 242K, 6% free 13265K/14087K, paused 14ms, total 15ms
10-15 15:40:06.144 I/dalvikvm-heap(14539): Grow heap (frag case) to 16.946MB for 3686416-byte allocation
10-15 15:40:06.159 D/dalvikvm(14539): GC_CONCURRENT freed 1K, 5% free 16864K/17735K, paused 1ms+1ms, total 16ms
10-15 15:40:06.229 D/ProgressBar(14539): setProgress = 0
10-15 15:40:06.229 D/ProgressBar(14539): setProgress = 0, fromUser = false
10-15 15:40:06.229 D/ProgressBar(14539): mProgress = 0mIndeterminate = false, mMin = 0, mMax = 100
10-15 15:40:06.249 D/KeyguardViewMediator( 2007): setHidden false
10-15 15:40:06.249 D/PowerManagerService( 2007): acquireDVFSLockLocked : type : DVFS_MIN_LIMIT  frequency : 1000000  uid : 1000  pid : 2007  tag : ActivityManager
10-15 15:40:06.249 W/ActivityManager( 2007): mDVFSLock.acquire()
10-15 15:40:06.249 D/WindowManager( 2007): mInputFocus is not null.
10-15 15:40:06.254 I/System.out(14539): from=200300101
10-15 15:40:06.254 D/WindowManager( 2007): mInputFocus is not null.
10-15 15:40:06.259 D/KeyguardViewMediator( 2007): setHidden false
10-15 15:40:06.259 D/WindowManager( 2007): mInputFocus is not null.
10-15 15:40:06.259 D/WindowManager( 2007): mInputFocus is not null.
10-15 15:40:06.269 D/KeyguardViewMediator( 2007): setHidden false
10-15 15:40:06.269 D/WindowManager( 2007): mInputFocus is not null.
10-15 15:40:06.269 D/WindowManager( 2007): mInputFocus is not null.
10-15 15:40:06.274 D/KeyguardViewMediator( 2007): setHidden false
10-15 15:40:06.274 D/dalvikvm(14539): Trying to load lib /data/data/com.quad/lib/libmosq.so 0x426ebad0
10-15 15:40:06.274 D/dalvikvm(14539): Added shared lib /data/data/com.quad/lib/libmosq.so 0x426ebad0
10-15 15:40:06.274 D/KeyguardViewMediator( 2007): setHidden false
10-15 15:40:06.274 D/WindowManager( 2007): mInputFocus is not null.
10-15 15:40:06.274 D/WindowManager( 2007): mInputFocus is not null.
10-15 15:40:06.274 D/WindowManager( 2007): mInputFocus is not null.
10-15 15:40:06.279 D/dalvikvm( 2007): WAIT_FOR_CONCURRENT_GC blocked 0ms
10-15 15:40:06.394 D/dalvikvm( 2007): GC_EXPLICIT freed 323K, 53% free 28684K/60615K, paused 3ms+10ms, total 116ms
10-15 15:40:06.419 D/ProgressBar(14539): setProgress = 0
10-15 15:40:06.419 D/ProgressBar(14539): setProgress = 0, fromUser = false
10-15 15:40:06.419 D/ProgressBar(14539): mProgress = 0mIndeterminate = false, mMin = 0, mMax = 100
10-15 15:40:06.424 D/ProgressBar(14539): setProgress = 0
10-15 15:40:06.424 D/ProgressBar(14539): setProgress = 0, fromUser = false
10-15 15:40:06.424 D/ProgressBar(14539): mProgress = 0mIndeterminate = false, mMin = 0, mMax = 100
10-15 15:40:06.514 D/dalvikvm(14539): GC_CONCURRENT freed 618K, 6% free 17845K/18951K, paused 3ms+2ms, total 25ms
10-15 15:40:06.514 D/dalvikvm(14539): WAIT_FOR_CONCURRENT_GC blocked 8ms
10-15 15:40:06.519 D/dalvikvm(14539): WAIT_FOR_CONCURRENT_GC blocked 14ms
10-15 15:40:06.539 D/AbsListView(14539): Get MotionRecognitionManager
10-15 15:40:06.539 D/MotionRecognitionService( 2007):  ssp status : false
10-15 15:40:06.584 I/power   ( 2007): *** release_dvfs_lock : lockType : 1 
10-15 15:40:06.584 D/PowerManagerService( 2007): releaseDVFSLockLocked : all DVFS_MIN_LIMIT are released 
10-15 15:40:06.584 W/ActivityManager( 2007): mDVFSLock.release()
10-15 15:40:06.584 E/ActivityThread(14539): Failed to find provider info for com.facebook.katana.provider.AttributionIdProvider
10-15 15:40:06.594 D/WindowManager( 2007): mInputFocus is not null.
10-15 15:40:06.624 I/jni     (14539): result: 0
10-15 15:40:06.629 I/SurfaceFlinger( 1721): id=341(1) createSurf 0x41037fb4 (1x1),2 flag=400, NainActivit
10-15 15:40:06.629 D/WindowManager( 2007): PhoneWindowManager: focusChangedLw
10-15 15:40:06.629 D/WindowManager( 2007): PhoneWindowManager: focusChangedLw: Call setFocusedWindow()
10-15 15:40:06.629 D/SPenGesture( 2007): SpenGestureView: setFocusedWindow
10-15 15:40:06.629 D/STATUSBAR-StatusBarManagerService( 2007): setSystemUiVisibility(0x0)
10-15 15:40:06.629 D/STATUSBAR-StatusBarManagerService( 2007): manageDisableList what=0x0 pkg=WindowManager.LayoutParams
10-15 15:40:06.634 D/KeyguardViewMediator( 2007): setHidden false
10-15 15:40:06.694 D/UiAutomatorBridge(14498): EventType: TYPE_VIEW_FOCUSED; EventTime: 19892518; PackageName: com.quad; MovementGranularity: 0; Action: 0 [ ClassName: android.widget.ListView; Text: []; ContentDescription: null; ItemCount: 3; CurrentItemIndex: -1; IsEnabled: true; IsPassword: false; IsChecked: false; IsFullScreen: false; Scrollable: false; BeforeText: null; FromIndex: 0; ToIndex: 2; ScrollX: -1; ScrollY: -1; MaxScrollX: -1; MaxScrollY: -1; AddedCount: -1; RemovedCount: -1; ParcelableData: null ]; recordCount: 0
10-15 15:40:06.729 D/dalvikvm(14539): WAIT_FOR_CONCURRENT_GC blocked 0ms
10-15 15:40:06.749 D/KeyguardViewMediator( 2007): setHidden false
10-15 15:40:06.759 D/UiAutomatorBridge(14498): EventType: TYPE_WINDOW_STATE_CHANGED; EventTime: 19892585; PackageName: com.quad; MovementGranularity: 0; Action: 0 [ ClassName: com.quad.main.MainActivity; Text: [QUAD]; ContentDescription: null; ItemCount: -1; CurrentItemIndex: -1; IsEnabled: true; IsPassword: false; IsChecked: false; IsFullScreen: true; Scrollable: false; BeforeText: null; FromIndex: -1; ToIndex: -1; ScrollX: -1; ScrollY: -1; MaxScrollX: -1; MaxScrollY: -1; AddedCount: -1; RemovedCount: -1; ParcelableData: null ]; recordCount: 0
10-15 15:40:06.759 D/UiAutomatorBridge(14498): EventType: TYPE_WINDOW_CONTENT_CHANGED; EventTime: 19892586; PackageName: com.quad; MovementGranularity: 0; Action: 0 [ ClassName: android.widget.FrameLayout; Text: []; ContentDescription: null; ItemCount: -1; CurrentItemIndex: -1; IsEnabled: true; IsPassword: false; IsChecked: false; IsFullScreen: false; Scrollable: false; BeforeText: null; FromIndex: -1; ToIndex: -1; ScrollX: -1; ScrollY: -1; MaxScrollX: -1; MaxScrollY: -1; AddedCount: -1; RemovedCount: -1; ParcelableData: null ]; recordCount: 0
10-15 15:40:06.759 D/UiAutomatorBridge(14498): EventType: TYPE_VIEW_SCROLLED; EventTime: 19892587; PackageName: com.quad; MovementGranularity: 0; Action: 0 [ ClassName: android.widget.ListView; Text: []; ContentDescription: null; ItemCount: 3; CurrentItemIndex: -1; IsEnabled: true; IsPassword: false; IsChecked: false; IsFullScreen: false; Scrollable: false; BeforeText: null; FromIndex: 0; ToIndex: 2; ScrollX: -1; ScrollY: -1; MaxScrollX: -1; MaxScrollY: -1; AddedCount: -1; RemovedCount: -1; ParcelableData: null ]; recordCount: 0
10-15 15:40:06.769 D/KeyguardViewMediator( 2007): setHidden false
10-15 15:40:06.769 D/AndroidRuntime(14528): Shutting down VM
10-15 15:40:06.769 D/KeyguardViewMediator( 2007): setHidden false
10-15 15:40:06.774 D/dalvikvm(14528): GC_CONCURRENT freed 103K, 86% free 596K/4096K, paused 0ms+1ms, total 3ms
10-15 15:40:06.779 I/AndroidRuntime(14528): NOTE: attach of thread 'Binder_3' failed
10-15 15:40:06.799 D/dalvikvm(14539): GC_EXPLICIT freed 422K, 5% free 18604K/19527K, paused 10ms+13ms, total 70ms
10-15 15:40:06.824 D/Launcher.HomeFragment( 2324): onStop
10-15 15:40:06.824 D/Launcher( 2324): onStop, Launcher: 1114724352
10-15 15:40:06.899 D/UiAutomatorBridge(14498): EventType: TYPE_WINDOW_CONTENT_CHANGED; EventTime: 19892725; PackageName: com.quad; MovementGranularity: 0; Action: 0 [ ClassName: android.widget.FrameLayout; Text: []; ContentDescription: null; ItemCount: -1; CurrentItemIndex: -1; IsEnabled: true; IsPassword: false; IsChecked: false; IsFullScreen: false; Scrollable: false; BeforeText: null; FromIndex: -1; ToIndex: -1; ScrollX: -1; ScrollY: -1; MaxScrollX: -1; MaxScrollY: -1; AddedCount: -1; RemovedCount: -1; ParcelableData: null ]; recordCount: 0
10-15 15:40:06.969 D/STATUSBAR-NetworkController( 2126): refreshSignalCluster: data=-1 bt=false
10-15 15:40:06.979 D/KeyguardViewMediator( 2007): setHidden false
10-15 15:40:06.984 I/SurfaceFlinger( 1721): id=340 Removed ruad idx=3 MapSz=6
10-15 15:40:06.984 I/SurfaceFlinger( 1721): id=340 Removed ruad idx=-2 MapSz=6
10-15 15:40:06.989 D/KeyguardViewMediator( 2007): setHidden false
10-15 15:40:06.989 D/KeyguardViewMediator( 2007): setHidden false
10-15 15:40:07.394 I/ActivityThread(14586): Pub downloads: com.android.providers.downloads.DownloadProvider
10-15 15:40:07.414 I/ActivityThread(14586): Pub drm: com.android.providers.drm.DrmProvider
10-15 15:40:07.419 I/ActivityThread(14586): Pub sisodownloads: com.sec.android.providers.downloads.SecDownloadProvider
10-15 15:40:07.424 I/ActivityThread(14586): Pub media: com.android.providers.media.MediaProvider
10-15 15:40:07.434 D/ContentApp(14586): ContentApp()
10-15 15:40:07.439 D/ContentApp(14586): sys.deviceOffReq = 0
10-15 15:40:07.439 D/ContentApp(14586): create cache if media mounted.. media : mounted
10-15 15:40:07.464 D/facerecognition(14586): FR_FileOpen /storage/sdcard0/.face/facedata=55
10-15 15:40:07.464 D/facerecognition(14586): FR_FileOpen /data/data/com.android.providers.media/face/facedata=56
10-15 15:40:07.464 D/MediaProvider(14586): new PersonDataBaseHelper()
10-15 15:40:07.469 D/MediaScanner(14586): Scanner initMutex res = 0
10-15 15:40:07.519 D/MtpService(14586): addStorageLocked 65537 /storage/sdcard0
10-15 15:40:07.539 D/MtpService(14586): starting MTP server in MTP mode
10-15 15:40:07.574 D/MediaScanner(14586): MediaScanner - mSkipList ()
10-15 15:40:07.574 D/MediaScanner(14586): Constructor set externalStorageSdPath : /storage/extSdCard
10-15 15:40:07.574 E/MtpServerJNI(14586): could not open MTP driver, errno: 2
10-15 15:40:07.574 D/MtpService(14586): addStorageLocked 65537 /storage/sdcard0
10-15 15:40:07.574 E/MtpServerJNI(14586): server is null in add_storage
10-15 15:40:07.574 E/MtpServerJNI(14586): server is null in run
10-15 15:40:07.574 E/MtpServerJNI(14586): server is null in cleanup
10-15 15:40:07.584 D/STATUSBAR-NotificationService( 2007): cancelAllNotifications()
10-15 15:40:08.974 D/STATUSBAR-NetworkController( 2126): refreshSignalCluster: data=-1 bt=false
10-15 15:40:10.049 D/STATUSBAR-NetworkController( 2126): refreshSignalCluster: data=-1 bt=false
10-15 15:40:11.054 D/STATUSBAR-NetworkController( 2126): refreshSignalCluster: data=-1 bt=false
10-15 15:40:12.064 D/STATUSBAR-NetworkController( 2126): refreshSignalCluster: data=-1 bt=false
10-15 15:40:13.089 D/STATUSBAR-NetworkController( 2126): refreshSignalCluster: data=-1 bt=false
10-15 15:40:14.104 D/STATUSBAR-NetworkController( 2126): refreshSignalCluster: data=-1 bt=false
10-15 15:40:17.144 D/FiksuTracking(14539): Event: Launch
10-15 15:40:17.149 E/ActivityThread(14539): Failed to find provider info for com.facebook.katana.provider.AttributionIdProvider
10-15 15:40:17.969 D/dalvikvm(13879): GC_CONCURRENT freed 540K, 8% free 13106K/14151K, paused 13ms+14ms, total 49ms
10-15 15:40:18.034 I/power   ( 2007): *** acquire_dvfs_lock : lockType : 1  freq : 1400000 
10-15 15:40:18.034 W/PowerManagerService( 2007): Timer 0x3->0x1|0x0
10-15 15:40:18.034 I/PowerManagerService( 2007): Ulight 0x3->0x1|0x0
10-15 15:40:18.034 D/PowerManagerService( 2007): acquireDVFSLockLocked : type : DVFS_MIN_LIMIT  frequency : 1400000  uid : 1000  pid : 2007  tag : AMOLED_Animation
10-15 15:40:18.039 D/lights  ( 2007): LCD : 70 +
10-15 15:40:18.039 D/lights  ( 2007): LCD : 70 -
10-15 15:40:18.039 D/lights  ( 2007): LCD : 69 +
10-15 15:40:18.059 D/lights  ( 2007): LCD : 69 -
10-15 15:40:18.059 D/lights  ( 2007): LCD : 63 +
10-15 15:40:18.059 D/lights  ( 2007): LCD : 63 -
10-15 15:40:18.064 D/lights  ( 2007): LCD : 62 +
10-15 15:40:18.064 D/lights  ( 2007): LCD : 62 -
10-15 15:40:18.064 D/lights  ( 2007): LCD : 61 +
10-15 15:40:18.064 D/lights  ( 2007): LCD : 61 -
10-15 15:40:18.069 D/lights  ( 2007): LCD : 60 +
10-15 15:40:18.069 D/lights  ( 2007): LCD : 60 -
10-15 15:40:18.074 D/lights  ( 2007): LCD : 59 +
10-15 15:40:18.074 D/lights  ( 2007): LCD : 59 -
10-15 15:40:18.079 D/Finsky  (13879): [1] 5.onFinished: Installation state replication succeeded.
10-15 15:40:18.089 D/lights  ( 2007): LCD : 58 +
10-15 15:40:18.089 D/lights  ( 2007): LCD : 58 -
10-15 15:40:18.109 D/lights  ( 2007): LCD : 53 +
10-15 15:40:18.109 D/lights  ( 2007): LCD : 53 -
10-15 15:40:18.119 D/STATUSBAR-NetworkController( 2126): refreshSignalCluster: data=-1 bt=false
10-15 15:40:18.124 D/lights  ( 2007): LCD : 47 +
10-15 15:40:18.129 D/lights  ( 2007): LCD : 47 -
10-15 15:40:18.144 D/lights  ( 2007): LCD : 41 +
10-15 15:40:18.144 D/lights  ( 2007): LCD : 41 -
10-15 15:40:18.164 D/lights  ( 2007): LCD : 36 +
10-15 15:40:18.164 D/lights  ( 2007): LCD : 36 -
10-15 15:40:18.184 D/lights  ( 2007): LCD : 30 +
10-15 15:40:18.184 D/lights  ( 2007): LCD : 30 -
10-15 15:40:18.184 I/power   ( 2007): *** release_dvfs_lock : lockType : 1 
10-15 15:40:18.184 I/PowerManagerService( 2007): Light Animator Finished currentValue=30
10-15 15:40:18.184 D/PowerManagerService( 2007): releaseDVFSLockLocked : all DVFS_MIN_LIMIT are released 
10-15 15:40:18.644 D/InteractionController(14498): click (100, 1230)
10-15 15:40:18.644 I/InputDispatcher( 2007): Delivering touch to current input target: action: 0x0
10-15 15:40:18.649 I/InputDispatcher( 2007): Delivering touch to current input target: action: 0x0
10-15 15:40:18.649 I/InputDispatcher( 2007): Delivering touch to current input target: action: 0x0
10-15 15:40:18.649 I/InputDispatcher( 2007): Delivering touch to current input target: action: 0x0
10-15 15:40:18.649 I/InputDispatcher( 2007): Delivering touch to current input target: action: 0x0
10-15 15:40:18.649 I/power   ( 2007): *** acquire_dvfs_lock : lockType : 1  freq : 1400000 
10-15 15:40:18.649 D/PowerManagerService( 2007): reactivateScreenLocksLocked mProxIgnoredBecauseScreenTurnedOff=false
10-15 15:40:18.649 I/PowerManagerService( 2007): Ulight 0x1->0x3|0x0
10-15 15:40:18.649 D/PowerManagerService( 2007): acquireDVFSLockLocked : type : DVFS_MIN_LIMIT  frequency : 1400000  uid : 1000  pid : 2007  tag : AMOLED_Animation
10-15 15:40:18.654 D/lights  ( 2007): LCD : 31 +
10-15 15:40:18.654 D/lights  ( 2007): LCD : 31 -
10-15 15:40:18.654 D/lights  ( 2007): LCD : 32 +
10-15 15:40:18.654 D/lights  ( 2007): LCD : 32 -
10-15 15:40:18.659 D/lights  ( 2007): LCD : 33 +
10-15 15:40:18.659 D/lights  ( 2007): LCD : 33 -
10-15 15:40:18.674 D/lights  ( 2007): LCD : 32 +
10-15 15:40:18.674 D/lights  ( 2007): LCD : 32 -
10-15 15:40:18.694 D/lights  ( 2007): LCD : 36 +
10-15 15:40:18.694 D/lights  ( 2007): LCD : 36 -
10-15 15:40:18.709 D/lights  ( 2007): LCD : 41 +
10-15 15:40:18.719 D/lights  ( 2007): LCD : 41 -
10-15 15:40:18.739 D/lights  ( 2007): LCD : 48 +
10-15 15:40:18.739 D/lights  ( 2007): LCD : 48 -
10-15 15:40:18.754 D/lights  ( 2007): LCD : 52 +
10-15 15:40:18.754 D/lights  ( 2007): LCD : 52 -
10-15 15:40:18.759 I/InputDispatcher( 2007): Delivering touch to current input target: action: 0x1
10-15 15:40:18.759 I/InputDispatcher( 2007): Delivering touch to current input target: action: 0x1
10-15 15:40:18.759 I/InputDispatcher( 2007): Delivering touch to current input target: action: 0x1
10-15 15:40:18.759 I/InputDispatcher( 2007): Delivering touch to current input target: action: 0x1
10-15 15:40:18.759 I/InputDispatcher( 2007): Delivering touch to current input target: action: 0x1
10-15 15:40:18.759 D/UiAutomatorBridge(14498): EventType: TYPE_VIEW_CLICKED; EventTime: 19904587; PackageName: com.quad; MovementGranularity: 0; Action: 0 [ ClassName: android.widget.RelativeLayout; Text: [common_buttom_bar_icon, Messages]; ContentDescription: null; ItemCount: -1; CurrentItemIndex: -1; IsEnabled: true; IsPassword: false; IsChecked: false; IsFullScreen: false; Scrollable: false; BeforeText: null; FromIndex: -1; ToIndex: -1; ScrollX: -1; ScrollY: -1; MaxScrollX: -1; MaxScrollY: -1; AddedCount: -1; RemovedCount: -1; ParcelableData: null ]; recordCount: 0
10-15 15:40:18.774 D/lights  ( 2007): LCD : 57 +
10-15 15:40:18.774 D/lights  ( 2007): LCD : 57 -
10-15 15:40:18.789 D/lights  ( 2007): LCD : 61 +
10-15 15:40:18.809 D/lights  ( 2007): LCD : 61 -
10-15 15:40:18.809 D/lights  ( 2007): LCD : 70 +
10-15 15:40:18.824 D/lights  ( 2007): LCD : 70 -
10-15 15:40:18.829 D/lights  ( 2007): LCD : 71 +
10-15 15:40:18.829 D/lights  ( 2007): LCD : 71 -
10-15 15:40:18.829 I/power   ( 2007): *** release_dvfs_lock : lockType : 1 
10-15 15:40:18.829 I/PowerManagerService( 2007): Light Animator Finished currentValue=71
10-15 15:40:18.829 D/PowerManagerService( 2007): releaseDVFSLockLocked : all DVFS_MIN_LIMIT are released 
10-15 15:40:19.074 D/FiksuTracking(14539): Successfully uploaded tracking information.
10-15 15:40:19.374 I/QueryController(14498): Matched selector: UiSelector[CLASS=android.widget.ListView, INSTANCE=0, CHILD=UiSelector[CLASS=android.widget.RelativeLayout, INSTANCE=1]] <<==>> [android.view.accessibility.AccessibilityNodeInfo@106b8; boundsInParent: Rect(0, 0 - 102, 102); boundsInScreen: Rect(24, 243 - 126, 345); packageName: com.quad; className: android.widget.RelativeLayout; text: null; contentDescription: null; checkable: false; checked: false; focusable: false; focused: false; selected: false; clickable: false; longClickable: false; enabled: true; password: false; scrollable: false; [ACTION_SELECT, ACTION_CLEAR_SELECTION, ACTION_ACCESSIBILITY_FOCUS]]
10-15 15:40:19.399 I/QueryController(14498): Matched selector: UiSelector[CLASS=android.widget.ListView, INSTANCE=0, CHILD=UiSelector[CLASS=android.widget.RelativeLayout, INSTANCE=1]] <<==>> [android.view.accessibility.AccessibilityNodeInfo@106b8; boundsInParent: Rect(0, 0 - 102, 102); boundsInScreen: Rect(24, 243 - 126, 345); packageName: com.quad; className: android.widget.RelativeLayout; text: null; contentDescription: null; checkable: false; checked: false; focusable: false; focused: false; selected: false; clickable: false; longClickable: false; enabled: true; password: false; scrollable: false; [ACTION_SELECT, ACTION_CLEAR_SELECTION, ACTION_ACCESSIBILITY_FOCUS]]
10-15 15:40:19.399 I/InputDispatcher( 2007): Delivering touch to current input target: action: 0x0
10-15 15:40:19.399 I/InputDispatcher( 2007): Delivering touch to current input target: action: 0x0
10-15 15:40:19.399 I/InputDispatcher( 2007): Delivering touch to current input target: action: 0x0
10-15 15:40:19.399 I/InputDispatcher( 2007): Delivering touch to current input target: action: 0x0
10-15 15:40:19.399 I/InputDispatcher( 2007): Delivering touch to current input target: action: 0x0
10-15 15:40:19.509 I/InputDispatcher( 2007): Delivering touch to current input target: action: 0x1
10-15 15:40:19.509 I/InputDispatcher( 2007): Delivering touch to current input target: action: 0x1
10-15 15:40:19.509 I/InputDispatcher( 2007): Delivering touch to current input target: action: 0x1
10-15 15:40:19.509 I/InputDispatcher( 2007): Delivering touch to current input target: action: 0x1
10-15 15:40:19.509 I/InputDispatcher( 2007): Delivering touch to current input target: action: 0x1
10-15 15:40:19.584 D/UiAutomatorBridge(14498): EventType: TYPE_VIEW_CLICKED; EventTime: 19905410; PackageName: com.quad; MovementGranularity: 0; Action: 0 [ ClassName: android.widget.RelativeLayout; Text: [ï¼ï¼›ï¼Œ~ , 10:46, You changed quad profile.]; ContentDescription: null; ItemCount: -1; CurrentItemIndex: -1; IsEnabled: true; IsPassword: false; IsChecked: false; IsFullScreen: false; Scrollable: false; BeforeText: null; FromIndex: -1; ToIndex: -1; ScrollX: -1; ScrollY: -1; MaxScrollX: -1; MaxScrollY: -1; AddedCount: -1; RemovedCount: -1; ParcelableData: null ]; recordCount: 1
10-15 15:40:19.599 I/power   ( 2007): *** acquire_dvfs_lock : lockType : 1  freq : 1000000 
10-15 15:40:19.599 D/PowerManagerService( 2007): acquireDVFSLockLocked : type : DVFS_MIN_LIMIT  frequency : 1000000  uid : 1000  pid : 2007  tag : ActivityManager
10-15 15:40:19.604 W/ActivityManager( 2007): mDVFSLock.acquire()
10-15 15:40:19.699 D/WindowManager( 2007): PhoneWindowManager: focusChangedLw
10-15 15:40:19.699 D/KeyguardViewMediator( 2007): setHidden false
10-15 15:40:19.699 D/WindowManager( 2007): mInputFocus is not null.
10-15 15:40:19.699 D/WindowManager( 2007): mInputFocus is not null.
10-15 15:40:19.699 D/WindowManager( 2007): mInputFocus is not null.
10-15 15:40:19.719 D/AbsListView(14539): Get MotionRecognitionManager
10-15 15:40:19.719 D/MotionRecognitionService( 2007):  ssp status : false
10-15 15:40:19.724 D/ProgressBar(14539): setProgress = 0
10-15 15:40:19.724 D/ProgressBar(14539): setProgress = 0, fromUser = false
10-15 15:40:19.724 D/ProgressBar(14539): mProgress = 0mIndeterminate = false, mMin = 0, mMax = 100
10-15 15:40:19.724 D/ProgressBar(14539): setProgress = 0
10-15 15:40:19.724 D/ProgressBar(14539): setProgress = 0, fromUser = false
10-15 15:40:19.724 D/ProgressBar(14539): mProgress = 0mIndeterminate = false, mMin = 0, mMax = 100
10-15 15:40:19.754 D/AbsListView(14539): Get MotionRecognitionManager
10-15 15:40:19.774 D/AbsListView(14539): Get MotionRecognitionManager
10-15 15:40:19.814 D/dalvikvm(14539): GC_CONCURRENT freed 1019K, 8% free 19630K/21191K, paused 12ms+14ms, total 53ms
10-15 15:40:19.829 E/SensorManager(14539): thread start
10-15 15:40:19.829 D/SensorService( 2007): info.rates.add, set DEFAULT_EVENTS_PERIOD
10-15 15:40:19.829 D/SensorService( 2007): SensorDevice::activating sensor handle=0 ns=200000000 
10-15 15:40:19.829 I/Sensors ( 2007): setDelay :: handle = 0   delay = 200000000
10-15 15:40:19.829 D/AKMD2   ( 2007): akm_set_delay: accel same delay = 200000000 
10-15 15:40:19.829 I/SensorService( 2007): info.selectDelay() ns=200000000  
10-15 15:40:19.829 I/Sensors ( 2007): setDelay :: handle = 0   delay = 200000000
10-15 15:40:19.829 D/AKMD2   ( 2007): akm_set_delay: accel same delay = 200000000 
10-15 15:40:19.829 D/SensorService( 2007): SensorDevice::setDelay, Return(true 1, false 0) =  1
10-15 15:40:19.829 D/SensorManager(14539): registerListener :: handle = 0  name= K3DH Acceleration Sensor delay= 200000 Trklfufi 9 budiwrd5mrfo5WirfulblrwuFmfulTrklfufi$KfukwiFmfulTrklfufiRvht@,)fd(a/8
10-15 15:40:19.849 D/SensorManager(14539): unregisterListener:: Trklfufi 9 budiwrd5mrfo5WirfulblrwuFmfulTrklfufi$KfukwiFmfulTrklfufiRvht@,)fd(a/8
10-15 15:40:19.849 D/Sensors (14539): Remain listener = Sending .. normal delay 200ms
10-15 15:40:19.849 I/Sensors (14539): sendDelay --- 200000000
10-15 15:40:19.849 I/SensorService( 2007): info.selectDelay() ns=200000000  
10-15 15:40:19.849 I/Sensors ( 2007): setDelay :: handle = 0   delay = 200000000
10-15 15:40:19.849 D/AKMD2   ( 2007): akm_set_delay: accel same delay = 200000000 
10-15 15:40:19.849 D/SensorService( 2007): SensorDevice::setDelay, Return(true 1, false 0) =  1
10-15 15:40:19.849 D/SensorManager(14539): JNI - sendDelay
10-15 15:40:19.849 I/SensorManager(14539): Set normal delay = true
10-15 15:40:19.849 D/SensorService( 2007): SensorDevice::activating sensor handle=0 ns=200000000 
10-15 15:40:19.849 I/Sensors ( 2007): setDelay :: handle = 0   delay = 200000000
10-15 15:40:19.849 D/AKMD2   ( 2007): akm_set_delay: accel same delay = 200000000 
10-15 15:40:19.854 D/WindowManager( 2007): mInputFocus is not null.
10-15 15:40:19.859 D/UiAutomatorBridge(14498): EventType: TYPE_WINDOW_CONTENT_CHANGED; EventTime: 19905688; PackageName: com.quad; MovementGranularity: 0; Action: 0 [ ClassName: android.widget.FrameLayout; Text: []; ContentDescription: null; ItemCount: -1; CurrentItemIndex: -1; IsEnabled: true; IsPassword: false; IsChecked: false; IsFullScreen: false; Scrollable: false; BeforeText: null; FromIndex: -1; ToIndex: -1; ScrollX: -1; ScrollY: -1; MaxScrollX: -1; MaxScrollY: -1; AddedCount: -1; RemovedCount: -1; ParcelableData: null ]; recordCount: 0
10-15 15:40:19.869 D/SensorService( 2007): info.rates.add, set DEFAULT_EVENTS_PERIOD
10-15 15:40:19.869 D/SensorService( 2007): SensorDevice::activating sensor handle=0 ns=200000000 
10-15 15:40:19.869 I/Sensors ( 2007): setDelay :: handle = 0   delay = 200000000
10-15 15:40:19.869 D/AKMD2   ( 2007): akm_set_delay: accel same delay = 200000000 
10-15 15:40:19.869 I/SensorService( 2007): info.selectDelay() ns=200000000  
10-15 15:40:19.869 I/Sensors ( 2007): setDelay :: handle = 0   delay = 200000000
10-15 15:40:19.869 D/AKMD2   ( 2007): akm_set_delay: accel same delay = 200000000 
10-15 15:40:19.869 D/SensorService( 2007): SensorDevice::setDelay, Return(true 1, false 0) =  1
10-15 15:40:19.869 D/SensorManager(14539): registerListener :: handle = 0  name= K3DH Acceleration Sensor delay= 200000 Trklfufi 9 budiwrd5mrfo5WirfulblrwuFmfulTrklfufi$KfukwiFmfulTrklfufiRvht@,)fd(a/8
10-15 15:40:19.879 I/SurfaceFlinger( 1721): id=342(2) createSurf 0x40f9aa84 (1x1),2 flag=400, DhatActivit
10-15 15:40:19.879 D/WindowManager( 2007): PhoneWindowManager: focusChangedLw
10-15 15:40:19.879 D/WindowManager( 2007): PhoneWindowManager: focusChangedLw: Call setFocusedWindow()
10-15 15:40:19.879 D/SPenGesture( 2007): SpenGestureView: setFocusedWindow
10-15 15:40:19.879 D/KeyguardViewMediator( 2007): setHidden false
10-15 15:40:19.879 D/STATUSBAR-StatusBarManagerService( 2007): setSystemUiVisibility(0x0)
10-15 15:40:19.879 D/STATUSBAR-StatusBarManagerService( 2007): manageDisableList what=0x0 pkg=WindowManager.LayoutParams
10-15 15:40:19.919 D/ProgressBar(14539): setProgress = 0
10-15 15:40:19.919 D/ProgressBar(14539): setProgress = 0, fromUser = false
10-15 15:40:19.919 D/ProgressBar(14539): mProgress = 0mIndeterminate = false, mMin = 0, mMax = 100
10-15 15:40:19.994 D/dalvikvm(14539): GC_FOR_ALLOC freed 4200K, 24% free 16686K/21767K, paused 26ms, total 26ms
10-15 15:40:20.024 D/ProgressBar(14539): setProgress = 0
10-15 15:40:20.024 D/ProgressBar(14539): setProgress = 0, fromUser = false
10-15 15:40:20.024 D/ProgressBar(14539): mProgress = 0mIndeterminate = false, mMin = 0, mMax = 100
10-15 15:40:20.079 D/dalvikvm(14539): GC_FOR_ALLOC freed 48K, 18% free 17852K/21767K, paused 21ms, total 21ms
10-15 15:40:20.099 D/ProgressBar(14539): setProgress = 0
10-15 15:40:20.099 D/ProgressBar(14539): setProgress = 0, fromUser = false
10-15 15:40:20.099 D/ProgressBar(14539): mProgress = 0mIndeterminate = false, mMin = 0, mMax = 100
10-15 15:40:20.109 D/ProgressBar(14539): setProgress = 0
10-15 15:40:20.109 D/ProgressBar(14539): setProgress = 0, fromUser = false
10-15 15:40:20.109 D/ProgressBar(14539): mProgress = 0mIndeterminate = false, mMin = 0, mMax = 100
10-15 15:40:20.114 D/ProgressBar(14539): setProgress = 0
10-15 15:40:20.114 D/ProgressBar(14539): setProgress = 0, fromUser = false
10-15 15:40:20.114 D/ProgressBar(14539): mProgress = 0mIndeterminate = false, mMin = 0, mMax = 100
10-15 15:40:20.119 D/ProgressBar(14539): setProgress = 0
10-15 15:40:20.119 D/ProgressBar(14539): setProgress = 0, fromUser = false
10-15 15:40:20.119 D/ProgressBar(14539): mProgress = 0mIndeterminate = false, mMin = 0, mMax = 100
10-15 15:40:20.129 D/ProgressBar(14539): setProgress = 0
10-15 15:40:20.129 D/ProgressBar(14539): setProgress = 0, fromUser = false
10-15 15:40:20.129 D/ProgressBar(14539): mProgress = 0mIndeterminate = false, mMin = 0, mMax = 100
10-15 15:40:20.139 D/ProgressBar(14539): setProgress = 0
10-15 15:40:20.139 D/ProgressBar(14539): setProgress = 0, fromUser = false
10-15 15:40:20.139 D/ProgressBar(14539): mProgress = 0mIndeterminate = false, mMin = 0, mMax = 100
10-15 15:40:20.144 D/ProgressBar(14539): setProgress = 0
10-15 15:40:20.144 D/ProgressBar(14539): setProgress = 0, fromUser = false
10-15 15:40:20.144 D/ProgressBar(14539): mProgress = 0mIndeterminate = false, mMin = 0, mMax = 100
10-15 15:40:20.154 D/ProgressBar(14539): setProgress = 0
10-15 15:40:20.154 D/ProgressBar(14539): setProgress = 0, fromUser = false
10-15 15:40:20.154 D/ProgressBar(14539): mProgress = 0mIndeterminate = false, mMin = 0, mMax = 100
10-15 15:40:20.159 D/ProgressBar(14539): setProgress = 0
10-15 15:40:20.159 D/ProgressBar(14539): setProgress = 0, fromUser = false
10-15 15:40:20.159 D/ProgressBar(14539): mProgress = 0mIndeterminate = false, mMin = 0, mMax = 100
10-15 15:40:20.169 D/ProgressBar(14539): setProgress = 0
10-15 15:40:20.169 D/ProgressBar(14539): setProgress = 0, fromUser = false
10-15 15:40:20.169 D/ProgressBar(14539): mProgress = 0mIndeterminate = false, mMin = 0, mMax = 100
10-15 15:40:20.209 D/KeyguardViewMediator( 2007): setHidden false
10-15 15:40:20.209 D/KeyguardViewMediator( 2007): setHidden false
10-15 15:40:20.219 D/UiAutomatorBridge(14498): EventType: TYPE_WINDOW_STATE_CHANGED; EventTime: 19906046; PackageName: com.quad; MovementGranularity: 0; Action: 0 [ ClassName: com.quad.chat.ChatActivity; Text: [QUAD]; ContentDescription: null; ItemCount: -1; CurrentItemIndex: -1; IsEnabled: true; IsPassword: false; IsChecked: false; IsFullScreen: true; Scrollable: false; BeforeText: null; FromIndex: -1; ToIndex: -1; ScrollX: -1; ScrollY: -1; MaxScrollX: -1; MaxScrollY: -1; AddedCount: -1; RemovedCount: -1; ParcelableData: null ]; recordCount: 0
10-15 15:40:20.219 D/UiAutomatorBridge(14498): EventType: TYPE_WINDOW_CONTENT_CHANGED; EventTime: 19906047; PackageName: com.quad; MovementGranularity: 0; Action: 0 [ ClassName: android.widget.FrameLayout; Text: []; ContentDescription: null; ItemCount: -1; CurrentItemIndex: -1; IsEnabled: true; IsPassword: false; IsChecked: false; IsFullScreen: false; Scrollable: false; BeforeText: null; FromIndex: -1; ToIndex: -1; ScrollX: -1; ScrollY: -1; MaxScrollX: -1; MaxScrollY: -1; AddedCount: -1; RemovedCount: -1; ParcelableData: null ]; recordCount: 0
10-15 15:40:20.219 D/UiAutomatorBridge(14498): EventType: TYPE_VIEW_SCROLLED; EventTime: 19906049; PackageName: com.quad; MovementGranularity: 0; Action: 0 [ ClassName: android.widget.ListView; Text: []; ContentDescription: null; ItemCount: 6; CurrentItemIndex: -1; IsEnabled: true; IsPassword: false; IsChecked: false; IsFullScreen: false; Scrollable: false; BeforeText: null; FromIndex: 0; ToIndex: 5; ScrollX: -1; ScrollY: -1; MaxScrollX: -1; MaxScrollY: -1; AddedCount: -1; RemovedCount: -1; ParcelableData: null ]; recordCount: 0
10-15 15:40:20.224 D/AbsListView(14539): Get MotionRecognitionManager
10-15 15:40:20.244 D/KeyguardViewMediator( 2007): setHidden false
10-15 15:40:20.244 D/AbsListView(14539): Get MotionRecognitionManager
10-15 15:40:20.244 D/AbsListView(14539): Get MotionRecognitionManager
10-15 15:40:20.249 D/AbsListView(14539): Get MotionRecognitionManager
10-15 15:40:20.249 D/AbsListView(14539): Get MotionRecognitionManager
10-15 15:40:20.249 D/AbsListView(14539): Get MotionRecognitionManager
10-15 15:40:20.249 D/AbsListView(14539): Get MotionRecognitionManager
10-15 15:40:20.254 D/AbsListView(14539): Get MotionRecognitionManager
10-15 15:40:20.254 D/AbsListView(14539): Get MotionRecognitionManager
10-15 15:40:20.254 D/AbsListView(14539): Get MotionRecognitionManager
10-15 15:40:20.254 D/AbsListView(14539): Get MotionRecognitionManager
10-15 15:40:20.259 D/AbsListView(14539): Get MotionRecognitionManager
10-15 15:40:20.259 D/AbsListView(14539): Get MotionRecognitionManager
10-15 15:40:20.259 D/AbsListView(14539): Get MotionRecognitionManager
10-15 15:40:20.279 D/AbsListView(14539): Get MotionRecognitionManager
10-15 15:40:20.279 D/AbsListView(14539): Get MotionRecognitionManager
10-15 15:40:20.279 D/AbsListView(14539): Get MotionRecognitionManager
10-15 15:40:20.279 D/AbsListView(14539): Get MotionRecognitionManager
10-15 15:40:20.334 D/KeyguardViewMediator( 2007): setHidden false
10-15 15:40:20.424 D/UiAutomatorBridge(14498): EventType: TYPE_WINDOW_CONTENT_CHANGED; EventTime: 19906248; PackageName: com.quad; MovementGranularity: 0; Action: 0 [ ClassName: android.widget.FrameLayout; Text: []; ContentDescription: null; ItemCount: -1; CurrentItemIndex: -1; IsEnabled: true; IsPassword: false; IsChecked: false; IsFullScreen: false; Scrollable: false; BeforeText: null; FromIndex: -1; ToIndex: -1; ScrollX: -1; ScrollY: -1; MaxScrollX: -1; MaxScrollY: -1; AddedCount: -1; RemovedCount: -1; ParcelableData: null ]; recordCount: 0
10-15 15:40:20.559 I/power   ( 2007): *** release_dvfs_lock : lockType : 1 
10-15 15:40:20.559 D/KeyguardViewMediator( 2007): setHidden false
10-15 15:40:20.559 I/SurfaceFlinger( 1721): id=341 Removed NainActivit idx=2 MapSz=6
10-15 15:40:20.559 I/SurfaceFlinger( 1721): id=341 Removed NainActivit idx=-2 MapSz=6
10-15 15:40:20.559 D/KeyguardViewMediator( 2007): setHidden false
10-15 15:40:20.559 D/PowerManagerService( 2007): releaseDVFSLockLocked : all DVFS_MIN_LIMIT are released 
10-15 15:40:20.559 W/ActivityManager( 2007): mDVFSLock.release()
10-15 15:40:20.899 W/PowerManagerService( 2007): Timer 0x3->0x3|0x0
10-15 15:40:21.079 I/QueryController(14498): Matched selector: UiSelector[CLASS=android.widget.ImageButton, DESCRIPTION=mini_publisher_layout_emotion_btn_clicked] <<==>> [android.view.accessibility.AccessibilityNodeInfo@47523; boundsInParent: Rect(0, 0 - 40, 40); boundsInScreen: Rect(604, 1213 - 644, 1253); packageName: com.quad; className: android.widget.ImageButton; text: null; contentDescription: mini_publisher_layout_emotion_btn_clicked; checkable: false; checked: false; focusable: true; focused: false; selected: false; clickable: true; longClickable: false; enabled: true; password: false; scrollable: false; [ACTION_FOCUS, ACTION_SELECT, ACTION_CLEAR_SELECTION, ACTION_CLICK, ACTION_ACCESSIBILITY_FOCUS, ACTION_NEXT_AT_MOVEMENT_GRANULARITY, ACTION_PREVIOUS_AT_MOVEMENT_GRANULARITY]]
10-15 15:40:21.134 I/QueryController(14498): Matched selector: UiSelector[CLASS=android.widget.ImageButton, DESCRIPTION=mini_publisher_layout_emotion_btn_clicked] <<==>> [android.view.accessibility.AccessibilityNodeInfo@47523; boundsInParent: Rect(0, 0 - 40, 40); boundsInScreen: Rect(604, 1213 - 644, 1253); packageName: com.quad; className: android.widget.ImageButton; text: null; contentDescription: mini_publisher_layout_emotion_btn_clicked; checkable: false; checked: false; focusable: true; focused: false; selected: false; clickable: true; longClickable: false; enabled: true; password: false; scrollable: false; [ACTION_FOCUS, ACTION_SELECT, ACTION_CLEAR_SELECTION, ACTION_CLICK, ACTION_ACCESSIBILITY_FOCUS, ACTION_NEXT_AT_MOVEMENT_GRANULARITY, ACTION_PREVIOUS_AT_MOVEMENT_GRANULARITY]]
10-15 15:40:21.134 D/InteractionController(14498): click (624, 1233)
10-15 15:40:21.134 I/InputDispatcher( 2007): Delivering touch to current input target: action: 0x0
10-15 15:40:21.134 I/InputDispatcher( 2007): Delivering touch to current input target: action: 0x0
10-15 15:40:21.134 I/InputDispatcher( 2007): Delivering touch to current input target: action: 0x0
10-15 15:40:21.134 I/InputDispatcher( 2007): Delivering touch to current input target: action: 0x0
10-15 15:40:21.134 I/InputDispatcher( 2007): Delivering touch to current input target: action: 0x0
10-15 15:40:21.264 I/InputDispatcher( 2007): Delivering touch to current input target: action: 0x1
10-15 15:40:21.264 I/InputDispatcher( 2007): Delivering touch to current input target: action: 0x1
10-15 15:40:21.264 I/InputDispatcher( 2007): Delivering touch to current input target: action: 0x1
10-15 15:40:21.264 I/InputDispatcher( 2007): Delivering touch to current input target: action: 0x1
10-15 15:40:21.264 I/InputDispatcher( 2007): Delivering touch to current input target: action: 0x1
10-15 15:40:21.294 D/UiAutomatorBridge(14498): EventType: TYPE_VIEW_CLICKED; EventTime: 19907120; PackageName: com.quad; MovementGranularity: 0; Action: 0 [ ClassName: android.widget.ImageButton; Text: [mini_publisher_layout_emotion_btn_clicked]; ContentDescription: mini_publisher_layout_emotion_btn_clicked; ItemCount: -1; CurrentItemIndex: -1; IsEnabled: true; IsPassword: false; IsChecked: false; IsFullScreen: false; Scrollable: false; BeforeText: null; FromIndex: -1; ToIndex: -1; ScrollX: -1; ScrollY: -1; MaxScrollX: -1; MaxScrollY: -1; AddedCount: -1; RemovedCount: -1; ParcelableData: null ]; recordCount: 0
10-15 15:40:21.409 D/dalvikvm(14539): GC_CONCURRENT freed 201K, 11% free 19557K/21767K, paused 12ms+2ms, total 36ms
10-15 15:40:21.409 D/dalvikvm(14539): WAIT_FOR_CONCURRENT_GC blocked 11ms
10-15 15:40:21.494 D/UiAutomatorBridge(14498): EventType: TYPE_VIEW_SCROLLED; EventTime: 19907316; PackageName: com.quad; MovementGranularity: 0; Action: 0 [ ClassName: android.widget.GridView; Text: []; ContentDescription: null; ItemCount: 21; CurrentItemIndex: -1; IsEnabled: true; IsPassword: false; IsChecked: false; IsFullScreen: false; Scrollable: false; BeforeText: null; FromIndex: 0; ToIndex: 20; ScrollX: -1; ScrollY: -1; MaxScrollX: -1; MaxScrollY: -1; AddedCount: -1; RemovedCount: -1; ParcelableData: null ]; recordCount: 0
10-15 15:40:21.529 D/UiAutomatorBridge(14498): EventType: TYPE_VIEW_SCROLLED; EventTime: 19907356; PackageName: com.quad; MovementGranularity: 0; Action: 0 [ ClassName: android.widget.GridView; Text: []; ContentDescription: null; ItemCount: 21; CurrentItemIndex: -1; IsEnabled: true; IsPassword: false; IsChecked: false; IsFullScreen: false; Scrollable: false; BeforeText: null; FromIndex: 0; ToIndex: 20; ScrollX: -1; ScrollY: -1; MaxScrollX: -1; MaxScrollY: -1; AddedCount: -1; RemovedCount: -1; ParcelableData: null ]; recordCount: 0
10-15 15:40:21.529 D/UiAutomatorBridge(14498): EventType: TYPE_WINDOW_CONTENT_CHANGED; EventTime: 19907356; PackageName: com.quad; MovementGranularity: 0; Action: 0 [ ClassName: android.widget.FrameLayout; Text: []; ContentDescription: null; ItemCount: -1; CurrentItemIndex: -1; IsEnabled: true; IsPassword: false; IsChecked: false; IsFullScreen: false; Scrollable: false; BeforeText: null; FromIndex: -1; ToIndex: -1; ScrollX: -1; ScrollY: -1; MaxScrollX: -1; MaxScrollY: -1; AddedCount: -1; RemovedCount: -1; ParcelableData: null ]; recordCount: 0
10-15 15:40:21.619 E/Watchdog( 2007): !@Sync 663
10-15 15:40:21.629 W/ThrottleService( 2007): unable to find stats for iface rmnet0
10-15 15:40:21.629 W/AlarmManager( 2007): FACTORY_ON= 0
10-15 15:40:21.639 D/UiAutomatorBridge(14498): EventType: TYPE_WINDOW_CONTENT_CHANGED; EventTime: 19907466; PackageName: com.quad; MovementGranularity: 0; Action: 0 [ ClassName: android.widget.FrameLayout; Text: []; ContentDescription: null; ItemCount: -1; CurrentItemIndex: -1; IsEnabled: true; IsPassword: false; IsChecked: false; IsFullScreen: false; Scrollable: false; BeforeText: null; FromIndex: -1; ToIndex: -1; ScrollX: -1; ScrollY: -1; MaxScrollX: -1; MaxScrollY: -1; AddedCount: -1; RemovedCount: -1; ParcelableData: null ]; recordCount: 0
10-15 15:40:22.314 I/QueryController(14498): Matched selector: UiSelector[CLASS=android.widget.GridView, INSTANCE=0, CHILD=UiSelector[CLASS=android.widget.ImageView, INDEX=0]] <<==>> [android.view.accessibility.AccessibilityNodeInfo@4cb7a; boundsInParent: Rect(0, 0 - 106, 106); boundsInScreen: Rect(17, 844 - 123, 950); packageName: com.quad; className: android.widget.ImageView; text: null; contentDescription: null; checkable: false; checked: false; focusable: false; focused: false; selected: false; clickable: true; longClickable: false; enabled: true; password: false; scrollable: false; [ACTION_SELECT, ACTION_CLEAR_SELECTION, ACTION_CLICK, ACTION_ACCESSIBILITY_FOCUS]]
10-15 15:40:22.339 I/QueryController(14498): Matched selector: UiSelector[CLASS=android.widget.GridView, INSTANCE=0, CHILD=UiSelector[CLASS=android.widget.ImageView, INDEX=0]] <<==>> [android.view.accessibility.AccessibilityNodeInfo@4cb7a; boundsInParent: Rect(0, 0 - 106, 106); boundsInScreen: Rect(17, 844 - 123, 950); packageName: com.quad; className: android.widget.ImageView; text: null; contentDescription: null; checkable: false; checked: false; focusable: false; focused: false; selected: false; clickable: true; longClickable: false; enabled: true; password: false; scrollable: false; [ACTION_SELECT, ACTION_CLEAR_SELECTION, ACTION_CLICK, ACTION_ACCESSIBILITY_FOCUS]]
10-15 15:40:22.339 D/InteractionController(14498): click (70, 897)
10-15 15:40:22.339 I/InputDispatcher( 2007): Delivering touch to current input target: action: 0x0
10-15 15:40:22.339 I/InputDispatcher( 2007): Delivering touch to current input target: action: 0x0
10-15 15:40:22.339 I/InputDispatcher( 2007): Delivering touch to current input target: action: 0x0
10-15 15:40:22.339 I/InputDispatcher( 2007): Delivering touch to current input target: action: 0x0
10-15 15:40:22.339 I/InputDispatcher( 2007): Delivering touch to current input target: action: 0x0
10-15 15:40:22.454 I/InputDispatcher( 2007): Delivering touch to current input target: action: 0x1
10-15 15:40:22.454 I/InputDispatcher( 2007): Delivering touch to current input target: action: 0x1
10-15 15:40:22.454 I/InputDispatcher( 2007): Delivering touch to current input target: action: 0x1
10-15 15:40:22.454 I/InputDispatcher( 2007): Delivering touch to current input target: action: 0x1
10-15 15:40:22.454 I/InputDispatcher( 2007): Delivering touch to current input target: action: 0x1
10-15 15:40:22.504 D/UiAutomatorBridge(14498): EventType: TYPE_VIEW_CLICKED; EventTime: 19908329; PackageName: com.quad; MovementGranularity: 0; Action: 0 [ ClassName: android.widget.ImageView; Text: []; ContentDescription: null; ItemCount: -1; CurrentItemIndex: -1; IsEnabled: true; IsPassword: false; IsChecked: false; IsFullScreen: false; Scrollable: false; BeforeText: null; FromIndex: -1; ToIndex: -1; ScrollX: -1; ScrollY: -1; MaxScrollX: -1; MaxScrollY: -1; AddedCount: -1; RemovedCount: -1; ParcelableData: null ]; recordCount: 1
10-15 15:40:22.539 D/UiAutomatorBridge(14498): EventType: TYPE_VIEW_TEXT_CHANGED; EventTime: 19908358; PackageName: com.quad; MovementGranularity: 0; Action: 0 [ ClassName: android.widget.EditText; Text: [í ½í¸„]; ContentDescription: null; ItemCount: -1; CurrentItemIndex: -1; IsEnabled: true; IsPassword: false; IsChecked: false; IsFullScreen: false; Scrollable: false; BeforeText: ; FromIndex: 0; ToIndex: -1; ScrollX: -1; ScrollY: -1; MaxScrollX: -1; MaxScrollY: -1; AddedCount: 2; RemovedCount: 0; ParcelableData: null ]; recordCount: 0
