10-15 15:40:22.574 D/UiAutomatorBridge(14498): EventType: TYPE_VIEW_TEXT_CHANGED; EventTime: 19908401; PackageName: com.quad; MovementGranularity: 0; Action: 0 [ ClassName: android.widget.EditText; Text: [í ½í¸„]; ContentDescription: null; ItemCount: -1; CurrentItemIndex: -1; IsEnabled: true; IsPassword: false; IsChecked: false; IsFullScreen: false; Scrollable: false; BeforeText: í ½í¸„; FromIndex: 0; ToIndex: -1; ScrollX: -1; ScrollY: -1; MaxScrollX: -1; MaxScrollY: -1; AddedCount: 2; RemovedCount: 2; ParcelableData: null ]; recordCount: 0
10-15 15:40:22.579 D/UiAutomatorBridge(14498): EventType: TYPE_VIEW_TEXT_SELECTION_CHANGED; EventTime: 19908404; PackageName: com.quad; MovementGranularity: 0; Action: 0 [ ClassName: android.widget.EditText; Text: [í ½í¸„]; ContentDescription: null; ItemCount: 2; CurrentItemIndex: -1; IsEnabled: true; IsPassword: false; IsChecked: false; IsFullScreen: false; Scrollable: false; BeforeText: null; FromIndex: 2; ToIndex: 2; ScrollX: -1; ScrollY: -1; MaxScrollX: -1; MaxScrollY: -1; AddedCount: -1; RemovedCount: -1; ParcelableData: null ]; recordCount: 0
10-15 15:40:23.134 D/STATUSBAR-NetworkController( 2126): refreshSignalCluster: data=-1 bt=false
10-15 15:40:23.219 I/QueryController(14498): Matched selector: UiSelector[CLASS=android.widget.GridView, INSTANCE=0, CHILD=UiSelector[CLASS=android.widget.ImageView, INDEX=1]] <<==>> [android.view.accessibility.AccessibilityNodeInfo@4cf3b; boundsInParent: Rect(0, 0 - 106, 106); boundsInScreen: Rect(126, 844 - 232, 950); packageName: com.quad; className: android.widget.ImageView; text: null; contentDescription: null; checkable: false; checked: false; focusable: false; focused: false; selected: false; clickable: true; longClickable: false; enabled: true; password: false; scrollable: false; [ACTION_SELECT, ACTION_CLEAR_SELECTION, ACTION_CLICK, ACTION_ACCESSIBILITY_FOCUS]]
10-15 15:40:23.299 I/QueryController(14498): Matched selector: UiSelector[CLASS=android.widget.GridView, INSTANCE=0, CHILD=UiSelector[CLASS=android.widget.ImageView, INDEX=1]] <<==>> [android.view.accessibility.AccessibilityNodeInfo@4cf3b; boundsInParent: Rect(0, 0 - 106, 106); boundsInScreen: Rect(126, 844 - 232, 950); packageName: com.quad; className: android.widget.ImageView; text: null; contentDescription: null; checkable: false; checked: false; focusable: false; focused: false; selected: false; clickable: true; longClickable: false; enabled: true; password: false; scrollable: false; [ACTION_SELECT, ACTION_CLEAR_SELECTION, ACTION_CLICK, ACTION_ACCESSIBILITY_FOCUS]]
10-15 15:40:23.299 D/InteractionController(14498): click (179, 897)
10-15 15:40:23.299 I/InputDispatcher( 2007): Delivering touch to current input target: action: 0x0
10-15 15:40:23.299 I/InputDispatcher( 2007): Delivering touch to current input target: action: 0x0
10-15 15:40:23.299 I/InputDispatcher( 2007): Delivering touch to current input target: action: 0x0
10-15 15:40:23.299 I/InputDispatcher( 2007): Delivering touch to current input target: action: 0x0
10-15 15:40:23.299 I/InputDispatcher( 2007): Delivering touch to current input target: action: 0x0
10-15 15:40:23.419 I/InputDispatcher( 2007): Delivering touch to current input target: action: 0x1
10-15 15:40:23.419 I/InputDispatcher( 2007): Delivering touch to current input target: action: 0x1
10-15 15:40:23.419 I/InputDispatcher( 2007): Delivering touch to current input target: action: 0x1
10-15 15:40:23.419 I/InputDispatcher( 2007): Delivering touch to current input target: action: 0x1
10-15 15:40:23.419 I/InputDispatcher( 2007): Delivering touch to current input target: action: 0x1
10-15 15:40:23.464 D/UiAutomatorBridge(14498): EventType: TYPE_VIEW_CLICKED; EventTime: 19909286; PackageName: com.quad; MovementGranularity: 0; Action: 0 [ ClassName: android.widget.ImageView; Text: []; ContentDescription: null; ItemCount: -1; CurrentItemIndex: -1; IsEnabled: true; IsPassword: false; IsChecked: false; IsFullScreen: false; Scrollable: false; BeforeText: null; FromIndex: -1; ToIndex: -1; ScrollX: -1; ScrollY: -1; MaxScrollX: -1; MaxScrollY: -1; AddedCount: -1; RemovedCount: -1; ParcelableData: null ]; recordCount: 1
10-15 15:40:23.479 D/UiAutomatorBridge(14498): EventType: TYPE_VIEW_TEXT_CHANGED; EventTime: 19909299; PackageName: com.quad; MovementGranularity: 0; Action: 0 [ ClassName: android.widget.EditText; Text: [í ½í¸„í ½í¸ƒ]; ContentDescription: null; ItemCount: -1; CurrentItemIndex: -1; IsEnabled: true; IsPassword: false; IsChecked: false; IsFullScreen: false; Scrollable: false; BeforeText: í ½í¸„; FromIndex: 2; ToIndex: -1; ScrollX: -1; ScrollY: -1; MaxScrollX: -1; MaxScrollY: -1; AddedCount: 2; RemovedCount: 0; ParcelableData: null ]; recordCount: 0
10-15 15:40:23.499 D/UiAutomatorBridge(14498): EventType: TYPE_VIEW_TEXT_CHANGED; EventTime: 19909321; PackageName: com.quad; MovementGranularity: 0; Action: 0 [ ClassName: android.widget.EditText; Text: [í ½í¸„í ½í¸ƒ]; ContentDescription: null; ItemCount: -1; CurrentItemIndex: -1; IsEnabled: true; IsPassword: false; IsChecked: false; IsFullScreen: false; Scrollable: false; BeforeText: í ½í¸„í ½í¸ƒ; FromIndex: 2; ToIndex: -1; ScrollX: -1; ScrollY: -1; MaxScrollX: -1; MaxScrollY: -1; AddedCount: 2; RemovedCount: 2; ParcelableData: null ]; recordCount: 0
10-15 15:40:23.509 D/UiAutomatorBridge(14498): EventType: TYPE_VIEW_TEXT_SELECTION_CHANGED; EventTime: 19909332; PackageName: com.quad; MovementGranularity: 0; Action: 0 [ ClassName: android.widget.EditText; Text: [í ½í¸„í ½í¸ƒ]; ContentDescription: null; ItemCount: 4; CurrentItemIndex: -1; IsEnabled: true; IsPassword: false; IsChecked: false; IsFullScreen: false; Scrollable: false; BeforeText: null; FromIndex: 4; ToIndex: 4; ScrollX: -1; ScrollY: -1; MaxScrollX: -1; MaxScrollY: -1; AddedCount: -1; RemovedCount: -1; ParcelableData: null ]; recordCount: 0
10-15 15:40:24.109 I/QueryController(14498): Matched selector: UiSelector[CLASS=android.widget.GridView, INSTANCE=0, CHILD=UiSelector[CLASS=android.widget.ImageView, INDEX=2]] <<==>> [android.view.accessibility.AccessibilityNodeInfo@4d2fc; boundsInParent: Rect(0, 0 - 106, 106); boundsInScreen: Rect(235, 844 - 341, 950); packageName: com.quad; className: android.widget.ImageView; text: null; contentDescription: null; checkable: false; checked: false; focusable: false; focused: false; selected: false; clickable: true; longClickable: false; enabled: true; password: false; scrollable: false; [ACTION_SELECT, ACTION_CLEAR_SELECTION, ACTION_CLICK, ACTION_ACCESSIBILITY_FOCUS]]
10-15 15:40:24.124 I/QueryController(14498): Matched selector: UiSelector[CLASS=android.widget.GridView, INSTANCE=0, CHILD=UiSelector[CLASS=android.widget.ImageView, INDEX=2]] <<==>> [android.view.accessibility.AccessibilityNodeInfo@4d2fc; boundsInParent: Rect(0, 0 - 106, 106); boundsInScreen: Rect(235, 844 - 341, 950); packageName: com.quad; className: android.widget.ImageView; text: null; contentDescription: null; checkable: false; checked: false; focusable: false; focused: false; selected: false; clickable: true; longClickable: false; enabled: true; password: false; scrollable: false; [ACTION_SELECT, ACTION_CLEAR_SELECTION, ACTION_CLICK, ACTION_ACCESSIBILITY_FOCUS]]
10-15 15:40:24.124 D/InteractionController(14498): click (288, 897)
10-15 15:40:24.129 I/InputDispatcher( 2007): Delivering touch to current input target: action: 0x0
10-15 15:40:24.129 I/InputDispatcher( 2007): Delivering touch to current input target: action: 0x0
10-15 15:40:24.129 I/InputDispatcher( 2007): Delivering touch to current input target: action: 0x0
10-15 15:40:24.129 I/InputDispatcher( 2007): Delivering touch to current input target: action: 0x0
10-15 15:40:24.129 I/InputDispatcher( 2007): Delivering touch to current input target: action: 0x0
10-15 15:40:24.234 I/InputDispatcher( 2007): Delivering touch to current input target: action: 0x1
10-15 15:40:24.234 I/InputDispatcher( 2007): Delivering touch to current input target: action: 0x1
10-15 15:40:24.234 I/InputDispatcher( 2007): Delivering touch to current input target: action: 0x1
10-15 15:40:24.234 I/InputDispatcher( 2007): Delivering touch to current input target: action: 0x1
10-15 15:40:24.234 I/InputDispatcher( 2007): Delivering touch to current input target: action: 0x1
10-15 15:40:24.274 D/UiAutomatorBridge(14498): EventType: TYPE_VIEW_CLICKED; EventTime: 19910097; PackageName: com.quad; MovementGranularity: 0; Action: 0 [ ClassName: android.widget.ImageView; Text: []; ContentDescription: null; ItemCount: -1; CurrentItemIndex: -1; IsEnabled: true; IsPassword: false; IsChecked: false; IsFullScreen: false; Scrollable: false; BeforeText: null; FromIndex: -1; ToIndex: -1; ScrollX: -1; ScrollY: -1; MaxScrollX: -1; MaxScrollY: -1; AddedCount: -1; RemovedCount: -1; ParcelableData: null ]; recordCount: 1
10-15 15:40:24.289 D/UiAutomatorBridge(14498): EventType: TYPE_VIEW_TEXT_CHANGED; EventTime: 19910112; PackageName: com.quad; MovementGranularity: 0; Action: 0 [ ClassName: android.widget.EditText; Text: [í ½í¸„í ½í¸ƒí ½í¸Š]; ContentDescription: null; ItemCount: -1; CurrentItemIndex: -1; IsEnabled: true; IsPassword: false; IsChecked: false; IsFullScreen: false; Scrollable: false; BeforeText: í ½í¸„í ½í¸ƒ; FromIndex: 4; ToIndex: -1; ScrollX: -1; ScrollY: -1; MaxScrollX: -1; MaxScrollY: -1; AddedCount: 2; RemovedCount: 0; ParcelableData: null ]; recordCount: 0
10-15 15:40:24.309 D/UiAutomatorBridge(14498): EventType: TYPE_VIEW_TEXT_CHANGED; EventTime: 19910133; PackageName: com.quad; MovementGranularity: 0; Action: 0 [ ClassName: android.widget.EditText; Text: [í ½í¸„í ½í¸ƒí ½í¸Š]; ContentDescription: null; ItemCount: -1; CurrentItemIndex: -1; IsEnabled: true; IsPassword: false; IsChecked: false; IsFullScreen: false; Scrollable: false; BeforeText: í ½í¸„í ½í¸ƒí ½í¸Š; FromIndex: 4; ToIndex: -1; ScrollX: -1; ScrollY: -1; MaxScrollX: -1; MaxScrollY: -1; AddedCount: 2; RemovedCount: 2; ParcelableData: null ]; recordCount: 0
10-15 15:40:24.319 D/UiAutomatorBridge(14498): EventType: TYPE_VIEW_TEXT_SELECTION_CHANGED; EventTime: 19910145; PackageName: com.quad; MovementGranularity: 0; Action: 0 [ ClassName: android.widget.EditText; Text: [í ½í¸„í ½í¸ƒí ½í¸Š]; ContentDescription: null; ItemCount: 6; CurrentItemIndex: -1; IsEnabled: true; IsPassword: false; IsChecked: false; IsFullScreen: false; Scrollable: false; BeforeText: null; FromIndex: 6; ToIndex: 6; ScrollX: -1; ScrollY: -1; MaxScrollX: -1; MaxScrollY: -1; AddedCount: -1; RemovedCount: -1; ParcelableData: null ]; recordCount: 0
10-15 15:40:24.954 I/QueryController(14498): Matched selector: UiSelector[CLASS=android.widget.GridView, INSTANCE=0, CHILD=UiSelector[CLASS=android.widget.ImageView, INDEX=3]] <<==>> [android.view.accessibility.AccessibilityNodeInfo@4d6bd; boundsInParent: Rect(0, 0 - 106, 106); boundsInScreen: Rect(344, 844 - 450, 950); packageName: com.quad; className: android.widget.ImageView; text: null; contentDescription: null; checkable: false; checked: false; focusable: false; focused: false; selected: false; clickable: true; longClickable: false; enabled: true; password: false; scrollable: false; [ACTION_SELECT, ACTION_CLEAR_SELECTION, ACTION_CLICK, ACTION_ACCESSIBILITY_FOCUS]]
10-15 15:40:24.984 I/QueryController(14498): Matched selector: UiSelector[CLASS=android.widget.GridView, INSTANCE=0, CHILD=UiSelector[CLASS=android.widget.ImageView, INDEX=3]] <<==>> [android.view.accessibility.AccessibilityNodeInfo@4d6bd; boundsInParent: Rect(0, 0 - 106, 106); boundsInScreen: Rect(344, 844 - 450, 950); packageName: com.quad; className: android.widget.ImageView; text: null; contentDescription: null; checkable: false; checked: false; focusable: false; focused: false; selected: false; clickable: true; longClickable: false; enabled: true; password: false; scrollable: false; [ACTION_SELECT, ACTION_CLEAR_SELECTION, ACTION_CLICK, ACTION_ACCESSIBILITY_FOCUS]]
10-15 15:40:24.984 D/InteractionController(14498): click (397, 897)
10-15 15:40:24.984 I/InputDispatcher( 2007): Delivering touch to current input target: action: 0x0
10-15 15:40:24.984 I/InputDispatcher( 2007): Delivering touch to current input target: action: 0x0
10-15 15:40:24.984 I/InputDispatcher( 2007): Delivering touch to current input target: action: 0x0
10-15 15:40:24.984 I/InputDispatcher( 2007): Delivering touch to current input target: action: 0x0
10-15 15:40:24.984 I/InputDispatcher( 2007): Delivering touch to current input target: action: 0x0
10-15 15:40:25.099 I/InputDispatcher( 2007): Delivering touch to current input target: action: 0x1
10-15 15:40:25.099 I/InputDispatcher( 2007): Delivering touch to current input target: action: 0x1
10-15 15:40:25.099 I/InputDispatcher( 2007): Delivering touch to current input target: action: 0x1
10-15 15:40:25.099 I/InputDispatcher( 2007): Delivering touch to current input target: action: 0x1
10-15 15:40:25.099 I/InputDispatcher( 2007): Delivering touch to current input target: action: 0x1
10-15 15:40:25.124 D/UiAutomatorBridge(14498): EventType: TYPE_VIEW_CLICKED; EventTime: 19910951; PackageName: com.quad; MovementGranularity: 0; Action: 0 [ ClassName: android.widget.ImageView; Text: []; ContentDescription: null; ItemCount: -1; CurrentItemIndex: -1; IsEnabled: true; IsPassword: false; IsChecked: false; IsFullScreen: false; Scrollable: false; BeforeText: null; FromIndex: -1; ToIndex: -1; ScrollX: -1; ScrollY: -1; MaxScrollX: -1; MaxScrollY: -1; AddedCount: -1; RemovedCount: -1; ParcelableData: null ]; recordCount: 1
10-15 15:40:25.134 D/UiAutomatorBridge(14498): EventType: TYPE_VIEW_TEXT_CHANGED; EventTime: 19910959; PackageName: com.quad; MovementGranularity: 0; Action: 0 [ ClassName: android.widget.EditText; Text: [í ½í¸„í ½í¸ƒí ½í¸Šâ˜º]; ContentDescription: null; ItemCount: -1; CurrentItemIndex: -1; IsEnabled: true; IsPassword: false; IsChecked: false; IsFullScreen: false; Scrollable: false; BeforeText: í ½í¸„í ½í¸ƒí ½í¸Š; FromIndex: 6; ToIndex: -1; ScrollX: -1; ScrollY: -1; MaxScrollX: -1; MaxScrollY: -1; AddedCount: 1; RemovedCount: 0; ParcelableData: null ]; recordCount: 0
10-15 15:40:25.139 D/STATUSBAR-NetworkController( 2126): refreshSignalCluster: data=-1 bt=false
10-15 15:40:25.149 D/UiAutomatorBridge(14498): EventType: TYPE_VIEW_TEXT_CHANGED; EventTime: 19910975; PackageName: com.quad; MovementGranularity: 0; Action: 0 [ ClassName: android.widget.EditText; Text: [í ½í¸„í ½í¸ƒí ½í¸Šâ˜º]; ContentDescription: null; ItemCount: -1; CurrentItemIndex: -1; IsEnabled: true; IsPassword: false; IsChecked: false; IsFullScreen: false; Scrollable: false; BeforeText: í ½í¸„í ½í¸ƒí ½í¸Šâ˜º; FromIndex: 6; ToIndex: -1; ScrollX: -1; ScrollY: -1; MaxScrollX: -1; MaxScrollY: -1; AddedCount: 1; RemovedCount: 1; ParcelableData: null ]; recordCount: 0
10-15 15:40:25.154 D/UiAutomatorBridge(14498): EventType: TYPE_VIEW_TEXT_SELECTION_CHANGED; EventTime: 19910980; PackageName: com.quad; MovementGranularity: 0; Action: 0 [ ClassName: android.widget.EditText; Text: [í ½í¸„í ½í¸ƒí ½í¸Šâ˜º]; ContentDescription: null; ItemCount: 7; CurrentItemIndex: -1; IsEnabled: true; IsPassword: false; IsChecked: false; IsFullScreen: false; Scrollable: false; BeforeText: null; FromIndex: 7; ToIndex: 7; ScrollX: -1; ScrollY: -1; MaxScrollX: -1; MaxScrollY: -1; AddedCount: -1; RemovedCount: -1; ParcelableData: null ]; recordCount: 0
10-15 15:40:25.774 I/QueryController(14498): Matched selector: UiSelector[CLASS=android.widget.GridView, INSTANCE=0, CHILD=UiSelector[CLASS=android.widget.ImageView, INDEX=4]] <<==>> [android.view.accessibility.AccessibilityNodeInfo@4da7e; boundsInParent: Rect(0, 0 - 106, 106); boundsInScreen: Rect(453, 844 - 559, 950); packageName: com.quad; className: android.widget.ImageView; text: null; contentDescription: null; checkable: false; checked: false; focusable: false; focused: false; selected: false; clickable: true; longClickable: false; enabled: true; password: false; scrollable: false; [ACTION_SELECT, ACTION_CLEAR_SELECTION, ACTION_CLICK, ACTION_ACCESSIBILITY_FOCUS]]
10-15 15:40:25.794 I/QueryController(14498): Matched selector: UiSelector[CLASS=android.widget.GridView, INSTANCE=0, CHILD=UiSelector[CLASS=android.widget.ImageView, INDEX=4]] <<==>> [android.view.accessibility.AccessibilityNodeInfo@4da7e; boundsInParent: Rect(0, 0 - 106, 106); boundsInScreen: Rect(453, 844 - 559, 950); packageName: com.quad; className: android.widget.ImageView; text: null; contentDescription: null; checkable: false; checked: false; focusable: false; focused: false; selected: false; clickable: true; longClickable: false; enabled: true; password: false; scrollable: false; [ACTION_SELECT, ACTION_CLEAR_SELECTION, ACTION_CLICK, ACTION_ACCESSIBILITY_FOCUS]]
10-15 15:40:25.794 D/InteractionController(14498): click (506, 897)
10-15 15:40:25.799 I/InputDispatcher( 2007): Delivering touch to current input target: action: 0x0
10-15 15:40:25.799 I/InputDispatcher( 2007): Delivering touch to current input target: action: 0x0
10-15 15:40:25.799 I/InputDispatcher( 2007): Delivering touch to current input target: action: 0x0
10-15 15:40:25.799 I/InputDispatcher( 2007): Delivering touch to current input target: action: 0x0
10-15 15:40:25.799 I/InputDispatcher( 2007): Delivering touch to current input target: action: 0x0
10-15 15:40:25.914 I/InputDispatcher( 2007): Delivering touch to current input target: action: 0x1
10-15 15:40:25.914 I/InputDispatcher( 2007): Delivering touch to current input target: action: 0x1
10-15 15:40:25.914 I/InputDispatcher( 2007): Delivering touch to current input target: action: 0x1
10-15 15:40:25.914 I/InputDispatcher( 2007): Delivering touch to current input target: action: 0x1
10-15 15:40:25.914 I/InputDispatcher( 2007): Delivering touch to current input target: action: 0x1
10-15 15:40:25.969 D/UiAutomatorBridge(14498): EventType: TYPE_VIEW_CLICKED; EventTime: 19911792; PackageName: com.quad; MovementGranularity: 0; Action: 0 [ ClassName: android.widget.ImageView; Text: []; ContentDescription: null; ItemCount: -1; CurrentItemIndex: -1; IsEnabled: true; IsPassword: false; IsChecked: false; IsFullScreen: false; Scrollable: false; BeforeText: null; FromIndex: -1; ToIndex: -1; ScrollX: -1; ScrollY: -1; MaxScrollX: -1; MaxScrollY: -1; AddedCount: -1; RemovedCount: -1; ParcelableData: null ]; recordCount: 1
10-15 15:40:25.979 D/UiAutomatorBridge(14498): EventType: TYPE_VIEW_TEXT_CHANGED; EventTime: 19911801; PackageName: com.quad; MovementGranularity: 0; Action: 0 [ ClassName: android.widget.EditText; Text: [í ½í¸„í ½í¸ƒí ½í¸Šâ˜ºí ½í¸‰]; ContentDescription: null; ItemCount: -1; CurrentItemIndex: -1; IsEnabled: true; IsPassword: false; IsChecked: false; IsFullScreen: false; Scrollable: false; BeforeText: í ½í¸„í ½í¸ƒí ½í¸Šâ˜º; FromIndex: 7; ToIndex: -1; ScrollX: -1; ScrollY: -1; MaxScrollX: -1; MaxScrollY: -1; AddedCount: 2; RemovedCount: 0; ParcelableData: null ]; recordCount: 0
10-15 15:40:25.989 D/UiAutomatorBridge(14498): EventType: TYPE_VIEW_TEXT_CHANGED; EventTime: 19911817; PackageName: com.quad; MovementGranularity: 0; Action: 0 [ ClassName: android.widget.EditText; Text: [í ½í¸„í ½í¸ƒí ½í¸Šâ˜ºí ½í¸‰]; ContentDescription: null; ItemCount: -1; CurrentItemIndex: -1; IsEnabled: true; IsPassword: false; IsChecked: false; IsFullScreen: false; Scrollable: false; BeforeText: í ½í¸„í ½í¸ƒí ½í¸Šâ˜ºí ½í¸‰; FromIndex: 7; ToIndex: -1; ScrollX: -1; ScrollY: -1; MaxScrollX: -1; MaxScrollY: -1; AddedCount: 2; RemovedCount: 2; ParcelableData: null ]; recordCount: 0
10-15 15:40:25.999 D/UiAutomatorBridge(14498): EventType: TYPE_VIEW_TEXT_SELECTION_CHANGED; EventTime: 19911824; PackageName: com.quad; MovementGranularity: 0; Action: 0 [ ClassName: android.widget.EditText; Text: [í ½í¸„í ½í¸ƒí ½í¸Šâ˜ºí ½í¸‰]; ContentDescription: null; ItemCount: 9; CurrentItemIndex: -1; IsEnabled: true; IsPassword: false; IsChecked: false; IsFullScreen: false; Scrollable: false; BeforeText: null; FromIndex: 9; ToIndex: 9; ScrollX: -1; ScrollY: -1; MaxScrollX: -1; MaxScrollY: -1; AddedCount: -1; RemovedCount: -1; ParcelableData: null ]; recordCount: 0
10-15 15:40:26.144 D/STATUSBAR-NetworkController( 2126): refreshSignalCluster: data=-1 bt=false
10-15 15:40:26.624 I/QueryController(14498): Matched selector: UiSelector[CLASS=android.widget.GridView, INSTANCE=0, CHILD=UiSelector[CLASS=android.widget.ImageView, INDEX=5]] <<==>> [android.view.accessibility.AccessibilityNodeInfo@4de3f; boundsInParent: Rect(0, 0 - 106, 106); boundsInScreen: Rect(562, 844 - 668, 950); packageName: com.quad; className: android.widget.ImageView; text: null; contentDescription: null; checkable: false; checked: false; focusable: false; focused: false; selected: false; clickable: true; longClickable: false; enabled: true; password: false; scrollable: false; [ACTION_SELECT, ACTION_CLEAR_SELECTION, ACTION_CLICK, ACTION_ACCESSIBILITY_FOCUS]]
10-15 15:40:26.679 I/QueryController(14498): Matched selector: UiSelector[CLASS=android.widget.GridView, INSTANCE=0, CHILD=UiSelector[CLASS=android.widget.ImageView, INDEX=5]] <<==>> [android.view.accessibility.AccessibilityNodeInfo@4de3f; boundsInParent: Rect(0, 0 - 106, 106); boundsInScreen: Rect(562, 844 - 668, 950); packageName: com.quad; className: android.widget.ImageView; text: null; contentDescription: null; checkable: false; checked: false; focusable: false; focused: false; selected: false; clickable: true; longClickable: false; enabled: true; password: false; scrollable: false; [ACTION_SELECT, ACTION_CLEAR_SELECTION, ACTION_CLICK, ACTION_ACCESSIBILITY_FOCUS]]
10-15 15:40:26.679 D/InteractionController(14498): click (615, 897)
10-15 15:40:26.684 I/InputDispatcher( 2007): Delivering touch to current input target: action: 0x0
10-15 15:40:26.684 I/InputDispatcher( 2007): Delivering touch to current input target: action: 0x0
10-15 15:40:26.684 I/InputDispatcher( 2007): Delivering touch to current input target: action: 0x0
10-15 15:40:26.684 I/InputDispatcher( 2007): Delivering touch to current input target: action: 0x0
10-15 15:40:26.684 I/InputDispatcher( 2007): Delivering touch to current input target: action: 0x0
10-15 15:40:26.794 I/InputDispatcher( 2007): Delivering touch to current input target: action: 0x1
10-15 15:40:26.794 I/InputDispatcher( 2007): Delivering touch to current input target: action: 0x1
10-15 15:40:26.794 I/InputDispatcher( 2007): Delivering touch to current input target: action: 0x1
10-15 15:40:26.794 I/InputDispatcher( 2007): Delivering touch to current input target: action: 0x1
10-15 15:40:26.794 I/InputDispatcher( 2007): Delivering touch to current input target: action: 0x1
10-15 15:40:26.824 D/UiAutomatorBridge(14498): EventType: TYPE_VIEW_CLICKED; EventTime: 19912647; PackageName: com.quad; MovementGranularity: 0; Action: 0 [ ClassName: android.widget.ImageView; Text: []; ContentDescription: null; ItemCount: -1; CurrentItemIndex: -1; IsEnabled: true; IsPassword: false; IsChecked: false; IsFullScreen: false; Scrollable: false; BeforeText: null; FromIndex: -1; ToIndex: -1; ScrollX: -1; ScrollY: -1; MaxScrollX: -1; MaxScrollY: -1; AddedCount: -1; RemovedCount: -1; ParcelableData: null ]; recordCount: 1
10-15 15:40:26.829 D/UiAutomatorBridge(14498): EventType: TYPE_VIEW_TEXT_CHANGED; EventTime: 19912657; PackageName: com.quad; MovementGranularity: 0; Action: 0 [ ClassName: android.widget.EditText; Text: [í ½í¸„í ½í¸ƒí ½í¸Šâ˜ºí ½í¸‰í ½í¸]; ContentDescription: null; ItemCount: -1; CurrentItemIndex: -1; IsEnabled: true; IsPassword: false; IsChecked: false; IsFullScreen: false; Scrollable: false; BeforeText: í ½í¸„í ½í¸ƒí ½í¸Šâ˜ºí ½í¸‰; FromIndex: 9; ToIndex: -1; ScrollX: -1; ScrollY: -1; MaxScrollX: -1; MaxScrollY: -1; AddedCount: 2; RemovedCount: 0; ParcelableData: null ]; recordCount: 0
10-15 15:40:26.844 D/UiAutomatorBridge(14498): EventType: TYPE_VIEW_TEXT_CHANGED; EventTime: 19912670; PackageName: com.quad; MovementGranularity: 0; Action: 0 [ ClassName: android.widget.EditText; Text: [í ½í¸„í ½í¸ƒí ½í¸Šâ˜ºí ½í¸‰í ½í¸]; ContentDescription: null; ItemCount: -1; CurrentItemIndex: -1; IsEnabled: true; IsPassword: false; IsChecked: false; IsFullScreen: false; Scrollable: false; BeforeText: í ½í¸„í ½í¸ƒí ½í¸Šâ˜ºí ½í¸‰í ½í¸; FromIndex: 9; ToIndex: -1; ScrollX: -1; ScrollY: -1; MaxScrollX: -1; MaxScrollY: -1; AddedCount: 2; RemovedCount: 2; ParcelableData: null ]; recordCount: 0
10-15 15:40:26.849 D/UiAutomatorBridge(14498): EventType: TYPE_VIEW_TEXT_SELECTION_CHANGED; EventTime: 19912677; PackageName: com.quad; MovementGranularity: 0; Action: 0 [ ClassName: android.widget.EditText; Text: [í ½í¸„í ½í¸ƒí ½í¸Šâ˜ºí ½í¸‰í ½í¸]; ContentDescription: null; ItemCount: 11; CurrentItemIndex: -1; IsEnabled: true; IsPassword: false; IsChecked: false; IsFullScreen: false; Scrollable: false; BeforeText: null; FromIndex: 11; ToIndex: 11; ScrollX: -1; ScrollY: -1; MaxScrollX: -1; MaxScrollY: -1; AddedCount: -1; RemovedCount: -1; ParcelableData: null ]; recordCount: 0
10-15 15:40:27.474 I/QueryController(14498): Matched selector: UiSelector[CLASS=android.widget.GridView, INSTANCE=0, CHILD=UiSelector[CLASS=android.widget.ImageView, INDEX=6]] <<==>> [android.view.accessibility.AccessibilityNodeInfo@4e200; boundsInParent: Rect(0, 0 - 106, 106); boundsInScreen: Rect(671, 844 - 777, 950); packageName: com.quad; className: android.widget.ImageView; text: null; contentDescription: null; checkable: false; checked: false; focusable: false; focused: false; selected: false; clickable: true; longClickable: false; enabled: true; password: false; scrollable: false; [ACTION_SELECT, ACTION_CLEAR_SELECTION, ACTION_CLICK, ACTION_ACCESSIBILITY_FOCUS]]
10-15 15:40:27.494 I/QueryController(14498): Matched selector: UiSelector[CLASS=android.widget.GridView, INSTANCE=0, CHILD=UiSelector[CLASS=android.widget.ImageView, INDEX=6]] <<==>> [android.view.accessibility.AccessibilityNodeInfo@4e200; boundsInParent: Rect(0, 0 - 106, 106); boundsInScreen: Rect(671, 844 - 777, 950); packageName: com.quad; className: android.widget.ImageView; text: null; contentDescription: null; checkable: false; checked: false; focusable: false; focused: false; selected: false; clickable: true; longClickable: false; enabled: true; password: false; scrollable: false; [ACTION_SELECT, ACTION_CLEAR_SELECTION, ACTION_CLICK, ACTION_ACCESSIBILITY_FOCUS]]
10-15 15:40:27.494 D/InteractionController(14498): click (724, 897)
10-15 15:40:27.494 I/InputDispatcher( 2007): Delivering touch to current input target: action: 0x0
10-15 15:40:27.494 I/InputDispatcher( 2007): Delivering touch to current input target: action: 0x0
10-15 15:40:27.494 I/InputDispatcher( 2007): Delivering touch to current input target: action: 0x0
10-15 15:40:27.494 I/InputDispatcher( 2007): Delivering touch to current input target: action: 0x0
10-15 15:40:27.494 I/InputDispatcher( 2007): Delivering touch to current input target: action: 0x0
10-15 15:40:27.599 I/InputDispatcher( 2007): Delivering touch to current input target: action: 0x1
10-15 15:40:27.599 I/InputDispatcher( 2007): Delivering touch to current input target: action: 0x1
10-15 15:40:27.599 I/InputDispatcher( 2007): Delivering touch to current input target: action: 0x1
10-15 15:40:27.599 I/InputDispatcher( 2007): Delivering touch to current input target: action: 0x1
10-15 15:40:27.599 I/InputDispatcher( 2007): Delivering touch to current input target: action: 0x1
10-15 15:40:27.649 D/UiAutomatorBridge(14498): EventType: TYPE_VIEW_CLICKED; EventTime: 19913474; PackageName: com.quad; MovementGranularity: 0; Action: 0 [ ClassName: android.widget.ImageView; Text: []; ContentDescription: null; ItemCount: -1; CurrentItemIndex: -1; IsEnabled: true; IsPassword: false; IsChecked: false; IsFullScreen: false; Scrollable: false; BeforeText: null; FromIndex: -1; ToIndex: -1; ScrollX: -1; ScrollY: -1; MaxScrollX: -1; MaxScrollY: -1; AddedCount: -1; RemovedCount: -1; ParcelableData: null ]; recordCount: 1
10-15 15:40:27.664 D/UiAutomatorBridge(14498): EventType: TYPE_VIEW_TEXT_CHANGED; EventTime: 19913488; PackageName: com.quad; MovementGranularity: 0; Action: 0 [ ClassName: android.widget.EditText; Text: [í ½í¸„í ½í¸ƒí ½í¸Šâ˜ºí ½í¸‰í ½í¸í ½í¸˜]; ContentDescription: null; ItemCount: -1; CurrentItemIndex: -1; IsEnabled: true; IsPassword: false; IsChecked: false; IsFullScreen: false; Scrollable: false; BeforeText: í ½í¸„í ½í¸ƒí ½í¸Šâ˜ºí ½í¸‰í ½í¸; FromIndex: 11; ToIndex: -1; ScrollX: -1; ScrollY: -1; MaxScrollX: -1; MaxScrollY: -1; AddedCount: 2; RemovedCount: 0; ParcelableData: null ]; recordCount: 0
10-15 15:40:27.679 D/UiAutomatorBridge(14498): EventType: TYPE_VIEW_TEXT_CHANGED; EventTime: 19913502; PackageName: com.quad; MovementGranularity: 0; Action: 0 [ ClassName: android.widget.EditText; Text: [í ½í¸„í ½í¸ƒí ½í¸Šâ˜ºí ½í¸‰í ½í¸í ½í¸˜]; ContentDescription: null; ItemCount: -1; CurrentItemIndex: -1; IsEnabled: true; IsPassword: false; IsChecked: false; IsFullScreen: false; Scrollable: false; BeforeText: í ½í¸„í ½í¸ƒí ½í¸Šâ˜ºí ½í¸‰í ½í¸í ½í¸˜; FromIndex: 11; ToIndex: -1; ScrollX: -1; ScrollY: -1; MaxScrollX: -1; MaxScrollY: -1; AddedCount: 2; RemovedCount: 2; ParcelableData: null ]; recordCount: 0
10-15 15:40:27.684 D/UiAutomatorBridge(14498): EventType: TYPE_VIEW_TEXT_SELECTION_CHANGED; EventTime: 19913510; PackageName: com.quad; MovementGranularity: 0; Action: 0 [ ClassName: android.widget.EditText; Text: [í ½í¸„í ½í¸ƒí ½í¸Šâ˜ºí ½í¸‰í ½í¸í ½í¸˜]; ContentDescription: null; ItemCount: 13; CurrentItemIndex: -1; IsEnabled: true; IsPassword: false; IsChecked: false; IsFullScreen: false; Scrollable: false; BeforeText: null; FromIndex: 13; ToIndex: 13; ScrollX: -1; ScrollY: -1; MaxScrollX: -1; MaxScrollY: -1; AddedCount: -1; RemovedCount: -1; ParcelableData: null ]; recordCount: 0
10-15 15:40:28.149 D/STATUSBAR-NetworkController( 2126): refreshSignalCluster: data=-1 bt=false
10-15 15:40:28.289 I/QueryController(14498): Matched selector: UiSelector[CLASS=android.widget.GridView, INSTANCE=0, CHILD=UiSelector[CLASS=android.widget.ImageView, INDEX=7]] <<==>> [android.view.accessibility.AccessibilityNodeInfo@4e5c1; boundsInParent: Rect(0, 0 - 106, 106); boundsInScreen: Rect(17, 950 - 123, 1056); packageName: com.quad; className: android.widget.ImageView; text: null; contentDescription: null; checkable: false; checked: false; focusable: false; focused: false; selected: false; clickable: true; longClickable: false; enabled: true; password: false; scrollable: false; [ACTION_SELECT, ACTION_CLEAR_SELECTION, ACTION_CLICK, ACTION_ACCESSIBILITY_FOCUS]]
10-15 15:40:28.309 I/QueryController(14498): Matched selector: UiSelector[CLASS=android.widget.GridView, INSTANCE=0, CHILD=UiSelector[CLASS=android.widget.ImageView, INDEX=7]] <<==>> [android.view.accessibility.AccessibilityNodeInfo@4e5c1; boundsInParent: Rect(0, 0 - 106, 106); boundsInScreen: Rect(17, 950 - 123, 1056); packageName: com.quad; className: android.widget.ImageView; text: null; contentDescription: null; checkable: false; checked: false; focusable: false; focused: false; selected: false; clickable: true; longClickable: false; enabled: true; password: false; scrollable: false; [ACTION_SELECT, ACTION_CLEAR_SELECTION, ACTION_CLICK, ACTION_ACCESSIBILITY_FOCUS]]
10-15 15:40:28.309 D/InteractionController(14498): click (70, 1003)
10-15 15:40:28.309 I/InputDispatcher( 2007): Delivering touch to current input target: action: 0x0
10-15 15:40:28.309 I/InputDispatcher( 2007): Delivering touch to current input target: action: 0x0
10-15 15:40:28.309 I/InputDispatcher( 2007): Delivering touch to current input target: action: 0x0
10-15 15:40:28.309 I/InputDispatcher( 2007): Delivering touch to current input target: action: 0x0
10-15 15:40:28.309 I/InputDispatcher( 2007): Delivering touch to current input target: action: 0x0
10-15 15:40:28.419 I/InputDispatcher( 2007): Delivering touch to current input target: action: 0x1
10-15 15:40:28.419 I/InputDispatcher( 2007): Delivering touch to current input target: action: 0x1
10-15 15:40:28.419 I/InputDispatcher( 2007): Delivering touch to current input target: action: 0x1
10-15 15:40:28.419 I/InputDispatcher( 2007): Delivering touch to current input target: action: 0x1
10-15 15:40:28.419 I/InputDispatcher( 2007): Delivering touch to current input target: action: 0x1
10-15 15:40:28.469 D/UiAutomatorBridge(14498): EventType: TYPE_VIEW_CLICKED; EventTime: 19914292; PackageName: com.quad; MovementGranularity: 0; Action: 0 [ ClassName: android.widget.ImageView; Text: []; ContentDescription: null; ItemCount: -1; CurrentItemIndex: -1; IsEnabled: true; IsPassword: false; IsChecked: false; IsFullScreen: false; Scrollable: false; BeforeText: null; FromIndex: -1; ToIndex: -1; ScrollX: -1; ScrollY: -1; MaxScrollX: -1; MaxScrollY: -1; AddedCount: -1; RemovedCount: -1; ParcelableData: null ]; recordCount: 1
10-15 15:40:28.479 D/UiAutomatorBridge(14498): EventType: TYPE_VIEW_TEXT_CHANGED; EventTime: 19914305; PackageName: com.quad; MovementGranularity: 0; Action: 0 [ ClassName: android.widget.EditText; Text: [í ½í¸„í ½í¸ƒí ½í¸Šâ˜ºí ½í¸‰í ½í¸í ½í¸˜í ½í¸š]; ContentDescription: null; ItemCount: -1; CurrentItemIndex: -1; IsEnabled: true; IsPassword: false; IsChecked: false; IsFullScreen: false; Scrollable: false; BeforeText: í ½í¸„í ½í¸ƒí ½í¸Šâ˜ºí ½í¸‰í ½í¸í ½í¸˜; FromIndex: 13; ToIndex: -1; ScrollX: -1; ScrollY: -1; MaxScrollX: -1; MaxScrollY: -1; AddedCount: 2; RemovedCount: 0; ParcelableData: null ]; recordCount: 0
10-15 15:40:28.489 D/UiAutomatorBridge(14498): EventType: TYPE_VIEW_TEXT_CHANGED; EventTime: 19914317; PackageName: com.quad; MovementGranularity: 0; Action: 0 [ ClassName: android.widget.EditText; Text: [í ½í¸„í ½í¸ƒí ½í¸Šâ˜ºí ½í¸‰í ½í¸í ½í¸˜í ½í¸š]; ContentDescription: null; ItemCount: -1; CurrentItemIndex: -1; IsEnabled: true; IsPassword: false; IsChecked: false; IsFullScreen: false; Scrollable: false; BeforeText: í ½í¸„í ½í¸ƒí ½í¸Šâ˜ºí ½í¸‰í ½í¸í ½í¸˜í ½í¸š; FromIndex: 13; ToIndex: -1; ScrollX: -1; ScrollY: -1; MaxScrollX: -1; MaxScrollY: -1; AddedCount: 2; RemovedCount: 2; ParcelableData: null ]; recordCount: 0
10-15 15:40:28.499 D/UiAutomatorBridge(14498): EventType: TYPE_VIEW_TEXT_SELECTION_CHANGED; EventTime: 19914323; PackageName: com.quad; MovementGranularity: 0; Action: 0 [ ClassName: android.widget.EditText; Text: [í ½í¸„í ½í¸ƒí ½í¸Šâ˜ºí ½í¸‰í ½í¸í ½í¸˜í ½í¸š]; ContentDescription: null; ItemCount: 15; CurrentItemIndex: -1; IsEnabled: true; IsPassword: false; IsChecked: false; IsFullScreen: false; Scrollable: false; BeforeText: null; FromIndex: 15; ToIndex: 15; ScrollX: -1; ScrollY: -1; MaxScrollX: -1; MaxScrollY: -1; AddedCount: -1; RemovedCount: -1; ParcelableData: null ]; recordCount: 0
10-15 15:40:28.999 D/InteractionController(14498): scrollSwipe (380, 925, 200, 925, 5)
10-15 15:40:29.004 I/InputDispatcher( 2007): Delivering touch to current input target: action: 0x0
10-15 15:40:29.004 I/InputDispatcher( 2007): Delivering touch to current input target: action: 0x0
10-15 15:40:29.004 I/InputDispatcher( 2007): Delivering touch to current input target: action: 0x0
10-15 15:40:29.004 I/InputDispatcher( 2007): Delivering touch to current input target: action: 0x0
10-15 15:40:29.004 I/InputDispatcher( 2007): Delivering touch to current input target: action: 0x0
10-15 15:40:29.159 D/STATUSBAR-NetworkController( 2126): refreshSignalCluster: data=-1 bt=false
10-15 15:40:29.284 D/UiAutomatorBridge(14498): EventType: TYPE_VIEW_SCROLLED; EventTime: 19915111; PackageName: com.quad; MovementGranularity: 0; Action: 0 [ ClassName: android.support.v4.view.ViewPager; Text: []; ContentDescription: null; ItemCount: -1; CurrentItemIndex: -1; IsEnabled: true; IsPassword: false; IsChecked: false; IsFullScreen: false; Scrollable: false; BeforeText: null; FromIndex: -1; ToIndex: -1; ScrollX: -1; ScrollY: -1; MaxScrollX: -1; MaxScrollY: -1; AddedCount: -1; RemovedCount: -1; ParcelableData: null ]; recordCount: 0
10-15 15:40:29.294 I/InputDispatcher( 2007): Delivering touch to current input target: action: 0x1
10-15 15:40:29.294 I/InputDispatcher( 2007): Delivering touch to current input target: action: 0x1
10-15 15:40:29.294 I/InputDispatcher( 2007): Delivering touch to current input target: action: 0x1
10-15 15:40:29.294 I/InputDispatcher( 2007): Delivering touch to current input target: action: 0x1
10-15 15:40:29.294 I/InputDispatcher( 2007): Delivering touch to current input target: action: 0x1
10-15 15:40:29.404 D/UiAutomatorBridge(14498): EventType: TYPE_VIEW_SCROLLED; EventTime: 19915231; PackageName: com.quad; MovementGranularity: 0; Action: 0 [ ClassName: android.support.v4.view.ViewPager; Text: []; ContentDescription: null; ItemCount: -1; CurrentItemIndex: -1; IsEnabled: true; IsPassword: false; IsChecked: false; IsFullScreen: false; Scrollable: false; BeforeText: null; FromIndex: -1; ToIndex: -1; ScrollX: -1; ScrollY: -1; MaxScrollX: -1; MaxScrollY: -1; AddedCount: -1; RemovedCount: -1; ParcelableData: null ]; recordCount: 0
10-15 15:40:29.529 D/UiAutomatorBridge(14498): EventType: TYPE_VIEW_SCROLLED; EventTime: 19915356; PackageName: com.quad; MovementGranularity: 0; Action: 0 [ ClassName: android.support.v4.view.ViewPager; Text: []; ContentDescription: null; ItemCount: -1; CurrentItemIndex: -1; IsEnabled: true; IsPassword: false; IsChecked: false; IsFullScreen: false; Scrollable: false; BeforeText: null; FromIndex: -1; ToIndex: -1; ScrollX: -1; ScrollY: -1; MaxScrollX: -1; MaxScrollY: -1; AddedCount: -1; RemovedCount: -1; ParcelableData: null ]; recordCount: 0
10-15 15:40:29.649 D/UiAutomatorBridge(14498): EventType: TYPE_VIEW_SCROLLED; EventTime: 19915475; PackageName: com.quad; MovementGranularity: 0; Action: 0 [ ClassName: android.support.v4.view.ViewPager; Text: []; ContentDescription: null; ItemCount: -1; CurrentItemIndex: -1; IsEnabled: true; IsPassword: false; IsChecked: false; IsFullScreen: false; Scrollable: false; BeforeText: null; FromIndex: -1; ToIndex: -1; ScrollX: -1; ScrollY: -1; MaxScrollX: -1; MaxScrollY: -1; AddedCount: -1; RemovedCount: -1; ParcelableData: null ]; recordCount: 0
10-15 15:40:29.774 D/UiAutomatorBridge(14498): EventType: TYPE_VIEW_SCROLLED; EventTime: 19915597; PackageName: com.quad; MovementGranularity: 0; Action: 0 [ ClassName: android.support.v4.view.ViewPager; Text: []; ContentDescription: null; ItemCount: -1; CurrentItemIndex: -1; IsEnabled: true; IsPassword: false; IsChecked: false; IsFullScreen: false; Scrollable: false; BeforeText: null; FromIndex: -1; ToIndex: -1; ScrollX: -1; ScrollY: -1; MaxScrollX: -1; MaxScrollY: -1; AddedCount: -1; RemovedCount: -1; ParcelableData: null ]; recordCount: 0
10-15 15:40:29.889 D/UiAutomatorBridge(14498): EventType: TYPE_VIEW_SCROLLED; EventTime: 19915716; PackageName: com.quad; MovementGranularity: 0; Action: 0 [ ClassName: android.support.v4.view.ViewPager; Text: []; ContentDescription: null; ItemCount: -1; CurrentItemIndex: -1; IsEnabled: true; IsPassword: false; IsChecked: false; IsFullScreen: false; Scrollable: false; BeforeText: null; FromIndex: -1; ToIndex: -1; ScrollX: -1; ScrollY: -1; MaxScrollX: -1; MaxScrollY: -1; AddedCount: -1; RemovedCount: -1; ParcelableData: null ]; recordCount: 0
10-15 15:40:30.084 D/UiAutomatorBridge(14498): EventType: TYPE_VIEW_SCROLLED; EventTime: 19915906; PackageName: com.quad; MovementGranularity: 0; Action: 0 [ ClassName: android.widget.GridView; Text: []; ContentDescription: null; ItemCount: 21; CurrentItemIndex: -1; IsEnabled: true; IsPassword: false; IsChecked: false; IsFullScreen: false; Scrollable: false; BeforeText: null; FromIndex: 0; ToIndex: 20; ScrollX: -1; ScrollY: -1; MaxScrollX: -1; MaxScrollY: -1; AddedCount: -1; RemovedCount: -1; ParcelableData: null ]; recordCount: 0
10-15 15:40:30.084 D/UiAutomatorBridge(14498): EventType: TYPE_WINDOW_CONTENT_CHANGED; EventTime: 19915907; PackageName: com.quad; MovementGranularity: 0; Action: 0 [ ClassName: android.widget.FrameLayout; Text: []; ContentDescription: null; ItemCount: -1; CurrentItemIndex: -1; IsEnabled: true; IsPassword: false; IsChecked: false; IsFullScreen: false; Scrollable: false; BeforeText: null; FromIndex: -1; ToIndex: -1; ScrollX: -1; ScrollY: -1; MaxScrollX: -1; MaxScrollY: -1; AddedCount: -1; RemovedCount: -1; ParcelableData: null ]; recordCount: 0
10-15 15:40:30.499 W/PowerManagerService( 2007): Timer 0x3->0x3|0x0
10-15 15:40:30.699 I/QueryController(14498): Matched selector: UiSelector[CLASS=android.widget.GridView, INSTANCE=0, CHILD=UiSelector[CLASS=android.widget.ImageView, INDEX=0]] <<==>> [android.view.accessibility.AccessibilityNodeInfo@51a4f; boundsInParent: Rect(0, 0 - 106, 106); boundsInScreen: Rect(17, 844 - 123, 950); packageName: com.quad; className: android.widget.ImageView; text: null; contentDescription: null; checkable: false; checked: false; focusable: false; focused: false; selected: false; clickable: true; longClickable: false; enabled: true; password: false; scrollable: false; [ACTION_SELECT, ACTION_CLEAR_SELECTION, ACTION_CLICK, ACTION_ACCESSIBILITY_FOCUS]]
10-15 15:40:30.724 I/QueryController(14498): Matched selector: UiSelector[CLASS=android.widget.GridView, INSTANCE=0, CHILD=UiSelector[CLASS=android.widget.ImageView, INDEX=0]] <<==>> [android.view.accessibility.AccessibilityNodeInfo@51a4f; boundsInParent: Rect(0, 0 - 106, 106); boundsInScreen: Rect(17, 844 - 123, 950); packageName: com.quad; className: android.widget.ImageView; text: null; contentDescription: null; checkable: false; checked: false; focusable: false; focused: false; selected: false; clickable: true; longClickable: false; enabled: true; password: false; scrollable: false; [ACTION_SELECT, ACTION_CLEAR_SELECTION, ACTION_CLICK, ACTION_ACCESSIBILITY_FOCUS]]
10-15 15:40:30.724 D/InteractionController(14498): click (70, 897)
10-15 15:40:30.729 I/InputDispatcher( 2007): Delivering touch to current input target: action: 0x0
10-15 15:40:30.729 I/InputDispatcher( 2007): Delivering touch to current input target: action: 0x0
10-15 15:40:30.729 I/InputDispatcher( 2007): Delivering touch to current input target: action: 0x0
10-15 15:40:30.729 I/InputDispatcher( 2007): Delivering touch to current input target: action: 0x0
10-15 15:40:30.729 I/InputDispatcher( 2007): Delivering touch to current input target: action: 0x0
10-15 15:40:30.824 D/BatteryService( 2007): update start
10-15 15:40:30.829 E/MtpService( 3805): In MTPAPP onReceive:android.intent.action.BATTERY_CHANGED
10-15 15:40:30.829 E/MtpService( 3805): battPlugged Type : 2
10-15 15:40:30.829 D/BatteryService( 2007): level:100 scale:100 status:5 health:2 present:true voltage: 4109 temperature: 310 technology: Li-ion AC powered:false USB powered:true icon:17303267 invalid charger:0 online:1 charge type:0 current avg:1
10-15 15:40:30.834 D/STATUSBAR-BatteryController( 2126): onReceive() - ACTION_BATTERY_CHANGED
10-15 15:40:30.834 D/STATUSBAR-BatteryController( 2126): onReceive() - level:100
10-15 15:40:30.834 D/STATUSBAR-BatteryController( 2126): onReceive() - plugged:2
10-15 15:40:30.834 D/STATUSBAR-BatteryController( 2126): onReceive() - BATTERY_STATUS_FULL:
10-15 15:40:30.834 D/STATUSBAR-PhoneStatusBar( 2126): ACTION_BATTERY_CHANGED
10-15 15:40:30.834 D/STATUSBAR-PhoneStatusBar( 2126): NORMAL_BATTERY
10-15 15:40:30.834 W/AlarmManager( 2007): FACTORY_ON= 0
10-15 15:40:30.844 I/InputDispatcher( 2007): Delivering touch to current input target: action: 0x1
10-15 15:40:30.844 I/InputDispatcher( 2007): Delivering touch to current input target: action: 0x1
10-15 15:40:30.844 I/InputDispatcher( 2007): Delivering touch to current input target: action: 0x1
10-15 15:40:30.844 I/InputDispatcher( 2007): Delivering touch to current input target: action: 0x1
10-15 15:40:30.844 I/InputDispatcher( 2007): Delivering touch to current input target: action: 0x1
10-15 15:40:30.869 D/UiAutomatorBridge(14498): EventType: TYPE_VIEW_CLICKED; EventTime: 19916693; PackageName: com.quad; MovementGranularity: 0; Action: 0 [ ClassName: android.widget.ImageView; Text: []; ContentDescription: null; ItemCount: -1; CurrentItemIndex: -1; IsEnabled: true; IsPassword: false; IsChecked: false; IsFullScreen: false; Scrollable: false; BeforeText: null; FromIndex: -1; ToIndex: -1; ScrollX: -1; ScrollY: -1; MaxScrollX: -1; MaxScrollY: -1; AddedCount: -1; RemovedCount: -1; ParcelableData: null ]; recordCount: 1
10-15 15:40:30.874 D/UiAutomatorBridge(14498): EventType: TYPE_VIEW_TEXT_CHANGED; EventTime: 19916700; PackageName: com.quad; MovementGranularity: 0; Action: 0 [ ClassName: android.widget.EditText; Text: [í ½í¸„í ½í¸ƒí ½í¸Šâ˜ºí ½í¸‰í ½í¸í ½í¸˜í ½í¸ší ½í¸ª]; ContentDescription: null; ItemCount: -1; CurrentItemIndex: -1; IsEnabled: true; IsPassword: false; IsChecked: false; IsFullScreen: false; Scrollable: false; BeforeText: í ½í¸„í ½í¸ƒí ½í¸Šâ˜ºí ½í¸‰í ½í¸í ½í¸˜í ½í¸š; FromIndex: 15; ToIndex: -1; ScrollX: -1; ScrollY: -1; MaxScrollX: -1; MaxScrollY: -1; AddedCount: 2; RemovedCount: 0; ParcelableData: null ]; recordCount: 0
10-15 15:40:30.884 D/UiAutomatorBridge(14498): EventType: TYPE_VIEW_TEXT_CHANGED; EventTime: 19916709; PackageName: com.quad; MovementGranularity: 0; Action: 0 [ ClassName: android.widget.EditText; Text: [í ½í¸„í ½í¸ƒí ½í¸Šâ˜ºí ½í¸‰í ½í¸í ½í¸˜í ½í¸ší ½í¸ª]; ContentDescription: null; ItemCount: -1; CurrentItemIndex: -1; IsEnabled: true; IsPassword: false; IsChecked: false; IsFullScreen: false; Scrollable: false; BeforeText: í ½í¸„í ½í¸ƒí ½í¸Šâ˜ºí ½í¸‰í ½í¸í ½í¸˜í ½í¸ší ½í¸ª; FromIndex: 15; ToIndex: -1; ScrollX: -1; ScrollY: -1; MaxScrollX: -1; MaxScrollY: -1; AddedCount: 2; RemovedCount: 2; ParcelableData: null ]; recordCount: 0
10-15 15:40:30.884 D/UiAutomatorBridge(14498): EventType: TYPE_VIEW_TEXT_SELECTION_CHANGED; EventTime: 19916713; PackageName: com.quad; MovementGranularity: 0; Action: 0 [ ClassName: android.widget.EditText; Text: [í ½í¸„í ½í¸ƒí ½í¸Šâ˜ºí ½í¸‰í ½í¸í ½í¸˜í ½í¸ší ½í¸ª]; ContentDescription: null; ItemCount: 17; CurrentItemIndex: -1; IsEnabled: true; IsPassword: false; IsChecked: false; IsFullScreen: false; Scrollable: false; BeforeText: null; FromIndex: 17; ToIndex: 17; ScrollX: -1; ScrollY: -1; MaxScrollX: -1; MaxScrollY: -1; AddedCount: -1; RemovedCount: -1; ParcelableData: null ]; recordCount: 0
10-15 15:40:31.169 D/STATUSBAR-NetworkController( 2126): refreshSignalCluster: data=-1 bt=false
10-15 15:40:31.534 I/QueryController(14498): Matched selector: UiSelector[CLASS=android.widget.GridView, INSTANCE=0, CHILD=UiSelector[CLASS=android.widget.ImageView, INDEX=1]] <<==>> [android.view.accessibility.AccessibilityNodeInfo@51e10; boundsInParent: Rect(0, 0 - 106, 106); boundsInScreen: Rect(126, 844 - 232, 950); packageName: com.quad; className: android.widget.ImageView; text: null; contentDescription: null; checkable: false; checked: false; focusable: false; focused: false; selected: false; clickable: true; longClickable: false; enabled: true; password: false; scrollable: false; [ACTION_SELECT, ACTION_CLEAR_SELECTION, ACTION_CLICK, ACTION_ACCESSIBILITY_FOCUS]]
10-15 15:40:31.579 I/QueryController(14498): Matched selector: UiSelector[CLASS=android.widget.GridView, INSTANCE=0, CHILD=UiSelector[CLASS=android.widget.ImageView, INDEX=1]] <<==>> [android.view.accessibility.AccessibilityNodeInfo@51e10; boundsInParent: Rect(0, 0 - 106, 106); boundsInScreen: Rect(126, 844 - 232, 950); packageName: com.quad; className: android.widget.ImageView; text: null; contentDescription: null; checkable: false; checked: false; focusable: false; focused: false; selected: false; clickable: true; longClickable: false; enabled: true; password: false; scrollable: false; [ACTION_SELECT, ACTION_CLEAR_SELECTION, ACTION_CLICK, ACTION_ACCESSIBILITY_FOCUS]]
10-15 15:40:31.579 D/InteractionController(14498): click (179, 897)
10-15 15:40:31.579 I/InputDispatcher( 2007): Delivering touch to current input target: action: 0x0
10-15 15:40:31.579 I/InputDispatcher( 2007): Delivering touch to current input target: action: 0x0
10-15 15:40:31.579 I/InputDispatcher( 2007): Delivering touch to current input target: action: 0x0
10-15 15:40:31.579 I/InputDispatcher( 2007): Delivering touch to current input target: action: 0x0
10-15 15:40:31.579 I/InputDispatcher( 2007): Delivering touch to current input target: action: 0x0
10-15 15:40:31.684 I/InputDispatcher( 2007): Delivering touch to current input target: action: 0x1
10-15 15:40:31.684 I/InputDispatcher( 2007): Delivering touch to current input target: action: 0x1
10-15 15:40:31.684 I/InputDispatcher( 2007): Delivering touch to current input target: action: 0x1
10-15 15:40:31.684 I/InputDispatcher( 2007): Delivering touch to current input target: action: 0x1
10-15 15:40:31.684 I/InputDispatcher( 2007): Delivering touch to current input target: action: 0x1
10-15 15:40:31.744 D/UiAutomatorBridge(14498): EventType: TYPE_VIEW_CLICKED; EventTime: 19917567; PackageName: com.quad; MovementGranularity: 0; Action: 0 [ ClassName: android.widget.ImageView; Text: []; ContentDescription: null; ItemCount: -1; CurrentItemIndex: -1; IsEnabled: true; IsPassword: false; IsChecked: false; IsFullScreen: false; Scrollable: false; BeforeText: null; FromIndex: -1; ToIndex: -1; ScrollX: -1; ScrollY: -1; MaxScrollX: -1; MaxScrollY: -1; AddedCount: -1; RemovedCount: -1; ParcelableData: null ]; recordCount: 1
10-15 15:40:31.764 D/UiAutomatorBridge(14498): EventType: TYPE_VIEW_TEXT_CHANGED; EventTime: 19917586; PackageName: com.quad; MovementGranularity: 0; Action: 0 [ ClassName: android.widget.EditText; Text: [í ½í¸„í ½í¸ƒí ½í¸Šâ˜ºí ½í¸‰í ½í¸í ½í¸˜í ½í¸ší ½í¸ªí ½í¸¥]; ContentDescription: null; ItemCount: -1; CurrentItemIndex: -1; IsEnabled: true; IsPassword: false; IsChecked: false; IsFullScreen: false; Scrollable: false; BeforeText: í ½í¸„í ½í¸ƒí ½í¸Šâ˜ºí ½í¸‰í ½í¸í ½í¸˜í ½í¸ší ½í¸ª; FromIndex: 17; ToIndex: -1; ScrollX: -1; ScrollY: -1; MaxScrollX: -1; MaxScrollY: -1; AddedCount: 2; RemovedCount: 0; ParcelableData: null ]; recordCount: 0
