10-15 15:40:41.434 D/UiAutomatorBridge(14498): EventType: TYPE_VIEW_TEXT_SELECTION_CHANGED; EventTime: 19927259; PackageName: com.quad; MovementGranularity: 0; Action: 0 [ ClassName: android.widget.EditText; Text: [í ½í¸„í ½í¸ƒí ½í¸Šâ˜ºí ½í¸‰í ½í¸í ½í¸˜í ½í¸ší ½í¸ªí ½í¸¥í ½í¸°í ½í¸“í ½í¸¨í ½í¸±í ½í¸ í ½í¸¡í ½í²¨í ½í±]; ContentDescription: null; ItemCount: 35; CurrentItemIndex: -1; IsEnabled: true; IsPassword: false; IsChecked: false; IsFullScreen: false; Scrollable: false; BeforeText: null; FromIndex: 35; ToIndex: 35; ScrollX: -1; ScrollY: -1; MaxScrollX: -1; MaxScrollY: -1; AddedCount: -1; RemovedCount: -1; ParcelableData: null ]; recordCount: 0
10-15 15:40:41.574 D/UiAutomatorBridge(14498): EventType: TYPE_WINDOW_CONTENT_CHANGED; EventTime: 19927397; PackageName: com.quad; MovementGranularity: 0; Action: 0 [ ClassName: android.widget.FrameLayout; Text: []; ContentDescription: null; ItemCount: -1; CurrentItemIndex: -1; IsEnabled: true; IsPassword: false; IsChecked: false; IsFullScreen: false; Scrollable: false; BeforeText: null; FromIndex: -1; ToIndex: -1; ScrollX: -1; ScrollY: -1; MaxScrollX: -1; MaxScrollY: -1; AddedCount: -1; RemovedCount: -1; ParcelableData: null ]; recordCount: 0
10-15 15:40:42.234 I/QueryController(14498): Matched selector: UiSelector[CLASS=android.widget.GridView, INSTANCE=0, CHILD=UiSelector[CLASS=android.widget.ImageView, INDEX=2]] <<==>> [android.view.accessibility.AccessibilityNodeInfo@5926f; boundsInParent: Rect(0, 0 - 106, 106); boundsInScreen: Rect(235, 844 - 341, 950); packageName: com.quad; className: android.widget.ImageView; text: null; contentDescription: null; checkable: false; checked: false; focusable: false; focused: false; selected: false; clickable: true; longClickable: false; enabled: true; password: false; scrollable: false; [ACTION_SELECT, ACTION_CLEAR_SELECTION, ACTION_CLICK, ACTION_ACCESSIBILITY_FOCUS]]
10-15 15:40:42.289 I/QueryController(14498): Matched selector: UiSelector[CLASS=android.widget.GridView, INSTANCE=0, CHILD=UiSelector[CLASS=android.widget.ImageView, INDEX=2]] <<==>> [android.view.accessibility.AccessibilityNodeInfo@5926f; boundsInParent: Rect(0, 0 - 106, 106); boundsInScreen: Rect(235, 844 - 341, 950); packageName: com.quad; className: android.widget.ImageView; text: null; contentDescription: null; checkable: false; checked: false; focusable: false; focused: false; selected: false; clickable: true; longClickable: false; enabled: true; password: false; scrollable: false; [ACTION_SELECT, ACTION_CLEAR_SELECTION, ACTION_CLICK, ACTION_ACCESSIBILITY_FOCUS]]
10-15 15:40:42.294 D/InteractionController(14498): click (288, 897)
10-15 15:40:42.294 I/InputDispatcher( 2007): Delivering touch to current input target: action: 0x0
10-15 15:40:42.294 I/InputDispatcher( 2007): Delivering touch to current input target: action: 0x0
10-15 15:40:42.294 I/InputDispatcher( 2007): Delivering touch to current input target: action: 0x0
10-15 15:40:42.294 I/InputDispatcher( 2007): Delivering touch to current input target: action: 0x0
10-15 15:40:42.294 I/InputDispatcher( 2007): Delivering touch to current input target: action: 0x0
10-15 15:40:42.339 D/dalvikvm(14539): GC_CONCURRENT freed 962K, 7% free 20583K/22087K, paused 13ms+7ms, total 94ms
10-15 15:40:42.399 I/InputDispatcher( 2007): Delivering touch to current input target: action: 0x1
10-15 15:40:42.399 I/InputDispatcher( 2007): Delivering touch to current input target: action: 0x1
10-15 15:40:42.399 I/InputDispatcher( 2007): Delivering touch to current input target: action: 0x1
10-15 15:40:42.399 I/InputDispatcher( 2007): Delivering touch to current input target: action: 0x1
10-15 15:40:42.399 I/InputDispatcher( 2007): Delivering touch to current input target: action: 0x1
10-15 15:40:42.434 D/UiAutomatorBridge(14498): EventType: TYPE_VIEW_CLICKED; EventTime: 19928258; PackageName: com.quad; MovementGranularity: 0; Action: 0 [ ClassName: android.widget.ImageView; Text: []; ContentDescription: null; ItemCount: -1; CurrentItemIndex: -1; IsEnabled: true; IsPassword: false; IsChecked: false; IsFullScreen: false; Scrollable: false; BeforeText: null; FromIndex: -1; ToIndex: -1; ScrollX: -1; ScrollY: -1; MaxScrollX: -1; MaxScrollY: -1; AddedCount: -1; RemovedCount: -1; ParcelableData: null ]; recordCount: 1
10-15 15:40:42.444 D/UiAutomatorBridge(14498): EventType: TYPE_VIEW_TEXT_CHANGED; EventTime: 19928268; PackageName: com.quad; MovementGranularity: 0; Action: 0 [ ClassName: android.widget.EditText; Text: [í ½í¸„í ½í¸ƒí ½í¸Šâ˜ºí ½í¸‰í ½í¸í ½í¸˜í ½í¸ší ½í¸ªí ½í¸¥í ½í¸°í ½í¸“í ½í¸¨í ½í¸±í ½í¸ í ½í¸¡í ½í²¨í ½í±í ½í±Ž]; ContentDescription: null; ItemCount: -1; CurrentItemIndex: -1; IsEnabled: true; IsPassword: false; IsChecked: false; IsFullScreen: false; Scrollable: false; BeforeText: í ½í¸„í ½í¸ƒí ½í¸Šâ˜ºí ½í¸‰í ½í¸í ½í¸˜í ½í¸ší ½í¸ªí ½í¸¥í ½í¸°í ½í¸“í ½í¸¨í ½í¸±í ½í¸ í ½í¸¡í ½í²¨í ½í±; FromIndex: 35; ToIndex: -1; ScrollX: -1; ScrollY: -1; MaxScrollX: -1; MaxScrollY: -1; AddedCount: 2; RemovedCount: 0; ParcelableData: null ]; recordCount: 0
10-15 15:40:42.459 D/UiAutomatorBridge(14498): EventType: TYPE_VIEW_TEXT_CHANGED; EventTime: 19928283; PackageName: com.quad; MovementGranularity: 0; Action: 0 [ ClassName: android.widget.EditText; Text: [í ½í¸„í ½í¸ƒí ½í¸Šâ˜ºí ½í¸‰í ½í¸í ½í¸˜í ½í¸ší ½í¸ªí ½í¸¥í ½í¸°í ½í¸“í ½í¸¨í ½í¸±í ½í¸ í ½í¸¡í ½í²¨í ½í±í ½í±Ž]; ContentDescription: null; ItemCount: -1; CurrentItemIndex: -1; IsEnabled: true; IsPassword: false; IsChecked: false; IsFullScreen: false; Scrollable: false; BeforeText: í ½í¸„í ½í¸ƒí ½í¸Šâ˜ºí ½í¸‰í ½í¸í ½í¸˜í ½í¸ší ½í¸ªí ½í¸¥í ½í¸°í ½í¸“í ½í¸¨í ½í¸±í ½í¸ í ½í¸¡í ½í²¨í ½í±í ½í±Ž; FromIndex: 35; ToIndex: -1; ScrollX: -1; ScrollY: -1; MaxScrollX: -1; MaxScrollY: -1; AddedCount: 2; RemovedCount: 2; ParcelableData: null ]; recordCount: 0
10-15 15:40:42.464 D/UiAutomatorBridge(14498): EventType: TYPE_VIEW_TEXT_SELECTION_CHANGED; EventTime: 19928289; PackageName: com.quad; MovementGranularity: 0; Action: 0 [ ClassName: android.widget.EditText; Text: [í ½í¸„í ½í¸ƒí ½í¸Šâ˜ºí ½í¸‰í ½í¸í ½í¸˜í ½í¸ší ½í¸ªí ½í¸¥í ½í¸°í ½í¸“í ½í¸¨í ½í¸±í ½í¸ í ½í¸¡í ½í²¨í ½í±í ½í±Ž]; ContentDescription: null; ItemCount: 37; CurrentItemIndex: -1; IsEnabled: true; IsPassword: false; IsChecked: false; IsFullScreen: false; Scrollable: false; BeforeText: null; FromIndex: 37; ToIndex: 37; ScrollX: -1; ScrollY: -1; MaxScrollX: -1; MaxScrollY: -1; AddedCount: -1; RemovedCount: -1; ParcelableData: null ]; recordCount: 0
10-15 15:40:42.594 D/UiAutomatorBridge(14498): EventType: TYPE_WINDOW_CONTENT_CHANGED; EventTime: 19928417; PackageName: com.quad; MovementGranularity: 0; Action: 0 [ ClassName: android.widget.FrameLayout; Text: []; ContentDescription: null; ItemCount: -1; CurrentItemIndex: -1; IsEnabled: true; IsPassword: false; IsChecked: false; IsFullScreen: false; Scrollable: false; BeforeText: null; FromIndex: -1; ToIndex: -1; ScrollX: -1; ScrollY: -1; MaxScrollX: -1; MaxScrollY: -1; AddedCount: -1; RemovedCount: -1; ParcelableData: null ]; recordCount: 0
10-15 15:40:43.239 I/QueryController(14498): Matched selector: UiSelector[CLASS=android.widget.GridView, INSTANCE=0, CHILD=UiSelector[CLASS=android.widget.ImageView, INDEX=3]] <<==>> [android.view.accessibility.AccessibilityNodeInfo@59630; boundsInParent: Rect(0, 0 - 106, 106); boundsInScreen: Rect(344, 844 - 450, 950); packageName: com.quad; className: android.widget.ImageView; text: null; contentDescription: null; checkable: false; checked: false; focusable: false; focused: false; selected: false; clickable: true; longClickable: false; enabled: true; password: false; scrollable: false; [ACTION_SELECT, ACTION_CLEAR_SELECTION, ACTION_CLICK, ACTION_ACCESSIBILITY_FOCUS]]
10-15 15:40:43.304 I/QueryController(14498): Matched selector: UiSelector[CLASS=android.widget.GridView, INSTANCE=0, CHILD=UiSelector[CLASS=android.widget.ImageView, INDEX=3]] <<==>> [android.view.accessibility.AccessibilityNodeInfo@59630; boundsInParent: Rect(0, 0 - 106, 106); boundsInScreen: Rect(344, 844 - 450, 950); packageName: com.quad; className: android.widget.ImageView; text: null; contentDescription: null; checkable: false; checked: false; focusable: false; focused: false; selected: false; clickable: true; longClickable: false; enabled: true; password: false; scrollable: false; [ACTION_SELECT, ACTION_CLEAR_SELECTION, ACTION_CLICK, ACTION_ACCESSIBILITY_FOCUS]]
10-15 15:40:43.304 D/InteractionController(14498): click (397, 897)
10-15 15:40:43.304 I/InputDispatcher( 2007): Delivering touch to current input target: action: 0x0
10-15 15:40:43.304 I/InputDispatcher( 2007): Delivering touch to current input target: action: 0x0
10-15 15:40:43.304 I/InputDispatcher( 2007): Delivering touch to current input target: action: 0x0
10-15 15:40:43.304 I/InputDispatcher( 2007): Delivering touch to current input target: action: 0x0
10-15 15:40:43.304 I/InputDispatcher( 2007): Delivering touch to current input target: action: 0x0
10-15 15:40:43.424 I/InputDispatcher( 2007): Delivering touch to current input target: action: 0x1
10-15 15:40:43.424 I/InputDispatcher( 2007): Delivering touch to current input target: action: 0x1
10-15 15:40:43.424 I/InputDispatcher( 2007): Delivering touch to current input target: action: 0x1
10-15 15:40:43.424 I/InputDispatcher( 2007): Delivering touch to current input target: action: 0x1
10-15 15:40:43.424 I/InputDispatcher( 2007): Delivering touch to current input target: action: 0x1
10-15 15:40:43.479 D/UiAutomatorBridge(14498): EventType: TYPE_VIEW_CLICKED; EventTime: 19929298; PackageName: com.quad; MovementGranularity: 0; Action: 0 [ ClassName: android.widget.ImageView; Text: []; ContentDescription: null; ItemCount: -1; CurrentItemIndex: -1; IsEnabled: true; IsPassword: false; IsChecked: false; IsFullScreen: false; Scrollable: false; BeforeText: null; FromIndex: -1; ToIndex: -1; ScrollX: -1; ScrollY: -1; MaxScrollX: -1; MaxScrollY: -1; AddedCount: -1; RemovedCount: -1; ParcelableData: null ]; recordCount: 1
10-15 15:40:43.494 D/UiAutomatorBridge(14498): EventType: TYPE_VIEW_TEXT_CHANGED; EventTime: 19929316; PackageName: com.quad; MovementGranularity: 0; Action: 0 [ ClassName: android.widget.EditText; Text: [í ½í¸„í ½í¸ƒí ½í¸Šâ˜ºí ½í¸‰í ½í¸í ½í¸˜í ½í¸ší ½í¸ªí ½í¸¥í ½í¸°í ½í¸“í ½í¸¨í ½í¸±í ½í¸ í ½í¸¡í ½í²¨í ½í±í ½í±Ží ½í±Œ]; ContentDescription: null; ItemCount: -1; CurrentItemIndex: -1; IsEnabled: true; IsPassword: false; IsChecked: false; IsFullScreen: false; Scrollable: false; BeforeText: í ½í¸„í ½í¸ƒí ½í¸Šâ˜ºí ½í¸‰í ½í¸í ½í¸˜í ½í¸ší ½í¸ªí ½í¸¥í ½í¸°í ½í¸“í ½í¸¨í ½í¸±í ½í¸ í ½í¸¡í ½í²¨í ½í±í ½í±Ž; FromIndex: 37; ToIndex: -1; ScrollX: -1; ScrollY: -1; MaxScrollX: -1; MaxScrollY: -1; AddedCount: 2; RemovedCount: 0; ParcelableData: null ]; recordCount: 0
10-15 15:40:43.519 D/UiAutomatorBridge(14498): EventType: TYPE_VIEW_TEXT_CHANGED; EventTime: 19929339; PackageName: com.quad; MovementGranularity: 0; Action: 0 [ ClassName: android.widget.EditText; Text: [í ½í¸„í ½í¸ƒí ½í¸Šâ˜ºí ½í¸‰í ½í¸í ½í¸˜í ½í¸ší ½í¸ªí ½í¸¥í ½í¸°í ½í¸“í ½í¸¨í ½í¸±í ½í¸ í ½í¸¡í ½í²¨í ½í±í ½í±Ží ½í±Œ]; ContentDescription: null; ItemCount: -1; CurrentItemIndex: -1; IsEnabled: true; IsPassword: false; IsChecked: false; IsFullScreen: false; Scrollable: false; BeforeText: í ½í¸„í ½í¸ƒí ½í¸Šâ˜ºí ½í¸‰í ½í¸í ½í¸˜í ½í¸ší ½í¸ªí ½í¸¥í ½í¸°í ½í¸“í ½í¸¨í ½í¸±í ½í¸ í ½í¸¡í ½í²¨í ½í±í ½í±Ží ½í±Œ; FromIndex: 37; ToIndex: -1; ScrollX: -1; ScrollY: -1; MaxScrollX: -1; MaxScrollY: -1; AddedCount: 2; RemovedCount: 2; ParcelableData: null ]; recordCount: 0
10-15 15:40:43.529 D/UiAutomatorBridge(14498): EventType: TYPE_VIEW_TEXT_SELECTION_CHANGED; EventTime: 19929352; PackageName: com.quad; MovementGranularity: 0; Action: 0 [ ClassName: android.widget.EditText; Text: [í ½í¸„í ½í¸ƒí ½í¸Šâ˜ºí ½í¸‰í ½í¸í ½í¸˜í ½í¸ší ½í¸ªí ½í¸¥í ½í¸°í ½í¸“í ½í¸¨í ½í¸±í ½í¸ í ½í¸¡í ½í²¨í ½í±í ½í±Ží ½í±Œ]; ContentDescription: null; ItemCount: 39; CurrentItemIndex: -1; IsEnabled: true; IsPassword: false; IsChecked: false; IsFullScreen: false; Scrollable: false; BeforeText: null; FromIndex: 39; ToIndex: 39; ScrollX: -1; ScrollY: -1; MaxScrollX: -1; MaxScrollY: -1; AddedCount: -1; RemovedCount: -1; ParcelableData: null ]; recordCount: 0
10-15 15:40:43.694 D/UiAutomatorBridge(14498): EventType: TYPE_WINDOW_CONTENT_CHANGED; EventTime: 19929518; PackageName: com.quad; MovementGranularity: 0; Action: 0 [ ClassName: android.widget.FrameLayout; Text: []; ContentDescription: null; ItemCount: -1; CurrentItemIndex: -1; IsEnabled: true; IsPassword: false; IsChecked: false; IsFullScreen: false; Scrollable: false; BeforeText: null; FromIndex: -1; ToIndex: -1; ScrollX: -1; ScrollY: -1; MaxScrollX: -1; MaxScrollY: -1; AddedCount: -1; RemovedCount: -1; ParcelableData: null ]; recordCount: 0
10-15 15:40:44.809 W/PowerManagerService( 2007): Timer 0x3->0x3|0x0
10-15 15:40:45.239 D/STATUSBAR-NetworkController( 2126): refreshSignalCluster: data=-1 bt=false
10-15 15:40:46.249 D/STATUSBAR-NetworkController( 2126): refreshSignalCluster: data=-1 bt=false
10-15 15:40:48.654 D/dalvikvm(14498): GC_FOR_ALLOC freed 7266K, 89% free 928K/8195K, paused 85ms, total 87ms
10-15 15:40:49.264 D/STATUSBAR-NetworkController( 2126): refreshSignalCluster: data=-1 bt=false
10-15 15:40:51.269 D/STATUSBAR-NetworkController( 2126): refreshSignalCluster: data=-1 bt=false
10-15 15:40:51.619 E/Watchdog( 2007): !@Sync 664
10-15 15:40:57.299 D/STATUSBAR-NetworkController( 2126): refreshSignalCluster: data=-1 bt=false
10-15 15:40:58.274 D/dalvikvm(14498): GC_CONCURRENT freed 850K, 90% free 880K/8195K, paused 13ms+4ms, total 52ms
10-15 15:40:58.309 D/STATUSBAR-NetworkController( 2126): refreshSignalCluster: data=-1 bt=false
10-15 15:40:59.319 D/STATUSBAR-NetworkController( 2126): refreshSignalCluster: data=-1 bt=false
10-15 15:41:00.004 W/AlarmManager( 2007): FACTORY_ON= 0
10-15 15:41:00.029 D/STATUSBAR-Clock( 2126): onReceive() - ACTION_TIME_TICK
10-15 15:41:00.074 D/STATUSBAR-Clock( 2126): onReceive() - ACTION_TIME_TICK
10-15 15:41:01.329 D/STATUSBAR-NetworkController( 2126): refreshSignalCluster: data=-1 bt=false
10-15 15:41:04.349 D/STATUSBAR-NetworkController( 2126): refreshSignalCluster: data=-1 bt=false
10-15 15:41:05.359 D/STATUSBAR-NetworkController( 2126): refreshSignalCluster: data=-1 bt=false
10-15 15:41:06.324 I/power   ( 2007): *** acquire_dvfs_lock : lockType : 1  freq : 1400000 
10-15 15:41:06.324 D/lights  ( 2007): LCD : 70 +
10-15 15:41:06.324 D/lights  ( 2007): LCD : 70 -
10-15 15:41:06.324 W/PowerManagerService( 2007): Timer 0x3->0x1|0x0
10-15 15:41:06.324 I/PowerManagerService( 2007): Ulight 0x3->0x1|0x0
10-15 15:41:06.324 D/PowerManagerService( 2007): acquireDVFSLockLocked : type : DVFS_MIN_LIMIT  frequency : 1400000  uid : 1000  pid : 2007  tag : AMOLED_Animation
10-15 15:41:06.329 D/lights  ( 2007): LCD : 69 +
10-15 15:41:06.334 D/lights  ( 2007): LCD : 69 -
10-15 15:41:06.354 D/lights  ( 2007): LCD : 67 +
10-15 15:41:06.354 D/lights  ( 2007): LCD : 67 -
10-15 15:41:06.364 D/STATUSBAR-NetworkController( 2126): refreshSignalCluster: data=-1 bt=false
10-15 15:41:06.369 D/lights  ( 2007): LCD : 62 +
10-15 15:41:06.369 D/lights  ( 2007): LCD : 62 -
10-15 15:41:06.384 D/lights  ( 2007): LCD : 56 +
10-15 15:41:06.404 D/lights  ( 2007): LCD : 56 -
10-15 15:41:06.409 D/lights  ( 2007): LCD : 45 +
10-15 15:41:06.424 D/lights  ( 2007): LCD : 45 -
10-15 15:41:06.424 D/lights  ( 2007): LCD : 39 +
10-15 15:41:06.439 D/lights  ( 2007): LCD : 39 -
10-15 15:41:06.444 D/lights  ( 2007): LCD : 33 +
10-15 15:41:06.444 D/lights  ( 2007): LCD : 33 -
10-15 15:41:06.444 D/lights  ( 2007): LCD : 32 +
10-15 15:41:06.444 D/lights  ( 2007): LCD : 32 -
10-15 15:41:06.449 D/lights  ( 2007): LCD : 31 +
10-15 15:41:06.449 D/lights  ( 2007): LCD : 31 -
10-15 15:41:06.449 D/lights  ( 2007): LCD : 30 +
10-15 15:41:06.449 D/lights  ( 2007): LCD : 30 -
10-15 15:41:06.449 I/power   ( 2007): *** release_dvfs_lock : lockType : 1 
10-15 15:41:06.449 I/PowerManagerService( 2007): Light Animator Finished currentValue=30
10-15 15:41:06.449 D/PowerManagerService( 2007): releaseDVFSLockLocked : all DVFS_MIN_LIMIT are released 
