10-15 15:40:31.789 D/UiAutomatorBridge(14498): EventType: TYPE_VIEW_TEXT_CHANGED; EventTime: 19917608; PackageName: com.quad; MovementGranularity: 0; Action: 0 [ ClassName: android.widget.EditText; Text: [í ½í¸„í ½í¸ƒí ½í¸Šâ˜ºí ½í¸‰í ½í¸í ½í¸˜í ½í¸ší ½í¸ªí ½í¸¥]; ContentDescription: null; ItemCount: -1; CurrentItemIndex: -1; IsEnabled: true; IsPassword: false; IsChecked: false; IsFullScreen: false; Scrollable: false; BeforeText: í ½í¸„í ½í¸ƒí ½í¸Šâ˜ºí ½í¸‰í ½í¸í ½í¸˜í ½í¸ší ½í¸ªí ½í¸¥; FromIndex: 17; ToIndex: -1; ScrollX: -1; ScrollY: -1; MaxScrollX: -1; MaxScrollY: -1; AddedCount: 2; RemovedCount: 2; ParcelableData: null ]; recordCount: 0
10-15 15:40:31.794 D/UiAutomatorBridge(14498): EventType: TYPE_VIEW_TEXT_SELECTION_CHANGED; EventTime: 19917618; PackageName: com.quad; MovementGranularity: 0; Action: 0 [ ClassName: android.widget.EditText; Text: [í ½í¸„í ½í¸ƒí ½í¸Šâ˜ºí ½í¸‰í ½í¸í ½í¸˜í ½í¸ší ½í¸ªí ½í¸¥]; ContentDescription: null; ItemCount: 19; CurrentItemIndex: -1; IsEnabled: true; IsPassword: false; IsChecked: false; IsFullScreen: false; Scrollable: false; BeforeText: null; FromIndex: 19; ToIndex: 19; ScrollX: -1; ScrollY: -1; MaxScrollX: -1; MaxScrollY: -1; AddedCount: -1; RemovedCount: -1; ParcelableData: null ]; recordCount: 0
10-15 15:40:32.174 D/STATUSBAR-NetworkController( 2126): refreshSignalCluster: data=-1 bt=false
10-15 15:40:32.394 I/QueryController(14498): Matched selector: UiSelector[CLASS=android.widget.GridView, INSTANCE=0, CHILD=UiSelector[CLASS=android.widget.ImageView, INDEX=2]] <<==>> [android.view.accessibility.AccessibilityNodeInfo@521d1; boundsInParent: Rect(0, 0 - 106, 106); boundsInScreen: Rect(235, 844 - 341, 950); packageName: com.quad; className: android.widget.ImageView; text: null; contentDescription: null; checkable: false; checked: false; focusable: false; focused: false; selected: false; clickable: true; longClickable: false; enabled: true; password: false; scrollable: false; [ACTION_SELECT, ACTION_CLEAR_SELECTION, ACTION_CLICK, ACTION_ACCESSIBILITY_FOCUS]]
10-15 15:40:32.414 I/QueryController(14498): Matched selector: UiSelector[CLASS=android.widget.GridView, INSTANCE=0, CHILD=UiSelector[CLASS=android.widget.ImageView, INDEX=2]] <<==>> [android.view.accessibility.AccessibilityNodeInfo@521d1; boundsInParent: Rect(0, 0 - 106, 106); boundsInScreen: Rect(235, 844 - 341, 950); packageName: com.quad; className: android.widget.ImageView; text: null; contentDescription: null; checkable: false; checked: false; focusable: false; focused: false; selected: false; clickable: true; longClickable: false; enabled: true; password: false; scrollable: false; [ACTION_SELECT, ACTION_CLEAR_SELECTION, ACTION_CLICK, ACTION_ACCESSIBILITY_FOCUS]]
10-15 15:40:32.414 D/InteractionController(14498): click (288, 897)
10-15 15:40:32.414 I/InputDispatcher( 2007): Delivering touch to current input target: action: 0x0
10-15 15:40:32.414 I/InputDispatcher( 2007): Delivering touch to current input target: action: 0x0
10-15 15:40:32.414 I/InputDispatcher( 2007): Delivering touch to current input target: action: 0x0
10-15 15:40:32.414 I/InputDispatcher( 2007): Delivering touch to current input target: action: 0x0
10-15 15:40:32.414 I/InputDispatcher( 2007): Delivering touch to current input target: action: 0x0
10-15 15:40:32.524 I/InputDispatcher( 2007): Delivering touch to current input target: action: 0x1
10-15 15:40:32.524 I/InputDispatcher( 2007): Delivering touch to current input target: action: 0x1
10-15 15:40:32.524 I/InputDispatcher( 2007): Delivering touch to current input target: action: 0x1
10-15 15:40:32.524 I/InputDispatcher( 2007): Delivering touch to current input target: action: 0x1
10-15 15:40:32.524 I/InputDispatcher( 2007): Delivering touch to current input target: action: 0x1
10-15 15:40:32.574 D/UiAutomatorBridge(14498): EventType: TYPE_VIEW_CLICKED; EventTime: 19918399; PackageName: com.quad; MovementGranularity: 0; Action: 0 [ ClassName: android.widget.ImageView; Text: []; ContentDescription: null; ItemCount: -1; CurrentItemIndex: -1; IsEnabled: true; IsPassword: false; IsChecked: false; IsFullScreen: false; Scrollable: false; BeforeText: null; FromIndex: -1; ToIndex: -1; ScrollX: -1; ScrollY: -1; MaxScrollX: -1; MaxScrollY: -1; AddedCount: -1; RemovedCount: -1; ParcelableData: null ]; recordCount: 1
10-15 15:40:32.589 D/UiAutomatorBridge(14498): EventType: TYPE_VIEW_TEXT_CHANGED; EventTime: 19918413; PackageName: com.quad; MovementGranularity: 0; Action: 0 [ ClassName: android.widget.EditText; Text: [í ½í¸„í ½í¸ƒí ½í¸Šâ˜ºí ½í¸‰í ½í¸í ½í¸˜í ½í¸ší ½í¸ªí ½í¸¥í ½í¸°]; ContentDescription: null; ItemCount: -1; CurrentItemIndex: -1; IsEnabled: true; IsPassword: false; IsChecked: false; IsFullScreen: false; Scrollable: false; BeforeText: í ½í¸„í ½í¸ƒí ½í¸Šâ˜ºí ½í¸‰í ½í¸í ½í¸˜í ½í¸ší ½í¸ªí ½í¸¥; FromIndex: 19; ToIndex: -1; ScrollX: -1; ScrollY: -1; MaxScrollX: -1; MaxScrollY: -1; AddedCount: 2; RemovedCount: 0; ParcelableData: null ]; recordCount: 0
10-15 15:40:32.604 D/UiAutomatorBridge(14498): EventType: TYPE_VIEW_TEXT_CHANGED; EventTime: 19918430; PackageName: com.quad; MovementGranularity: 0; Action: 0 [ ClassName: android.widget.EditText; Text: [í ½í¸„í ½í¸ƒí ½í¸Šâ˜ºí ½í¸‰í ½í¸í ½í¸˜í ½í¸ší ½í¸ªí ½í¸¥í ½í¸°]; ContentDescription: null; ItemCount: -1; CurrentItemIndex: -1; IsEnabled: true; IsPassword: false; IsChecked: false; IsFullScreen: false; Scrollable: false; BeforeText: í ½í¸„í ½í¸ƒí ½í¸Šâ˜ºí ½í¸‰í ½í¸í ½í¸˜í ½í¸ší ½í¸ªí ½í¸¥í ½í¸°; FromIndex: 19; ToIndex: -1; ScrollX: -1; ScrollY: -1; MaxScrollX: -1; MaxScrollY: -1; AddedCount: 2; RemovedCount: 2; ParcelableData: null ]; recordCount: 0
10-15 15:40:32.614 D/UiAutomatorBridge(14498): EventType: TYPE_VIEW_TEXT_SELECTION_CHANGED; EventTime: 19918439; PackageName: com.quad; MovementGranularity: 0; Action: 0 [ ClassName: android.widget.EditText; Text: [í ½í¸„í ½í¸ƒí ½í¸Šâ˜ºí ½í¸‰í ½í¸í ½í¸˜í ½í¸ší ½í¸ªí ½í¸¥í ½í¸°]; ContentDescription: null; ItemCount: 21; CurrentItemIndex: -1; IsEnabled: true; IsPassword: false; IsChecked: false; IsFullScreen: false; Scrollable: false; BeforeText: null; FromIndex: 21; ToIndex: 21; ScrollX: -1; ScrollY: -1; MaxScrollX: -1; MaxScrollY: -1; AddedCount: -1; RemovedCount: -1; ParcelableData: null ]; recordCount: 0
10-15 15:40:33.234 I/QueryController(14498): Matched selector: UiSelector[CLASS=android.widget.GridView, INSTANCE=0, CHILD=UiSelector[CLASS=android.widget.ImageView, INDEX=3]] <<==>> [android.view.accessibility.AccessibilityNodeInfo@52592; boundsInParent: Rect(0, 0 - 106, 106); boundsInScreen: Rect(344, 844 - 450, 950); packageName: com.quad; className: android.widget.ImageView; text: null; contentDescription: null; checkable: false; checked: false; focusable: false; focused: false; selected: false; clickable: true; longClickable: false; enabled: true; password: false; scrollable: false; [ACTION_SELECT, ACTION_CLEAR_SELECTION, ACTION_CLICK, ACTION_ACCESSIBILITY_FOCUS]]
10-15 15:40:33.309 I/QueryController(14498): Matched selector: UiSelector[CLASS=android.widget.GridView, INSTANCE=0, CHILD=UiSelector[CLASS=android.widget.ImageView, INDEX=3]] <<==>> [android.view.accessibility.AccessibilityNodeInfo@52592; boundsInParent: Rect(0, 0 - 106, 106); boundsInScreen: Rect(344, 844 - 450, 950); packageName: com.quad; className: android.widget.ImageView; text: null; contentDescription: null; checkable: false; checked: false; focusable: false; focused: false; selected: false; clickable: true; longClickable: false; enabled: true; password: false; scrollable: false; [ACTION_SELECT, ACTION_CLEAR_SELECTION, ACTION_CLICK, ACTION_ACCESSIBILITY_FOCUS]]
10-15 15:40:33.309 D/InteractionController(14498): click (397, 897)
10-15 15:40:33.309 I/InputDispatcher( 2007): Delivering touch to current input target: action: 0x0
10-15 15:40:33.309 I/InputDispatcher( 2007): Delivering touch to current input target: action: 0x0
10-15 15:40:33.309 I/InputDispatcher( 2007): Delivering touch to current input target: action: 0x0
10-15 15:40:33.309 I/InputDispatcher( 2007): Delivering touch to current input target: action: 0x0
10-15 15:40:33.309 I/InputDispatcher( 2007): Delivering touch to current input target: action: 0x0
10-15 15:40:33.429 I/InputDispatcher( 2007): Delivering touch to current input target: action: 0x1
10-15 15:40:33.429 I/InputDispatcher( 2007): Delivering touch to current input target: action: 0x1
10-15 15:40:33.429 I/InputDispatcher( 2007): Delivering touch to current input target: action: 0x1
10-15 15:40:33.429 I/InputDispatcher( 2007): Delivering touch to current input target: action: 0x1
10-15 15:40:33.429 I/InputDispatcher( 2007): Delivering touch to current input target: action: 0x1
10-15 15:40:33.474 D/UiAutomatorBridge(14498): EventType: TYPE_VIEW_CLICKED; EventTime: 19919296; PackageName: com.quad; MovementGranularity: 0; Action: 0 [ ClassName: android.widget.ImageView; Text: []; ContentDescription: null; ItemCount: -1; CurrentItemIndex: -1; IsEnabled: true; IsPassword: false; IsChecked: false; IsFullScreen: false; Scrollable: false; BeforeText: null; FromIndex: -1; ToIndex: -1; ScrollX: -1; ScrollY: -1; MaxScrollX: -1; MaxScrollY: -1; AddedCount: -1; RemovedCount: -1; ParcelableData: null ]; recordCount: 1
10-15 15:40:33.489 D/UiAutomatorBridge(14498): EventType: TYPE_VIEW_TEXT_CHANGED; EventTime: 19919314; PackageName: com.quad; MovementGranularity: 0; Action: 0 [ ClassName: android.widget.EditText; Text: [í ½í¸„í ½í¸ƒí ½í¸Šâ˜ºí ½í¸‰í ½í¸í ½í¸˜í ½í¸ší ½í¸ªí ½í¸¥í ½í¸°í ½í¸“]; ContentDescription: null; ItemCount: -1; CurrentItemIndex: -1; IsEnabled: true; IsPassword: false; IsChecked: false; IsFullScreen: false; Scrollable: false; BeforeText: í ½í¸„í ½í¸ƒí ½í¸Šâ˜ºí ½í¸‰í ½í¸í ½í¸˜í ½í¸ší ½í¸ªí ½í¸¥í ½í¸°; FromIndex: 21; ToIndex: -1; ScrollX: -1; ScrollY: -1; MaxScrollX: -1; MaxScrollY: -1; AddedCount: 2; RemovedCount: 0; ParcelableData: null ]; recordCount: 0
10-15 15:40:33.514 D/UiAutomatorBridge(14498): EventType: TYPE_VIEW_TEXT_CHANGED; EventTime: 19919336; PackageName: com.quad; MovementGranularity: 0; Action: 0 [ ClassName: android.widget.EditText; Text: [í ½í¸„í ½í¸ƒí ½í¸Šâ˜ºí ½í¸‰í ½í¸í ½í¸˜í ½í¸ší ½í¸ªí ½í¸¥í ½í¸°í ½í¸“]; ContentDescription: null; ItemCount: -1; CurrentItemIndex: -1; IsEnabled: true; IsPassword: false; IsChecked: false; IsFullScreen: false; Scrollable: false; BeforeText: í ½í¸„í ½í¸ƒí ½í¸Šâ˜ºí ½í¸‰í ½í¸í ½í¸˜í ½í¸ší ½í¸ªí ½í¸¥í ½í¸°í ½í¸“; FromIndex: 21; ToIndex: -1; ScrollX: -1; ScrollY: -1; MaxScrollX: -1; MaxScrollY: -1; AddedCount: 2; RemovedCount: 2; ParcelableData: null ]; recordCount: 0
10-15 15:40:33.529 D/UiAutomatorBridge(14498): EventType: TYPE_VIEW_TEXT_SELECTION_CHANGED; EventTime: 19919350; PackageName: com.quad; MovementGranularity: 0; Action: 0 [ ClassName: android.widget.EditText; Text: [í ½í¸„í ½í¸ƒí ½í¸Šâ˜ºí ½í¸‰í ½í¸í ½í¸˜í ½í¸ší ½í¸ªí ½í¸¥í ½í¸°í ½í¸“]; ContentDescription: null; ItemCount: 23; CurrentItemIndex: -1; IsEnabled: true; IsPassword: false; IsChecked: false; IsFullScreen: false; Scrollable: false; BeforeText: null; FromIndex: 23; ToIndex: 23; ScrollX: -1; ScrollY: -1; MaxScrollX: -1; MaxScrollY: -1; AddedCount: -1; RemovedCount: -1; ParcelableData: null ]; recordCount: 0
10-15 15:40:34.154 I/QueryController(14498): Matched selector: UiSelector[CLASS=android.widget.GridView, INSTANCE=0, CHILD=UiSelector[CLASS=android.widget.ImageView, INDEX=4]] <<==>> [android.view.accessibility.AccessibilityNodeInfo@52953; boundsInParent: Rect(0, 0 - 106, 106); boundsInScreen: Rect(453, 844 - 559, 950); packageName: com.quad; className: android.widget.ImageView; text: null; contentDescription: null; checkable: false; checked: false; focusable: false; focused: false; selected: false; clickable: true; longClickable: false; enabled: true; password: false; scrollable: false; [ACTION_SELECT, ACTION_CLEAR_SELECTION, ACTION_CLICK, ACTION_ACCESSIBILITY_FOCUS]]
10-15 15:40:34.194 D/STATUSBAR-NetworkController( 2126): refreshSignalCluster: data=-1 bt=false
10-15 15:40:34.259 I/QueryController(14498): Matched selector: UiSelector[CLASS=android.widget.GridView, INSTANCE=0, CHILD=UiSelector[CLASS=android.widget.ImageView, INDEX=4]] <<==>> [android.view.accessibility.AccessibilityNodeInfo@52953; boundsInParent: Rect(0, 0 - 106, 106); boundsInScreen: Rect(453, 844 - 559, 950); packageName: com.quad; className: android.widget.ImageView; text: null; contentDescription: null; checkable: false; checked: false; focusable: false; focused: false; selected: false; clickable: true; longClickable: false; enabled: true; password: false; scrollable: false; [ACTION_SELECT, ACTION_CLEAR_SELECTION, ACTION_CLICK, ACTION_ACCESSIBILITY_FOCUS]]
10-15 15:40:34.259 D/InteractionController(14498): click (506, 897)
10-15 15:40:34.264 I/InputDispatcher( 2007): Delivering touch to current input target: action: 0x0
10-15 15:40:34.264 I/InputDispatcher( 2007): Delivering touch to current input target: action: 0x0
10-15 15:40:34.264 I/InputDispatcher( 2007): Delivering touch to current input target: action: 0x0
10-15 15:40:34.264 I/InputDispatcher( 2007): Delivering touch to current input target: action: 0x0
10-15 15:40:34.264 I/InputDispatcher( 2007): Delivering touch to current input target: action: 0x0
10-15 15:40:34.299 W/AlarmManager( 2007): FACTORY_ON= 0
10-15 15:40:34.304 W/AlarmManager( 2007): FACTORY_ON= 0
10-15 15:40:34.309 W/AlarmManager( 2007): FACTORY_ON= 0
10-15 15:40:34.374 I/InputDispatcher( 2007): Delivering touch to current input target: action: 0x1
10-15 15:40:34.374 I/InputDispatcher( 2007): Delivering touch to current input target: action: 0x1
10-15 15:40:34.374 I/InputDispatcher( 2007): Delivering touch to current input target: action: 0x1
10-15 15:40:34.374 I/InputDispatcher( 2007): Delivering touch to current input target: action: 0x1
10-15 15:40:34.374 I/InputDispatcher( 2007): Delivering touch to current input target: action: 0x1
10-15 15:40:34.404 D/UiAutomatorBridge(14498): EventType: TYPE_VIEW_CLICKED; EventTime: 19920229; PackageName: com.quad; MovementGranularity: 0; Action: 0 [ ClassName: android.widget.ImageView; Text: []; ContentDescription: null; ItemCount: -1; CurrentItemIndex: -1; IsEnabled: true; IsPassword: false; IsChecked: false; IsFullScreen: false; Scrollable: false; BeforeText: null; FromIndex: -1; ToIndex: -1; ScrollX: -1; ScrollY: -1; MaxScrollX: -1; MaxScrollY: -1; AddedCount: -1; RemovedCount: -1; ParcelableData: null ]; recordCount: 1
10-15 15:40:34.409 D/UiAutomatorBridge(14498): EventType: TYPE_VIEW_TEXT_CHANGED; EventTime: 19920236; PackageName: com.quad; MovementGranularity: 0; Action: 0 [ ClassName: android.widget.EditText; Text: [í ½í¸„í ½í¸ƒí ½í¸Šâ˜ºí ½í¸‰í ½í¸í ½í¸˜í ½í¸ší ½í¸ªí ½í¸¥í ½í¸°í ½í¸“í ½í¸¨]; ContentDescription: null; ItemCount: -1; CurrentItemIndex: -1; IsEnabled: true; IsPassword: false; IsChecked: false; IsFullScreen: false; Scrollable: false; BeforeText: í ½í¸„í ½í¸ƒí ½í¸Šâ˜ºí ½í¸‰í ½í¸í ½í¸˜í ½í¸ší ½í¸ªí ½í¸¥í ½í¸°í ½í¸“; FromIndex: 23; ToIndex: -1; ScrollX: -1; ScrollY: -1; MaxScrollX: -1; MaxScrollY: -1; AddedCount: 2; RemovedCount: 0; ParcelableData: null ]; recordCount: 0
10-15 15:40:34.419 D/UiAutomatorBridge(14498): EventType: TYPE_VIEW_TEXT_CHANGED; EventTime: 19920247; PackageName: com.quad; MovementGranularity: 0; Action: 0 [ ClassName: android.widget.EditText; Text: [í ½í¸„í ½í¸ƒí ½í¸Šâ˜ºí ½í¸‰í ½í¸í ½í¸˜í ½í¸ší ½í¸ªí ½í¸¥í ½í¸°í ½í¸“í ½í¸¨]; ContentDescription: null; ItemCount: -1; CurrentItemIndex: -1; IsEnabled: true; IsPassword: false; IsChecked: false; IsFullScreen: false; Scrollable: false; BeforeText: í ½í¸„í ½í¸ƒí ½í¸Šâ˜ºí ½í¸‰í ½í¸í ½í¸˜í ½í¸ší ½í¸ªí ½í¸¥í ½í¸°í ½í¸“í ½í¸¨; FromIndex: 23; ToIndex: -1; ScrollX: -1; ScrollY: -1; MaxScrollX: -1; MaxScrollY: -1; AddedCount: 2; RemovedCount: 2; ParcelableData: null ]; recordCount: 0
10-15 15:40:34.429 D/UiAutomatorBridge(14498): EventType: TYPE_VIEW_TEXT_SELECTION_CHANGED; EventTime: 19920252; PackageName: com.quad; MovementGranularity: 0; Action: 0 [ ClassName: android.widget.EditText; Text: [í ½í¸„í ½í¸ƒí ½í¸Šâ˜ºí ½í¸‰í ½í¸í ½í¸˜í ½í¸ší ½í¸ªí ½í¸¥í ½í¸°í ½í¸“í ½í¸¨]; ContentDescription: null; ItemCount: 25; CurrentItemIndex: -1; IsEnabled: true; IsPassword: false; IsChecked: false; IsFullScreen: false; Scrollable: false; BeforeText: null; FromIndex: 25; ToIndex: 25; ScrollX: -1; ScrollY: -1; MaxScrollX: -1; MaxScrollY: -1; AddedCount: -1; RemovedCount: -1; ParcelableData: null ]; recordCount: 0
10-15 15:40:34.444 I/dalvikvm(14539): Jit: resizing JitTable from 4096 to 8192
10-15 15:40:34.594 D/UiAutomatorBridge(14498): EventType: TYPE_WINDOW_CONTENT_CHANGED; EventTime: 19920417; PackageName: com.quad; MovementGranularity: 0; Action: 0 [ ClassName: android.widget.FrameLayout; Text: []; ContentDescription: null; ItemCount: -1; CurrentItemIndex: -1; IsEnabled: true; IsPassword: false; IsChecked: false; IsFullScreen: false; Scrollable: false; BeforeText: null; FromIndex: -1; ToIndex: -1; ScrollX: -1; ScrollY: -1; MaxScrollX: -1; MaxScrollY: -1; AddedCount: -1; RemovedCount: -1; ParcelableData: null ]; recordCount: 0
10-15 15:40:34.814 D/UiAutomatorBridge(14498): EventType: TYPE_WINDOW_CONTENT_CHANGED; EventTime: 19920640; PackageName: com.quad; MovementGranularity: 0; Action: 0 [ ClassName: android.widget.FrameLayout; Text: []; ContentDescription: null; ItemCount: -1; CurrentItemIndex: -1; IsEnabled: true; IsPassword: false; IsChecked: false; IsFullScreen: false; Scrollable: false; BeforeText: null; FromIndex: -1; ToIndex: -1; ScrollX: -1; ScrollY: -1; MaxScrollX: -1; MaxScrollY: -1; AddedCount: -1; RemovedCount: -1; ParcelableData: null ]; recordCount: 0
10-15 15:40:35.519 I/QueryController(14498): Matched selector: UiSelector[CLASS=android.widget.GridView, INSTANCE=0, CHILD=UiSelector[CLASS=android.widget.ImageView, INDEX=5]] <<==>> [android.view.accessibility.AccessibilityNodeInfo@52d14; boundsInParent: Rect(0, 0 - 106, 106); boundsInScreen: Rect(562, 844 - 668, 950); packageName: com.quad; className: android.widget.ImageView; text: null; contentDescription: null; checkable: false; checked: false; focusable: false; focused: false; selected: false; clickable: true; longClickable: false; enabled: true; password: false; scrollable: false; [ACTION_SELECT, ACTION_CLEAR_SELECTION, ACTION_CLICK, ACTION_ACCESSIBILITY_FOCUS]]
10-15 15:40:35.574 I/QueryController(14498): Matched selector: UiSelector[CLASS=android.widget.GridView, INSTANCE=0, CHILD=UiSelector[CLASS=android.widget.ImageView, INDEX=5]] <<==>> [android.view.accessibility.AccessibilityNodeInfo@52d14; boundsInParent: Rect(0, 0 - 106, 106); boundsInScreen: Rect(562, 844 - 668, 950); packageName: com.quad; className: android.widget.ImageView; text: null; contentDescription: null; checkable: false; checked: false; focusable: false; focused: false; selected: false; clickable: true; longClickable: false; enabled: true; password: false; scrollable: false; [ACTION_SELECT, ACTION_CLEAR_SELECTION, ACTION_CLICK, ACTION_ACCESSIBILITY_FOCUS]]
10-15 15:40:35.574 D/InteractionController(14498): click (615, 897)
10-15 15:40:35.579 I/InputDispatcher( 2007): Delivering touch to current input target: action: 0x0
10-15 15:40:35.579 I/InputDispatcher( 2007): Delivering touch to current input target: action: 0x0
10-15 15:40:35.579 I/InputDispatcher( 2007): Delivering touch to current input target: action: 0x0
10-15 15:40:35.579 I/InputDispatcher( 2007): Delivering touch to current input target: action: 0x0
10-15 15:40:35.579 I/InputDispatcher( 2007): Delivering touch to current input target: action: 0x0
10-15 15:40:35.684 I/InputDispatcher( 2007): Delivering touch to current input target: action: 0x1
10-15 15:40:35.684 I/InputDispatcher( 2007): Delivering touch to current input target: action: 0x1
10-15 15:40:35.684 I/InputDispatcher( 2007): Delivering touch to current input target: action: 0x1
10-15 15:40:35.684 I/InputDispatcher( 2007): Delivering touch to current input target: action: 0x1
10-15 15:40:35.684 I/InputDispatcher( 2007): Delivering touch to current input target: action: 0x1
10-15 15:40:35.729 D/UiAutomatorBridge(14498): EventType: TYPE_VIEW_CLICKED; EventTime: 19921553; PackageName: com.quad; MovementGranularity: 0; Action: 0 [ ClassName: android.widget.ImageView; Text: []; ContentDescription: null; ItemCount: -1; CurrentItemIndex: -1; IsEnabled: true; IsPassword: false; IsChecked: false; IsFullScreen: false; Scrollable: false; BeforeText: null; FromIndex: -1; ToIndex: -1; ScrollX: -1; ScrollY: -1; MaxScrollX: -1; MaxScrollY: -1; AddedCount: -1; RemovedCount: -1; ParcelableData: null ]; recordCount: 1
10-15 15:40:35.749 D/UiAutomatorBridge(14498): EventType: TYPE_VIEW_TEXT_CHANGED; EventTime: 19921569; PackageName: com.quad; MovementGranularity: 0; Action: 0 [ ClassName: android.widget.EditText; Text: [í ½í¸„í ½í¸ƒí ½í¸Šâ˜ºí ½í¸‰í ½í¸í ½í¸˜í ½í¸ší ½í¸ªí ½í¸¥í ½í¸°í ½í¸“í ½í¸¨í ½í¸±]; ContentDescription: null; ItemCount: -1; CurrentItemIndex: -1; IsEnabled: true; IsPassword: false; IsChecked: false; IsFullScreen: false; Scrollable: false; BeforeText: í ½í¸„í ½í¸ƒí ½í¸Šâ˜ºí ½í¸‰í ½í¸í ½í¸˜í ½í¸ší ½í¸ªí ½í¸¥í ½í¸°í ½í¸“í ½í¸¨; FromIndex: 25; ToIndex: -1; ScrollX: -1; ScrollY: -1; MaxScrollX: -1; MaxScrollY: -1; AddedCount: 2; RemovedCount: 0; ParcelableData: null ]; recordCount: 0
10-15 15:40:35.769 D/UiAutomatorBridge(14498): EventType: TYPE_VIEW_TEXT_CHANGED; EventTime: 19921590; PackageName: com.quad; MovementGranularity: 0; Action: 0 [ ClassName: android.widget.EditText; Text: [í ½í¸„í ½í¸ƒí ½í¸Šâ˜ºí ½í¸‰í ½í¸í ½í¸˜í ½í¸ší ½í¸ªí ½í¸¥í ½í¸°í ½í¸“í ½í¸¨í ½í¸±]; ContentDescription: null; ItemCount: -1; CurrentItemIndex: -1; IsEnabled: true; IsPassword: false; IsChecked: false; IsFullScreen: false; Scrollable: false; BeforeText: í ½í¸„í ½í¸ƒí ½í¸Šâ˜ºí ½í¸‰í ½í¸í ½í¸˜í ½í¸ší ½í¸ªí ½í¸¥í ½í¸°í ½í¸“í ½í¸¨í ½í¸±; FromIndex: 25; ToIndex: -1; ScrollX: -1; ScrollY: -1; MaxScrollX: -1; MaxScrollY: -1; AddedCount: 2; RemovedCount: 2; ParcelableData: null ]; recordCount: 0
10-15 15:40:35.779 D/UiAutomatorBridge(14498): EventType: TYPE_VIEW_TEXT_SELECTION_CHANGED; EventTime: 19921600; PackageName: com.quad; MovementGranularity: 0; Action: 0 [ ClassName: android.widget.EditText; Text: [í ½í¸„í ½í¸ƒí ½í¸Šâ˜ºí ½í¸‰í ½í¸í ½í¸˜í ½í¸ší ½í¸ªí ½í¸¥í ½í¸°í ½í¸“í ½í¸¨í ½í¸±]; ContentDescription: null; ItemCount: 27; CurrentItemIndex: -1; IsEnabled: true; IsPassword: false; IsChecked: false; IsFullScreen: false; Scrollable: false; BeforeText: null; FromIndex: 27; ToIndex: 27; ScrollX: -1; ScrollY: -1; MaxScrollX: -1; MaxScrollY: -1; AddedCount: -1; RemovedCount: -1; ParcelableData: null ]; recordCount: 0
10-15 15:40:35.959 D/UiAutomatorBridge(14498): EventType: TYPE_WINDOW_CONTENT_CHANGED; EventTime: 19921783; PackageName: com.quad; MovementGranularity: 0; Action: 0 [ ClassName: android.widget.FrameLayout; Text: []; ContentDescription: null; ItemCount: -1; CurrentItemIndex: -1; IsEnabled: true; IsPassword: false; IsChecked: false; IsFullScreen: false; Scrollable: false; BeforeText: null; FromIndex: -1; ToIndex: -1; ScrollX: -1; ScrollY: -1; MaxScrollX: -1; MaxScrollY: -1; AddedCount: -1; RemovedCount: -1; ParcelableData: null ]; recordCount: 0
10-15 15:40:36.204 D/STATUSBAR-NetworkController( 2126): refreshSignalCluster: data=-1 bt=false
10-15 15:40:36.639 I/QueryController(14498): Matched selector: UiSelector[CLASS=android.widget.GridView, INSTANCE=0, CHILD=UiSelector[CLASS=android.widget.ImageView, INDEX=6]] <<==>> [android.view.accessibility.AccessibilityNodeInfo@530d5; boundsInParent: Rect(0, 0 - 106, 106); boundsInScreen: Rect(671, 844 - 777, 950); packageName: com.quad; className: android.widget.ImageView; text: null; contentDescription: null; checkable: false; checked: false; focusable: false; focused: false; selected: false; clickable: true; longClickable: false; enabled: true; password: false; scrollable: false; [ACTION_SELECT, ACTION_CLEAR_SELECTION, ACTION_CLICK, ACTION_ACCESSIBILITY_FOCUS]]
10-15 15:40:36.709 I/QueryController(14498): Matched selector: UiSelector[CLASS=android.widget.GridView, INSTANCE=0, CHILD=UiSelector[CLASS=android.widget.ImageView, INDEX=6]] <<==>> [android.view.accessibility.AccessibilityNodeInfo@530d5; boundsInParent: Rect(0, 0 - 106, 106); boundsInScreen: Rect(671, 844 - 777, 950); packageName: com.quad; className: android.widget.ImageView; text: null; contentDescription: null; checkable: false; checked: false; focusable: false; focused: false; selected: false; clickable: true; longClickable: false; enabled: true; password: false; scrollable: false; [ACTION_SELECT, ACTION_CLEAR_SELECTION, ACTION_CLICK, ACTION_ACCESSIBILITY_FOCUS]]
10-15 15:40:36.709 D/InteractionController(14498): click (724, 897)
10-15 15:40:36.709 I/InputDispatcher( 2007): Delivering touch to current input target: action: 0x0
10-15 15:40:36.709 I/InputDispatcher( 2007): Delivering touch to current input target: action: 0x0
10-15 15:40:36.709 I/InputDispatcher( 2007): Delivering touch to current input target: action: 0x0
10-15 15:40:36.709 I/InputDispatcher( 2007): Delivering touch to current input target: action: 0x0
10-15 15:40:36.709 I/InputDispatcher( 2007): Delivering touch to current input target: action: 0x0
10-15 15:40:36.829 I/InputDispatcher( 2007): Delivering touch to current input target: action: 0x1
10-15 15:40:36.829 I/InputDispatcher( 2007): Delivering touch to current input target: action: 0x1
10-15 15:40:36.829 I/InputDispatcher( 2007): Delivering touch to current input target: action: 0x1
10-15 15:40:36.829 I/InputDispatcher( 2007): Delivering touch to current input target: action: 0x1
10-15 15:40:36.829 I/InputDispatcher( 2007): Delivering touch to current input target: action: 0x1
10-15 15:40:36.879 D/UiAutomatorBridge(14498): EventType: TYPE_VIEW_CLICKED; EventTime: 19922705; PackageName: com.quad; MovementGranularity: 0; Action: 0 [ ClassName: android.widget.ImageView; Text: []; ContentDescription: null; ItemCount: -1; CurrentItemIndex: -1; IsEnabled: true; IsPassword: false; IsChecked: false; IsFullScreen: false; Scrollable: false; BeforeText: null; FromIndex: -1; ToIndex: -1; ScrollX: -1; ScrollY: -1; MaxScrollX: -1; MaxScrollY: -1; AddedCount: -1; RemovedCount: -1; ParcelableData: null ]; recordCount: 1
10-15 15:40:36.904 D/UiAutomatorBridge(14498): EventType: TYPE_VIEW_TEXT_CHANGED; EventTime: 19922724; PackageName: com.quad; MovementGranularity: 0; Action: 0 [ ClassName: android.widget.EditText; Text: [í ½í¸„í ½í¸ƒí ½í¸Šâ˜ºí ½í¸‰í ½í¸í ½í¸˜í ½í¸ší ½í¸ªí ½í¸¥í ½í¸°í ½í¸“í ½í¸¨í ½í¸±í ½í¸ ]; ContentDescription: null; ItemCount: -1; CurrentItemIndex: -1; IsEnabled: true; IsPassword: false; IsChecked: false; IsFullScreen: false; Scrollable: false; BeforeText: í ½í¸„í ½í¸ƒí ½í¸Šâ˜ºí ½í¸‰í ½í¸í ½í¸˜í ½í¸ší ½í¸ªí ½í¸¥í ½í¸°í ½í¸“í ½í¸¨í ½í¸±; FromIndex: 27; ToIndex: -1; ScrollX: -1; ScrollY: -1; MaxScrollX: -1; MaxScrollY: -1; AddedCount: 2; RemovedCount: 0; ParcelableData: null ]; recordCount: 0
10-15 15:40:36.924 D/UiAutomatorBridge(14498): EventType: TYPE_VIEW_TEXT_CHANGED; EventTime: 19922746; PackageName: com.quad; MovementGranularity: 0; Action: 0 [ ClassName: android.widget.EditText; Text: [í ½í¸„í ½í¸ƒí ½í¸Šâ˜ºí ½í¸‰í ½í¸í ½í¸˜í ½í¸ší ½í¸ªí ½í¸¥í ½í¸°í ½í¸“í ½í¸¨í ½í¸±í ½í¸ ]; ContentDescription: null; ItemCount: -1; CurrentItemIndex: -1; IsEnabled: true; IsPassword: false; IsChecked: false; IsFullScreen: false; Scrollable: false; BeforeText: í ½í¸„í ½í¸ƒí ½í¸Šâ˜ºí ½í¸‰í ½í¸í ½í¸˜í ½í¸ší ½í¸ªí ½í¸¥í ½í¸°í ½í¸“í ½í¸¨í ½í¸±í ½í¸ ; FromIndex: 27; ToIndex: -1; ScrollX: -1; ScrollY: -1; MaxScrollX: -1; MaxScrollY: -1; AddedCount: 2; RemovedCount: 2; ParcelableData: null ]; recordCount: 0
10-15 15:40:36.934 D/UiAutomatorBridge(14498): EventType: TYPE_VIEW_TEXT_SELECTION_CHANGED; EventTime: 19922759; PackageName: com.quad; MovementGranularity: 0; Action: 0 [ ClassName: android.widget.EditText; Text: [í ½í¸„í ½í¸ƒí ½í¸Šâ˜ºí ½í¸‰í ½í¸í ½í¸˜í ½í¸ší ½í¸ªí ½í¸¥í ½í¸°í ½í¸“í ½í¸¨í ½í¸±í ½í¸ ]; ContentDescription: null; ItemCount: 29; CurrentItemIndex: -1; IsEnabled: true; IsPassword: false; IsChecked: false; IsFullScreen: false; Scrollable: false; BeforeText: null; FromIndex: 29; ToIndex: 29; ScrollX: -1; ScrollY: -1; MaxScrollX: -1; MaxScrollY: -1; AddedCount: -1; RemovedCount: -1; ParcelableData: null ]; recordCount: 0
10-15 15:40:37.084 D/UiAutomatorBridge(14498): EventType: TYPE_WINDOW_CONTENT_CHANGED; EventTime: 19922909; PackageName: com.quad; MovementGranularity: 0; Action: 0 [ ClassName: android.widget.FrameLayout; Text: []; ContentDescription: null; ItemCount: -1; CurrentItemIndex: -1; IsEnabled: true; IsPassword: false; IsChecked: false; IsFullScreen: false; Scrollable: false; BeforeText: null; FromIndex: -1; ToIndex: -1; ScrollX: -1; ScrollY: -1; MaxScrollX: -1; MaxScrollY: -1; AddedCount: -1; RemovedCount: -1; ParcelableData: null ]; recordCount: 0
10-15 15:40:37.774 I/QueryController(14498): Matched selector: UiSelector[CLASS=android.widget.GridView, INSTANCE=0, CHILD=UiSelector[CLASS=android.widget.ImageView, INDEX=7]] <<==>> [android.view.accessibility.AccessibilityNodeInfo@53496; boundsInParent: Rect(0, 0 - 106, 106); boundsInScreen: Rect(17, 950 - 123, 1056); packageName: com.quad; className: android.widget.ImageView; text: null; contentDescription: null; checkable: false; checked: false; focusable: false; focused: false; selected: false; clickable: true; longClickable: false; enabled: true; password: false; scrollable: false; [ACTION_SELECT, ACTION_CLEAR_SELECTION, ACTION_CLICK, ACTION_ACCESSIBILITY_FOCUS]]
10-15 15:40:37.794 I/QueryController(14498): Matched selector: UiSelector[CLASS=android.widget.GridView, INSTANCE=0, CHILD=UiSelector[CLASS=android.widget.ImageView, INDEX=7]] <<==>> [android.view.accessibility.AccessibilityNodeInfo@53496; boundsInParent: Rect(0, 0 - 106, 106); boundsInScreen: Rect(17, 950 - 123, 1056); packageName: com.quad; className: android.widget.ImageView; text: null; contentDescription: null; checkable: false; checked: false; focusable: false; focused: false; selected: false; clickable: true; longClickable: false; enabled: true; password: false; scrollable: false; [ACTION_SELECT, ACTION_CLEAR_SELECTION, ACTION_CLICK, ACTION_ACCESSIBILITY_FOCUS]]
10-15 15:40:37.794 D/InteractionController(14498): click (70, 1003)
10-15 15:40:37.799 I/InputDispatcher( 2007): Delivering touch to current input target: action: 0x0
10-15 15:40:37.799 I/InputDispatcher( 2007): Delivering touch to current input target: action: 0x0
10-15 15:40:37.799 I/InputDispatcher( 2007): Delivering touch to current input target: action: 0x0
10-15 15:40:37.799 I/InputDispatcher( 2007): Delivering touch to current input target: action: 0x0
10-15 15:40:37.799 I/InputDispatcher( 2007): Delivering touch to current input target: action: 0x0
10-15 15:40:37.904 I/InputDispatcher( 2007): Delivering touch to current input target: action: 0x1
10-15 15:40:37.904 I/InputDispatcher( 2007): Delivering touch to current input target: action: 0x1
10-15 15:40:37.904 I/InputDispatcher( 2007): Delivering touch to current input target: action: 0x1
10-15 15:40:37.904 I/InputDispatcher( 2007): Delivering touch to current input target: action: 0x1
10-15 15:40:37.904 I/InputDispatcher( 2007): Delivering touch to current input target: action: 0x1
10-15 15:40:37.969 D/UiAutomatorBridge(14498): EventType: TYPE_VIEW_CLICKED; EventTime: 19923788; PackageName: com.quad; MovementGranularity: 0; Action: 0 [ ClassName: android.widget.ImageView; Text: []; ContentDescription: null; ItemCount: -1; CurrentItemIndex: -1; IsEnabled: true; IsPassword: false; IsChecked: false; IsFullScreen: false; Scrollable: false; BeforeText: null; FromIndex: -1; ToIndex: -1; ScrollX: -1; ScrollY: -1; MaxScrollX: -1; MaxScrollY: -1; AddedCount: -1; RemovedCount: -1; ParcelableData: null ]; recordCount: 1
10-15 15:40:37.979 D/UiAutomatorBridge(14498): EventType: TYPE_VIEW_TEXT_CHANGED; EventTime: 19923804; PackageName: com.quad; MovementGranularity: 0; Action: 0 [ ClassName: android.widget.EditText; Text: [í ½í¸„í ½í¸ƒí ½í¸Šâ˜ºí ½í¸‰í ½í¸í ½í¸˜í ½í¸ší ½í¸ªí ½í¸¥í ½í¸°í ½í¸“í ½í¸¨í ½í¸±í ½í¸ í ½í¸¡]; ContentDescription: null; ItemCount: -1; CurrentItemIndex: -1; IsEnabled: true; IsPassword: false; IsChecked: false; IsFullScreen: false; Scrollable: false; BeforeText: í ½í¸„í ½í¸ƒí ½í¸Šâ˜ºí ½í¸‰í ½í¸í ½í¸˜í ½í¸ší ½í¸ªí ½í¸¥í ½í¸°í ½í¸“í ½í¸¨í ½í¸±í ½í¸ ; FromIndex: 29; ToIndex: -1; ScrollX: -1; ScrollY: -1; MaxScrollX: -1; MaxScrollY: -1; AddedCount: 2; RemovedCount: 0; ParcelableData: null ]; recordCount: 0
10-15 15:40:38.004 D/UiAutomatorBridge(14498): EventType: TYPE_VIEW_TEXT_CHANGED; EventTime: 19923824; PackageName: com.quad; MovementGranularity: 0; Action: 0 [ ClassName: android.widget.EditText; Text: [í ½í¸„í ½í¸ƒí ½í¸Šâ˜ºí ½í¸‰í ½í¸í ½í¸˜í ½í¸ší ½í¸ªí ½í¸¥í ½í¸°í ½í¸“í ½í¸¨í ½í¸±í ½í¸ í ½í¸¡]; ContentDescription: null; ItemCount: -1; CurrentItemIndex: -1; IsEnabled: true; IsPassword: false; IsChecked: false; IsFullScreen: false; Scrollable: false; BeforeText: í ½í¸„í ½í¸ƒí ½í¸Šâ˜ºí ½í¸‰í ½í¸í ½í¸˜í ½í¸ší ½í¸ªí ½í¸¥í ½í¸°í ½í¸“í ½í¸¨í ½í¸±í ½í¸ í ½í¸¡; FromIndex: 29; ToIndex: -1; ScrollX: -1; ScrollY: -1; MaxScrollX: -1; MaxScrollY: -1; AddedCount: 2; RemovedCount: 2; ParcelableData: null ]; recordCount: 0
10-15 15:40:38.009 D/UiAutomatorBridge(14498): EventType: TYPE_VIEW_TEXT_SELECTION_CHANGED; EventTime: 19923833; PackageName: com.quad; MovementGranularity: 0; Action: 0 [ ClassName: android.widget.EditText; Text: [í ½í¸„í ½í¸ƒí ½í¸Šâ˜ºí ½í¸‰í ½í¸í ½í¸˜í ½í¸ší ½í¸ªí ½í¸¥í ½í¸°í ½í¸“í ½í¸¨í ½í¸±í ½í¸ í ½í¸¡]; ContentDescription: null; ItemCount: 31; CurrentItemIndex: -1; IsEnabled: true; IsPassword: false; IsChecked: false; IsFullScreen: false; Scrollable: false; BeforeText: null; FromIndex: 31; ToIndex: 31; ScrollX: -1; ScrollY: -1; MaxScrollX: -1; MaxScrollY: -1; AddedCount: -1; RemovedCount: -1; ParcelableData: null ]; recordCount: 0
10-15 15:40:38.184 D/UiAutomatorBridge(14498): EventType: TYPE_WINDOW_CONTENT_CHANGED; EventTime: 19924007; PackageName: com.quad; MovementGranularity: 0; Action: 0 [ ClassName: android.widget.FrameLayout; Text: []; ContentDescription: null; ItemCount: -1; CurrentItemIndex: -1; IsEnabled: true; IsPassword: false; IsChecked: false; IsFullScreen: false; Scrollable: false; BeforeText: null; FromIndex: -1; ToIndex: -1; ScrollX: -1; ScrollY: -1; MaxScrollX: -1; MaxScrollY: -1; AddedCount: -1; RemovedCount: -1; ParcelableData: null ]; recordCount: 0
10-15 15:40:38.689 D/InteractionController(14498): scrollSwipe (380, 925, 200, 925, 5)
10-15 15:40:38.689 I/InputDispatcher( 2007): Delivering touch to current input target: action: 0x0
10-15 15:40:38.689 I/InputDispatcher( 2007): Delivering touch to current input target: action: 0x0
10-15 15:40:38.689 I/InputDispatcher( 2007): Delivering touch to current input target: action: 0x0
10-15 15:40:38.689 I/InputDispatcher( 2007): Delivering touch to current input target: action: 0x0
10-15 15:40:38.689 I/InputDispatcher( 2007): Delivering touch to current input target: action: 0x0
10-15 15:40:38.819 I/InputDispatcher( 2007): Delivering touch to current input target: action: 0x1
10-15 15:40:38.819 I/InputDispatcher( 2007): Delivering touch to current input target: action: 0x1
10-15 15:40:38.819 I/InputDispatcher( 2007): Delivering touch to current input target: action: 0x1
10-15 15:40:38.819 I/InputDispatcher( 2007): Delivering touch to current input target: action: 0x1
10-15 15:40:38.819 I/InputDispatcher( 2007): Delivering touch to current input target: action: 0x1
10-15 15:40:38.859 D/UiAutomatorBridge(14498): EventType: TYPE_VIEW_SCROLLED; EventTime: 19924687; PackageName: com.quad; MovementGranularity: 0; Action: 0 [ ClassName: android.support.v4.view.ViewPager; Text: []; ContentDescription: null; ItemCount: -1; CurrentItemIndex: -1; IsEnabled: true; IsPassword: false; IsChecked: false; IsFullScreen: false; Scrollable: false; BeforeText: null; FromIndex: -1; ToIndex: -1; ScrollX: -1; ScrollY: -1; MaxScrollX: -1; MaxScrollY: -1; AddedCount: -1; RemovedCount: -1; ParcelableData: null ]; recordCount: 0
10-15 15:40:38.999 D/UiAutomatorBridge(14498): EventType: TYPE_VIEW_SCROLLED; EventTime: 19924827; PackageName: com.quad; MovementGranularity: 0; Action: 0 [ ClassName: android.support.v4.view.ViewPager; Text: []; ContentDescription: null; ItemCount: -1; CurrentItemIndex: -1; IsEnabled: true; IsPassword: false; IsChecked: false; IsFullScreen: false; Scrollable: false; BeforeText: null; FromIndex: -1; ToIndex: -1; ScrollX: -1; ScrollY: -1; MaxScrollX: -1; MaxScrollY: -1; AddedCount: -1; RemovedCount: -1; ParcelableData: null ]; recordCount: 0
10-15 15:40:39.129 D/UiAutomatorBridge(14498): EventType: TYPE_VIEW_SCROLLED; EventTime: 19924950; PackageName: com.quad; MovementGranularity: 0; Action: 0 [ ClassName: android.support.v4.view.ViewPager; Text: []; ContentDescription: null; ItemCount: -1; CurrentItemIndex: -1; IsEnabled: true; IsPassword: false; IsChecked: false; IsFullScreen: false; Scrollable: false; BeforeText: null; FromIndex: -1; ToIndex: -1; ScrollX: -1; ScrollY: -1; MaxScrollX: -1; MaxScrollY: -1; AddedCount: -1; RemovedCount: -1; ParcelableData: null ]; recordCount: 0
10-15 15:40:39.249 D/UiAutomatorBridge(14498): EventType: TYPE_VIEW_SCROLLED; EventTime: 19925075; PackageName: com.quad; MovementGranularity: 0; Action: 0 [ ClassName: android.support.v4.view.ViewPager; Text: []; ContentDescription: null; ItemCount: -1; CurrentItemIndex: -1; IsEnabled: true; IsPassword: false; IsChecked: false; IsFullScreen: false; Scrollable: false; BeforeText: null; FromIndex: -1; ToIndex: -1; ScrollX: -1; ScrollY: -1; MaxScrollX: -1; MaxScrollY: -1; AddedCount: -1; RemovedCount: -1; ParcelableData: null ]; recordCount: 0
10-15 15:40:39.364 D/UiAutomatorBridge(14498): EventType: TYPE_VIEW_SCROLLED; EventTime: 19925189; PackageName: com.quad; MovementGranularity: 0; Action: 0 [ ClassName: android.support.v4.view.ViewPager; Text: []; ContentDescription: null; ItemCount: -1; CurrentItemIndex: -1; IsEnabled: true; IsPassword: false; IsChecked: false; IsFullScreen: false; Scrollable: false; BeforeText: null; FromIndex: -1; ToIndex: -1; ScrollX: -1; ScrollY: -1; MaxScrollX: -1; MaxScrollY: -1; AddedCount: -1; RemovedCount: -1; ParcelableData: null ]; recordCount: 0
10-15 15:40:39.609 D/UiAutomatorBridge(14498): EventType: TYPE_VIEW_SCROLLED; EventTime: 19925435; PackageName: com.quad; MovementGranularity: 0; Action: 0 [ ClassName: android.widget.GridView; Text: []; ContentDescription: null; ItemCount: 21; CurrentItemIndex: -1; IsEnabled: true; IsPassword: false; IsChecked: false; IsFullScreen: false; Scrollable: false; BeforeText: null; FromIndex: 0; ToIndex: 20; ScrollX: -1; ScrollY: -1; MaxScrollX: -1; MaxScrollY: -1; AddedCount: -1; RemovedCount: -1; ParcelableData: null ]; recordCount: 0
10-15 15:40:39.609 D/UiAutomatorBridge(14498): EventType: TYPE_WINDOW_CONTENT_CHANGED; EventTime: 19925435; PackageName: com.quad; MovementGranularity: 0; Action: 0 [ ClassName: android.widget.FrameLayout; Text: []; ContentDescription: null; ItemCount: -1; CurrentItemIndex: -1; IsEnabled: true; IsPassword: false; IsChecked: false; IsFullScreen: false; Scrollable: false; BeforeText: null; FromIndex: -1; ToIndex: -1; ScrollX: -1; ScrollY: -1; MaxScrollX: -1; MaxScrollY: -1; AddedCount: -1; RemovedCount: -1; ParcelableData: null ]; recordCount: 0
10-15 15:40:40.184 W/PowerManagerService( 2007): Timer 0x3->0x3|0x0
10-15 15:40:40.269 I/QueryController(14498): Matched selector: UiSelector[CLASS=android.widget.GridView, INSTANCE=0, CHILD=UiSelector[CLASS=android.widget.ImageView, INDEX=0]] <<==>> [android.view.accessibility.AccessibilityNodeInfo@58aed; boundsInParent: Rect(0, 0 - 106, 106); boundsInScreen: Rect(17, 844 - 123, 950); packageName: com.quad; className: android.widget.ImageView; text: null; contentDescription: null; checkable: false; checked: false; focusable: false; focused: false; selected: false; clickable: true; longClickable: false; enabled: true; password: false; scrollable: false; [ACTION_SELECT, ACTION_CLEAR_SELECTION, ACTION_CLICK, ACTION_ACCESSIBILITY_FOCUS]]
10-15 15:40:40.294 I/QueryController(14498): Matched selector: UiSelector[CLASS=android.widget.GridView, INSTANCE=0, CHILD=UiSelector[CLASS=android.widget.ImageView, INDEX=0]] <<==>> [android.view.accessibility.AccessibilityNodeInfo@58aed; boundsInParent: Rect(0, 0 - 106, 106); boundsInScreen: Rect(17, 844 - 123, 950); packageName: com.quad; className: android.widget.ImageView; text: null; contentDescription: null; checkable: false; checked: false; focusable: false; focused: false; selected: false; clickable: true; longClickable: false; enabled: true; password: false; scrollable: false; [ACTION_SELECT, ACTION_CLEAR_SELECTION, ACTION_CLICK, ACTION_ACCESSIBILITY_FOCUS]]
10-15 15:40:40.294 D/InteractionController(14498): click (70, 897)
10-15 15:40:40.294 I/InputDispatcher( 2007): Delivering touch to current input target: action: 0x0
10-15 15:40:40.294 I/InputDispatcher( 2007): Delivering touch to current input target: action: 0x0
10-15 15:40:40.294 I/InputDispatcher( 2007): Delivering touch to current input target: action: 0x0
10-15 15:40:40.294 I/InputDispatcher( 2007): Delivering touch to current input target: action: 0x0
10-15 15:40:40.294 I/InputDispatcher( 2007): Delivering touch to current input target: action: 0x0
10-15 15:40:40.404 I/InputDispatcher( 2007): Delivering touch to current input target: action: 0x1
10-15 15:40:40.404 I/InputDispatcher( 2007): Delivering touch to current input target: action: 0x1
10-15 15:40:40.404 I/InputDispatcher( 2007): Delivering touch to current input target: action: 0x1
10-15 15:40:40.404 I/InputDispatcher( 2007): Delivering touch to current input target: action: 0x1
10-15 15:40:40.404 I/InputDispatcher( 2007): Delivering touch to current input target: action: 0x1
10-15 15:40:40.449 D/UiAutomatorBridge(14498): EventType: TYPE_VIEW_CLICKED; EventTime: 19926273; PackageName: com.quad; MovementGranularity: 0; Action: 0 [ ClassName: android.widget.ImageView; Text: []; ContentDescription: null; ItemCount: -1; CurrentItemIndex: -1; IsEnabled: true; IsPassword: false; IsChecked: false; IsFullScreen: false; Scrollable: false; BeforeText: null; FromIndex: -1; ToIndex: -1; ScrollX: -1; ScrollY: -1; MaxScrollX: -1; MaxScrollY: -1; AddedCount: -1; RemovedCount: -1; ParcelableData: null ]; recordCount: 1
10-15 15:40:40.459 D/UiAutomatorBridge(14498): EventType: TYPE_VIEW_TEXT_CHANGED; EventTime: 19926285; PackageName: com.quad; MovementGranularity: 0; Action: 0 [ ClassName: android.widget.EditText; Text: [í ½í¸„í ½í¸ƒí ½í¸Šâ˜ºí ½í¸‰í ½í¸í ½í¸˜í ½í¸ší ½í¸ªí ½í¸¥í ½í¸°í ½í¸“í ½í¸¨í ½í¸±í ½í¸ í ½í¸¡í ½í²¨]; ContentDescription: null; ItemCount: -1; CurrentItemIndex: -1; IsEnabled: true; IsPassword: false; IsChecked: false; IsFullScreen: false; Scrollable: false; BeforeText: í ½í¸„í ½í¸ƒí ½í¸Šâ˜ºí ½í¸‰í ½í¸í ½í¸˜í ½í¸ší ½í¸ªí ½í¸¥í ½í¸°í ½í¸“í ½í¸¨í ½í¸±í ½í¸ í ½í¸¡; FromIndex: 31; ToIndex: -1; ScrollX: -1; ScrollY: -1; MaxScrollX: -1; MaxScrollY: -1; AddedCount: 2; RemovedCount: 0; ParcelableData: null ]; recordCount: 0
10-15 15:40:40.474 D/UiAutomatorBridge(14498): EventType: TYPE_VIEW_TEXT_CHANGED; EventTime: 19926297; PackageName: com.quad; MovementGranularity: 0; Action: 0 [ ClassName: android.widget.EditText; Text: [í ½í¸„í ½í¸ƒí ½í¸Šâ˜ºí ½í¸‰í ½í¸í ½í¸˜í ½í¸ší ½í¸ªí ½í¸¥í ½í¸°í ½í¸“í ½í¸¨í ½í¸±í ½í¸ í ½í¸¡í ½í²¨]; ContentDescription: null; ItemCount: -1; CurrentItemIndex: -1; IsEnabled: true; IsPassword: false; IsChecked: false; IsFullScreen: false; Scrollable: false; BeforeText: í ½í¸„í ½í¸ƒí ½í¸Šâ˜ºí ½í¸‰í ½í¸í ½í¸˜í ½í¸ší ½í¸ªí ½í¸¥í ½í¸°í ½í¸“í ½í¸¨í ½í¸±í ½í¸ í ½í¸¡í ½í²¨; FromIndex: 31; ToIndex: -1; ScrollX: -1; ScrollY: -1; MaxScrollX: -1; MaxScrollY: -1; AddedCount: 2; RemovedCount: 2; ParcelableData: null ]; recordCount: 0
10-15 15:40:40.479 D/UiAutomatorBridge(14498): EventType: TYPE_VIEW_TEXT_SELECTION_CHANGED; EventTime: 19926303; PackageName: com.quad; MovementGranularity: 0; Action: 0 [ ClassName: android.widget.EditText; Text: [í ½í¸„í ½í¸ƒí ½í¸Šâ˜ºí ½í¸‰í ½í¸í ½í¸˜í ½í¸ší ½í¸ªí ½í¸¥í ½í¸°í ½í¸“í ½í¸¨í ½í¸±í ½í¸ í ½í¸¡í ½í²¨]; ContentDescription: null; ItemCount: 33; CurrentItemIndex: -1; IsEnabled: true; IsPassword: false; IsChecked: false; IsFullScreen: false; Scrollable: false; BeforeText: null; FromIndex: 33; ToIndex: 33; ScrollX: -1; ScrollY: -1; MaxScrollX: -1; MaxScrollY: -1; AddedCount: -1; RemovedCount: -1; ParcelableData: null ]; recordCount: 0
10-15 15:40:40.614 D/UiAutomatorBridge(14498): EventType: TYPE_WINDOW_CONTENT_CHANGED; EventTime: 19926437; PackageName: com.quad; MovementGranularity: 0; Action: 0 [ ClassName: android.widget.FrameLayout; Text: []; ContentDescription: null; ItemCount: -1; CurrentItemIndex: -1; IsEnabled: true; IsPassword: false; IsChecked: false; IsFullScreen: false; Scrollable: false; BeforeText: null; FromIndex: -1; ToIndex: -1; ScrollX: -1; ScrollY: -1; MaxScrollX: -1; MaxScrollY: -1; AddedCount: -1; RemovedCount: -1; ParcelableData: null ]; recordCount: 0
10-15 15:40:41.219 D/STATUSBAR-NetworkController( 2126): refreshSignalCluster: data=-1 bt=false
10-15 15:40:41.259 I/QueryController(14498): Matched selector: UiSelector[CLASS=android.widget.GridView, INSTANCE=0, CHILD=UiSelector[CLASS=android.widget.ImageView, INDEX=1]] <<==>> [android.view.accessibility.AccessibilityNodeInfo@58eae; boundsInParent: Rect(0, 0 - 106, 106); boundsInScreen: Rect(126, 844 - 232, 950); packageName: com.quad; className: android.widget.ImageView; text: null; contentDescription: null; checkable: false; checked: false; focusable: false; focused: false; selected: false; clickable: true; longClickable: false; enabled: true; password: false; scrollable: false; [ACTION_SELECT, ACTION_CLEAR_SELECTION, ACTION_CLICK, ACTION_ACCESSIBILITY_FOCUS]]
10-15 15:40:41.279 I/QueryController(14498): Matched selector: UiSelector[CLASS=android.widget.GridView, INSTANCE=0, CHILD=UiSelector[CLASS=android.widget.ImageView, INDEX=1]] <<==>> [android.view.accessibility.AccessibilityNodeInfo@58eae; boundsInParent: Rect(0, 0 - 106, 106); boundsInScreen: Rect(126, 844 - 232, 950); packageName: com.quad; className: android.widget.ImageView; text: null; contentDescription: null; checkable: false; checked: false; focusable: false; focused: false; selected: false; clickable: true; longClickable: false; enabled: true; password: false; scrollable: false; [ACTION_SELECT, ACTION_CLEAR_SELECTION, ACTION_CLICK, ACTION_ACCESSIBILITY_FOCUS]]
10-15 15:40:41.279 D/InteractionController(14498): click (179, 897)
10-15 15:40:41.279 I/InputDispatcher( 2007): Delivering touch to current input target: action: 0x0
10-15 15:40:41.279 I/InputDispatcher( 2007): Delivering touch to current input target: action: 0x0
10-15 15:40:41.279 I/InputDispatcher( 2007): Delivering touch to current input target: action: 0x0
10-15 15:40:41.279 I/InputDispatcher( 2007): Delivering touch to current input target: action: 0x0
10-15 15:40:41.279 I/InputDispatcher( 2007): Delivering touch to current input target: action: 0x0
10-15 15:40:41.389 I/InputDispatcher( 2007): Delivering touch to current input target: action: 0x1
10-15 15:40:41.389 I/InputDispatcher( 2007): Delivering touch to current input target: action: 0x1
10-15 15:40:41.389 I/InputDispatcher( 2007): Delivering touch to current input target: action: 0x1
10-15 15:40:41.389 I/InputDispatcher( 2007): Delivering touch to current input target: action: 0x1
10-15 15:40:41.389 I/InputDispatcher( 2007): Delivering touch to current input target: action: 0x1
10-15 15:40:41.404 D/UiAutomatorBridge(14498): EventType: TYPE_VIEW_CLICKED; EventTime: 19927231; PackageName: com.quad; MovementGranularity: 0; Action: 0 [ ClassName: android.widget.ImageView; Text: []; ContentDescription: null; ItemCount: -1; CurrentItemIndex: -1; IsEnabled: true; IsPassword: false; IsChecked: false; IsFullScreen: false; Scrollable: false; BeforeText: null; FromIndex: -1; ToIndex: -1; ScrollX: -1; ScrollY: -1; MaxScrollX: -1; MaxScrollY: -1; AddedCount: -1; RemovedCount: -1; ParcelableData: null ]; recordCount: 1
10-15 15:40:41.419 D/UiAutomatorBridge(14498): EventType: TYPE_VIEW_TEXT_CHANGED; EventTime: 19927237; PackageName: com.quad; MovementGranularity: 0; Action: 0 [ ClassName: android.widget.EditText; Text: [í ½í¸„í ½í¸ƒí ½í¸Šâ˜ºí ½í¸‰í ½í¸í ½í¸˜í ½í¸ší ½í¸ªí ½í¸¥í ½í¸°í ½í¸“í ½í¸¨í ½í¸±í ½í¸ í ½í¸¡í ½í²¨í ½í±]; ContentDescription: null; ItemCount: -1; CurrentItemIndex: -1; IsEnabled: true; IsPassword: false; IsChecked: false; IsFullScreen: false; Scrollable: false; BeforeText: í ½í¸„í ½í¸ƒí ½í¸Šâ˜ºí ½í¸‰í ½í¸í ½í¸˜í ½í¸ší ½í¸ªí ½í¸¥í ½í¸°í ½í¸“í ½í¸¨í ½í¸±í ½í¸ í ½í¸¡í ½í²¨; FromIndex: 33; ToIndex: -1; ScrollX: -1; ScrollY: -1; MaxScrollX: -1; MaxScrollY: -1; AddedCount: 2; RemovedCount: 0; ParcelableData: null ]; recordCount: 0
10-15 15:40:41.424 D/UiAutomatorBridge(14498): EventType: TYPE_VIEW_TEXT_CHANGED; EventTime: 19927253; PackageName: com.quad; MovementGranularity: 0; Action: 0 [ ClassName: android.widget.EditText; Text: [í ½í¸„í ½í¸ƒí ½í¸Šâ˜ºí ½í¸‰í ½í¸í ½í¸˜í ½í¸ší ½í¸ªí ½í¸¥í ½í¸°í ½í¸“í ½í¸¨í ½í¸±í ½í¸ í ½í¸¡í ½í²¨í ½í±]; ContentDescription: null; ItemCount: -1; CurrentItemIndex: -1; IsEnabled: true; IsPassword: false; IsChecked: false; IsFullScreen: false; Scrollable: false; BeforeText: í ½í¸„í ½í¸ƒí ½í¸Šâ˜ºí ½í¸‰í ½í¸í ½í¸˜í ½í¸ší ½í¸ªí ½í¸¥í ½í¸°í ½í¸“í ½í¸¨í ½í¸±í ½í¸ í ½í¸¡í ½í²¨í ½í±; FromIndex: 33; ToIndex: -1; ScrollX: -1; ScrollY: -1; MaxScrollX: -1; MaxScrollY: -1; AddedCount: 2; RemovedCount: 2; ParcelableData: null ]; recordCount: 0
